../USB_DEVICE/Target/usbd_conf.c:69:6:HAL_PCD_MspInit	120	static
../USB_DEVICE/Target/usbd_conf.c:99:6:HAL_PCD_MspDeInit	16	static
../USB_DEVICE/Target/usbd_conf.c:126:6:HAL_PCD_SetupStageCallback	16	static
../USB_DEVICE/Target/usbd_conf.c:141:6:HAL_PCD_DataOutStageCallback	16	static
../USB_DEVICE/Target/usbd_conf.c:156:6:HAL_PCD_DataInStageCallback	16	static
../USB_DEVICE/Target/usbd_conf.c:170:6:HAL_PCD_SOFCallback	16	static
../USB_DEVICE/Target/usbd_conf.c:184:6:HAL_PCD_ResetCallback	24	static
../USB_DEVICE/Target/usbd_conf.c:209:6:HAL_PCD_SuspendCallback	16	static
../USB_DEVICE/Target/usbd_conf.c:233:6:HAL_PCD_ResumeCallback	16	static
../USB_DEVICE/Target/usbd_conf.c:257:6:HAL_PCD_ISOOUTIncompleteCallback	16	static
../USB_DEVICE/Target/usbd_conf.c:272:6:HAL_PCD_ISOINIncompleteCallback	16	static
../USB_DEVICE/Target/usbd_conf.c:286:6:HAL_PCD_ConnectCallback	16	static
../USB_DEVICE/Target/usbd_conf.c:300:6:HAL_PCD_DisconnectCallback	16	static
../USB_DEVICE/Target/usbd_conf.c:315:20:USBD_LL_Init	16	static
../USB_DEVICE/Target/usbd_conf.c:369:20:USBD_LL_DeInit	24	static
../USB_DEVICE/Target/usbd_conf.c:401:20:USBD_LL_Start	24	static
../USB_DEVICE/Target/usbd_conf.c:433:20:USBD_LL_Stop	24	static
../USB_DEVICE/Target/usbd_conf.c:468:20:USBD_LL_OpenEP	24	static
../USB_DEVICE/Target/usbd_conf.c:501:20:USBD_LL_CloseEP	24	static
../USB_DEVICE/Target/usbd_conf.c:534:20:USBD_LL_FlushEP	24	static
../USB_DEVICE/Target/usbd_conf.c:567:20:USBD_LL_StallEP	24	static
../USB_DEVICE/Target/usbd_conf.c:600:20:USBD_LL_ClearStallEP	24	static
../USB_DEVICE/Target/usbd_conf.c:633:9:USBD_LL_IsStallEP	24	static
../USB_DEVICE/Target/usbd_conf.c:653:20:USBD_LL_SetUSBAddress	24	static
../USB_DEVICE/Target/usbd_conf.c:688:20:USBD_LL_Transmit	32	static
../USB_DEVICE/Target/usbd_conf.c:723:20:USBD_LL_PrepareReceive	32	static
../USB_DEVICE/Target/usbd_conf.c:756:10:USBD_LL_GetRxDataSize	16	static
../USB_DEVICE/Target/usbd_conf.c:766:6:USBD_LL_Delay	16	static
../USB_DEVICE/Target/usbd_conf.c:776:7:USBD_static_malloc	16	static
../USB_DEVICE/Target/usbd_conf.c:797:6:USBD_static_free	16	static
../USB_DEVICE/Target/usbd_conf.c:808:13:SystemClockConfig_Resume	8	static
