Archive member included to satisfy reference by file (symbol)

C:\Users\yosaha\STM32Cube\Repository\STM32Cube_FW_L4_V1.18.0\Drivers\CMSIS\DSP\Lib\GCC\libarm_cortexM4lf_math.a(arm_fir_interpolate_init_f32.o)
                              ./Core/Src/main.o (arm_fir_interpolate_init_f32)
C:/ST/STM32CubeIDE_1.19.0/STM32CubeIDE/plugins/com.st.stm32cube.ide.mcu.externaltools.gnu-tools-for-stm32.13.3.rel1.win32_1.0.0.202411081344/tools/bin/../lib/gcc/arm-none-eabi/13.3.1/../../../../arm-none-eabi/lib/thumb/v7e-m+fp/hard\libc_nano.a(libc_a-exit.o)
                              C:/ST/STM32CubeIDE_1.19.0/STM32CubeIDE/plugins/com.st.stm32cube.ide.mcu.externaltools.gnu-tools-for-stm32.13.3.rel1.win32_1.0.0.202411081344/tools/bin/../lib/gcc/arm-none-eabi/13.3.1/../../../../arm-none-eabi/lib/thumb/v7e-m+fp/hard/crt0.o (exit)
C:/ST/STM32CubeIDE_1.19.0/STM32CubeIDE/plugins/com.st.stm32cube.ide.mcu.externaltools.gnu-tools-for-stm32.13.3.rel1.win32_1.0.0.202411081344/tools/bin/../lib/gcc/arm-none-eabi/13.3.1/../../../../arm-none-eabi/lib/thumb/v7e-m+fp/hard\libc_nano.a(libc_a-findfp.o)
                              C:/ST/STM32CubeIDE_1.19.0/STM32CubeIDE/plugins/com.st.stm32cube.ide.mcu.externaltools.gnu-tools-for-stm32.13.3.rel1.win32_1.0.0.202411081344/tools/bin/../lib/gcc/arm-none-eabi/13.3.1/../../../../arm-none-eabi/lib/thumb/v7e-m+fp/hard\libc_nano.a(libc_a-exit.o) (__stdio_exit_handler)
C:/ST/STM32CubeIDE_1.19.0/STM32CubeIDE/plugins/com.st.stm32cube.ide.mcu.externaltools.gnu-tools-for-stm32.13.3.rel1.win32_1.0.0.202411081344/tools/bin/../lib/gcc/arm-none-eabi/13.3.1/../../../../arm-none-eabi/lib/thumb/v7e-m+fp/hard\libc_nano.a(libc_a-fwalk.o)
                              C:/ST/STM32CubeIDE_1.19.0/STM32CubeIDE/plugins/com.st.stm32cube.ide.mcu.externaltools.gnu-tools-for-stm32.13.3.rel1.win32_1.0.0.202411081344/tools/bin/../lib/gcc/arm-none-eabi/13.3.1/../../../../arm-none-eabi/lib/thumb/v7e-m+fp/hard\libc_nano.a(libc_a-findfp.o) (_fwalk_sglue)
C:/ST/STM32CubeIDE_1.19.0/STM32CubeIDE/plugins/com.st.stm32cube.ide.mcu.externaltools.gnu-tools-for-stm32.13.3.rel1.win32_1.0.0.202411081344/tools/bin/../lib/gcc/arm-none-eabi/13.3.1/../../../../arm-none-eabi/lib/thumb/v7e-m+fp/hard\libc_nano.a(libc_a-stdio.o)
                              C:/ST/STM32CubeIDE_1.19.0/STM32CubeIDE/plugins/com.st.stm32cube.ide.mcu.externaltools.gnu-tools-for-stm32.13.3.rel1.win32_1.0.0.202411081344/tools/bin/../lib/gcc/arm-none-eabi/13.3.1/../../../../arm-none-eabi/lib/thumb/v7e-m+fp/hard\libc_nano.a(libc_a-findfp.o) (__sread)
C:/ST/STM32CubeIDE_1.19.0/STM32CubeIDE/plugins/com.st.stm32cube.ide.mcu.externaltools.gnu-tools-for-stm32.13.3.rel1.win32_1.0.0.202411081344/tools/bin/../lib/gcc/arm-none-eabi/13.3.1/../../../../arm-none-eabi/lib/thumb/v7e-m+fp/hard\libc_nano.a(libc_a-memset.o)
                              C:/ST/STM32CubeIDE_1.19.0/STM32CubeIDE/plugins/com.st.stm32cube.ide.mcu.externaltools.gnu-tools-for-stm32.13.3.rel1.win32_1.0.0.202411081344/tools/bin/../lib/gcc/arm-none-eabi/13.3.1/../../../../arm-none-eabi/lib/thumb/v7e-m+fp/hard/crt0.o (memset)
C:/ST/STM32CubeIDE_1.19.0/STM32CubeIDE/plugins/com.st.stm32cube.ide.mcu.externaltools.gnu-tools-for-stm32.13.3.rel1.win32_1.0.0.202411081344/tools/bin/../lib/gcc/arm-none-eabi/13.3.1/../../../../arm-none-eabi/lib/thumb/v7e-m+fp/hard\libc_nano.a(libc_a-closer.o)
                              C:/ST/STM32CubeIDE_1.19.0/STM32CubeIDE/plugins/com.st.stm32cube.ide.mcu.externaltools.gnu-tools-for-stm32.13.3.rel1.win32_1.0.0.202411081344/tools/bin/../lib/gcc/arm-none-eabi/13.3.1/../../../../arm-none-eabi/lib/thumb/v7e-m+fp/hard\libc_nano.a(libc_a-stdio.o) (_close_r)
C:/ST/STM32CubeIDE_1.19.0/STM32CubeIDE/plugins/com.st.stm32cube.ide.mcu.externaltools.gnu-tools-for-stm32.13.3.rel1.win32_1.0.0.202411081344/tools/bin/../lib/gcc/arm-none-eabi/13.3.1/../../../../arm-none-eabi/lib/thumb/v7e-m+fp/hard\libc_nano.a(libc_a-reent.o)
                              C:/ST/STM32CubeIDE_1.19.0/STM32CubeIDE/plugins/com.st.stm32cube.ide.mcu.externaltools.gnu-tools-for-stm32.13.3.rel1.win32_1.0.0.202411081344/tools/bin/../lib/gcc/arm-none-eabi/13.3.1/../../../../arm-none-eabi/lib/thumb/v7e-m+fp/hard\libc_nano.a(libc_a-closer.o) (errno)
C:/ST/STM32CubeIDE_1.19.0/STM32CubeIDE/plugins/com.st.stm32cube.ide.mcu.externaltools.gnu-tools-for-stm32.13.3.rel1.win32_1.0.0.202411081344/tools/bin/../lib/gcc/arm-none-eabi/13.3.1/../../../../arm-none-eabi/lib/thumb/v7e-m+fp/hard\libc_nano.a(libc_a-impure.o)
                              C:/ST/STM32CubeIDE_1.19.0/STM32CubeIDE/plugins/com.st.stm32cube.ide.mcu.externaltools.gnu-tools-for-stm32.13.3.rel1.win32_1.0.0.202411081344/tools/bin/../lib/gcc/arm-none-eabi/13.3.1/../../../../arm-none-eabi/lib/thumb/v7e-m+fp/hard\libc_nano.a(libc_a-reent.o) (_impure_ptr)
[...]
Memory Configuration

Name             Origin             Length             Attributes
RAM              0x20000000         0x0000c000         xrw
RAM2             0x10000000         0x00004000         xrw
FLASH            0x08000000         0x00040000         xr
*default*        0x00000000         0xffffffff

Linker script and memory map

LOAD C:/ST/STM32CubeIDE_1.19.0/STM32CubeIDE/plugins/com.st.stm32cube.ide.mcu.externaltools.gnu-tools-for-stm32.13.3.rel1.win32_1.0.0.202411081344/tools/bin/../lib/gcc/arm-none-eabi/13.3.1/thumb/v7e-m+fp/hard/crti.o
LOAD C:/ST/STM32CubeIDE_1.19.0/STM32CubeIDE/plugins/com.st.stm32cube.ide.mcu.externaltools.gnu-tools-for-stm32.13.3.rel1.win32_1.0.0.202411081344/tools/bin/../lib/gcc/arm-none-eabi/13.3.1/thumb/v7e-m+fp/hard/crtbegin.o
LOAD C:/ST/STM32CubeIDE_1.19.0/STM32CubeIDE/plugins/com.st.stm32cube.ide.mcu.externaltools.gnu-tools-for-stm32.13.3.rel1.win32_1.0.0.202411081344/tools/bin/../lib/gcc/arm-none-eabi/13.3.1/../../../../arm-none-eabi/lib/thumb/v7e-m+fp/hard/crt0.o
LOAD ./Core/Src/main.o
LOAD ./Core/Src/stm32l4xx_hal_msp.o
LOAD ./Core/Src/stm32l4xx_it.o
LOAD ./Core/Src/syscalls.o
LOAD ./Core/Src/sysmem.o
LOAD ./Core/Src/system_stm32l4xx.o
LOAD ./Core/Startup/startup_stm32l433rctx.o
LOAD ./Drivers/STM32L4xx_HAL_Driver/Src/stm32l4xx_hal.o
LOAD ./Drivers/STM32L4xx_HAL_Driver/Src/stm32l4xx_hal_cortex.o
LOAD ./Drivers/STM32L4xx_HAL_Driver/Src/stm32l4xx_hal_dma.o
LOAD ./Drivers/STM32L4xx_HAL_Driver/Src/stm32l4xx_hal_dma_ex.o
LOAD ./Drivers/STM32L4xx_HAL_Driver/Src/stm32l4xx_hal_exti.o
LOAD ./Drivers/STM32L4xx_HAL_Driver/Src/stm32l4xx_hal_flash.o
LOAD ./Drivers/STM32L4xx_HAL_Driver/Src/stm32l4xx_hal_flash_ex.o
LOAD ./Drivers/STM32L4xx_HAL_Driver/Src/stm32l4xx_hal_flash_ramfunc.o
LOAD ./Drivers/STM32L4xx_HAL_Driver/Src/stm32l4xx_hal_gpio.o
LOAD ./Drivers/STM32L4xx_HAL_Driver/Src/stm32l4xx_hal_i2c.o
LOAD ./Drivers/STM32L4xx_HAL_Driver/Src/stm32l4xx_hal_i2c_ex.o
LOAD ./Drivers/STM32L4xx_HAL_Driver/Src/stm32l4xx_hal_pcd.o
LOAD ./Drivers/STM32L4xx_HAL_Driver/Src/stm32l4xx_hal_pcd_ex.o
LOAD ./Drivers/STM32L4xx_HAL_Driver/Src/stm32l4xx_hal_pwr.o
LOAD ./Drivers/STM32L4xx_HAL_Driver/Src/stm32l4xx_hal_pwr_ex.o
LOAD ./Drivers/STM32L4xx_HAL_Driver/Src/stm32l4xx_hal_rcc.o
LOAD ./Drivers/STM32L4xx_HAL_Driver/Src/stm32l4xx_hal_rcc_ex.o
LOAD ./Drivers/STM32L4xx_HAL_Driver/Src/stm32l4xx_hal_sai.o
LOAD ./Drivers/STM32L4xx_HAL_Driver/Src/stm32l4xx_hal_sai_ex.o
LOAD ./Drivers/STM32L4xx_HAL_Driver/Src/stm32l4xx_ll_usb.o
LOAD ./Middlewares/ST/STM32_USB_Device_Library/Class/AUDIO/Src/usbd_audio.o
LOAD ./Middlewares/ST/STM32_USB_Device_Library/Core/Src/usbd_core.o
LOAD ./Middlewares/ST/STM32_USB_Device_Library/Core/Src/usbd_ctlreq.o
LOAD ./Middlewares/ST/STM32_USB_Device_Library/Core/Src/usbd_ioreq.o
LOAD ./USB_DEVICE/App/usb_device.o
LOAD ./USB_DEVICE/App/usbd_audio_if.o
LOAD ./USB_DEVICE/App/usbd_desc.o
LOAD ./USB_DEVICE/Target/usbd_conf.o
LOAD C:\Users\yosaha\STM32Cube\Repository\STM32Cube_FW_L4_V1.18.0\Drivers\CMSIS\DSP\Lib\GCC\libarm_cortexM4lf_math.a
START GROUP
LOAD C:/ST/STM32CubeIDE_1.19.0/STM32CubeIDE/plugins/com.st.stm32cube.ide.mcu.externaltools.gnu-tools-for-stm32.13.3.rel1.win32_1.0.0.202411081344/tools/bin/../lib/gcc/arm-none-eabi/13.3.1/../../../../arm-none-eabi/lib/thumb/v7e-m+fp/hard\libc_nano.a
LOAD C:/ST/STM32CubeIDE_1.19.0/STM32CubeIDE/plugins/com.st.stm32cube.ide.mcu.externaltools.gnu-tools-for-stm32.13.3.rel1.win32_1.0.0.202411081344/tools/bin/../lib/gcc/arm-none-eabi/13.3.1/../../../../arm-none-eabi/lib/thumb/v7e-m+fp/hard\libm.a
END GROUP
START GROUP
LOAD C:/ST/STM32CubeIDE_1.19.0/STM32CubeIDE/plugins/com.st.stm32cube.ide.mcu.externaltools.gnu-tools-for-stm32.13.3.rel1.win32_1.0.0.202411081344/tools/bin/../lib/gcc/arm-none-eabi/13.3.1/thumb/v7e-m+fp/hard\libgcc.a
LOAD C:/ST/STM32CubeIDE_1.19.0/STM32CubeIDE/plugins/com.st.stm32cube.ide.mcu.externaltools.gnu-tools-for-stm32.13.3.rel1.win32_1.0.0.202411081344/tools/bin/../lib/gcc/arm-none-eabi/13.3.1/../../../../arm-none-eabi/lib/thumb/v7e-m+fp/hard\libc_nano.a
END GROUP
START GROUP
LOAD C:/ST/STM32CubeIDE_1.19.0/STM32CubeIDE/plugins/com.st.stm32cube.ide.mcu.externaltools.gnu-tools-for-stm32.13.3.rel1.win32_1.0.0.202411081344/tools/bin/../lib/gcc/arm-none-eabi/13.3.1/thumb/v7e-m+fp/hard\libgcc.a
LOAD C:/ST/STM32CubeIDE_1.19.0/STM32CubeIDE/plugins/com.st.stm32cube.ide.mcu.externaltools.gnu-tools-for-stm32.13.3.rel1.win32_1.0.0.202411081344/tools/bin/../lib/gcc/arm-none-eabi/13.3.1/../../../../arm-none-eabi/lib/thumb/v7e-m+fp/hard\libc_nano.a
LOAD C:/ST/STM32CubeIDE_1.19.0/STM32CubeIDE/plugins/com.st.stm32cube.ide.mcu.externaltools.gnu-tools-for-stm32.13.3.rel1.win32_1.0.0.202411081344/tools/bin/../lib/gcc/arm-none-eabi/13.3.1/../../../../arm-none-eabi/lib/thumb/v7e-m+fp/hard\libnosys.a
END GROUP
START GROUP
LOAD C:/ST/STM32CubeIDE_1.19.0/STM32CubeIDE/plugins/com.st.stm32cube.ide.mcu.externaltools.gnu-tools-for-stm32.13.3.rel1.win32_1.0.0.202411081344/tools/bin/../lib/gcc/arm-none-eabi/13.3.1/thumb/v7e-m+fp/hard\libgcc.a
LOAD C:/ST/STM32CubeIDE_1.19.0/STM32CubeIDE/plugins/com.st.stm32cube.ide.mcu.externaltools.gnu-tools-for-stm32.13.3.rel1.win32_1.0.0.202411081344/tools/bin/../lib/gcc/arm-none-eabi/13.3.1/../../../../arm-none-eabi/lib/thumb/v7e-m+fp/hard\libc_nano.a
LOAD C:/ST/STM32CubeIDE_1.19.0/STM32CubeIDE/plugins/com.st.stm32cube.ide.mcu.externaltools.gnu-tools-for-stm32.13.3.rel1.win32_1.0.0.202411081344/tools/bin/../lib/gcc/arm-none-eabi/13.3.1/../../../../arm-none-eabi/lib/thumb/v7e-m+fp/hard\libnosys.a
END GROUP
LOAD C:/ST/STM32CubeIDE_1.19.0/STM32CubeIDE/plugins/com.st.stm32cube.ide.mcu.externaltools.gnu-tools-for-stm32.13.3.rel1.win32_1.0.0.202411081344/tools/bin/../lib/gcc/arm-none-eabi/13.3.1/thumb/v7e-m+fp/hard/crtend.o
LOAD C:/ST/STM32CubeIDE_1.19.0/STM32CubeIDE/plugins/com.st.stm32cube.ide.mcu.externaltools.gnu-tools-for-stm32.13.3.rel1.win32_1.0.0.202411081344/tools/bin/../lib/gcc/arm-none-eabi/13.3.1/thumb/v7e-m+fp/hard/crtn.o
                0x2000c000                        _estack = (ORIGIN (RAM) + LENGTH (RAM))
                0x00000800                        _Min_Heap_Size = 0x800
                0x00000800                        _Min_Stack_Size = 0x800

.isr_vector     0x08000000      0x18c
                0x08000000                        . = ALIGN (0x4)
 *(.isr_vector)
 .isr_vector    0x08000000      0x18c ./Core/Startup/startup_stm32l433rctx.o
                0x08000000                g_pfnVectors
                0x0800018c                        . = ALIGN (0x4)

.text           0x0800018c     0xa108
                0x0800018c                        . = ALIGN (0x4)
 *(.text)
 .text          0x0800018c       0x40 C:/ST/STM32CubeIDE_1.19.0/STM32CubeIDE/plugins/com.st.stm32cube.ide.mcu.externaltools.gnu-tools-for-stm32.13.3.rel1.win32_1.0.0.202411081344/tools/bin/../lib/gcc/arm-none-eabi/13.3.1/thumb/v7e-m+fp/hard/crtbegin.o
 *(.text*)
 .text.FillFromRing
                0x080001cc       0xa8 ./Core/Src/main.o
                0x080001cc                FillFromRing
 .text.HAL_SAI_TxHalfCpltCallback
                0x08000274       0x20 ./Core/Src/main.o
                0x08000274                HAL_SAI_TxHalfCpltCallback
 .text.HAL_SAI_TxCpltCallback
                0x08000294       0x20 ./Core/Src/main.o
                0x08000294                HAL_SAI_TxCpltCallback
 .text.main     0x080002b4       0xb4 ./Core/Src/main.o
                0x080002b4                main
 .text.SystemClock_Config
                0x08000368      0x100 ./Core/Src/main.o
                0x08000368                SystemClock_Config
 .text.MX_SAI1_Init
                0x08000468       0xb8 ./Core/Src/main.o
 .text.MX_DMA_Init
                0x08000520       0x3c ./Core/Src/main.o
 .text.MX_GPIO_Init
                0x0800055c       0xac ./Core/Src/main.o
 .text.Error_Handler
                0x08000608        0xc ./Core/Src/main.o
                0x08000608                Error_Handler
 .text.HAL_MspInit
                0x08000614       0x48 ./Core/Src/stm32l4xx_hal_msp.o
                0x08000614                HAL_MspInit
 .text.HAL_SAI_MspInit
                0x0800065c      0x138 ./Core/Src/stm32l4xx_hal_msp.o
                0x0800065c                HAL_SAI_MspInit
 .text.NMI_Handler
                0x08000794        0x8 ./Core/Src/stm32l4xx_it.o
                0x08000794                NMI_Handler
 .text.HardFault_Handler
                0x0800079c        0x8 ./Core/Src/stm32l4xx_it.o
                0x0800079c                HardFault_Handler
 .text.MemManage_Handler
                0x080007a4        0x8 ./Core/Src/stm32l4xx_it.o
                0x080007a4                MemManage_Handler
 .text.BusFault_Handler
                0x080007ac        0x8 ./Core/Src/stm32l4xx_it.o
                0x080007ac                BusFault_Handler
 .text.UsageFault_Handler
                0x080007b4        0x8 ./Core/Src/stm32l4xx_it.o
                0x080007b4                UsageFault_Handler
 .text.SVC_Handler
                0x080007bc        0xe ./Core/Src/stm32l4xx_it.o
                0x080007bc                SVC_Handler
 .text.DebugMon_Handler
                0x080007ca        0xe ./Core/Src/stm32l4xx_it.o
                0x080007ca                DebugMon_Handler
 .text.PendSV_Handler
                0x080007d8        0xe ./Core/Src/stm32l4xx_it.o
                0x080007d8                PendSV_Handler
 .text.SysTick_Handler
                0x080007e6        0xc ./Core/Src/stm32l4xx_it.o
                0x080007e6                SysTick_Handler
 *fill*         0x080007f2        0x2 
 .text.DMA2_Channel2_IRQHandler
                0x080007f4       0x14 ./Core/Src/stm32l4xx_it.o
                0x080007f4                DMA2_Channel2_IRQHandler
 .text.USB_IRQHandler
                0x08000808       0x14 ./Core/Src/stm32l4xx_it.o
                0x08000808                USB_IRQHandler
 .text.SystemInit
                0x0800081c       0x24 ./Core/Src/system_stm32l4xx.o
                0x0800081c                SystemInit
 .text.Reset_Handler
                0x08000840       0x50 ./Core/Startup/startup_stm32l433rctx.o
                0x08000840                Reset_Handler
 .text.Default_Handler
                0x08000890        0x2 ./Core/Startup/startup_stm32l433rctx.o
                0x08000890                RTC_Alarm_IRQHandler
                0x08000890                EXTI2_IRQHandler
                0x08000890                TIM1_CC_IRQHandler
                0x08000890                TSC_IRQHandler
                0x08000890                TAMP_STAMP_IRQHandler
                0x08000890                EXTI3_IRQHandler
                0x08000890                LPTIM2_IRQHandler
                0x08000890                I2C3_ER_IRQHandler
                0x08000890                EXTI0_IRQHandler
                0x08000890                I2C2_EV_IRQHandler
                0x08000890                CAN1_RX0_IRQHandler
                0x08000890                FPU_IRQHandler
                0x08000890                TIM1_UP_TIM16_IRQHandler
                0x08000890                SPI1_IRQHandler
                0x08000890                TIM6_DAC_IRQHandler
                0x08000890                DMA1_Channel4_IRQHandler
                0x08000890                ADC1_IRQHandler
                0x08000890                USART3_IRQHandler
                0x08000890                DMA1_Channel7_IRQHandler
                0x08000890                CAN1_RX1_IRQHandler
                0x08000890                LCD_IRQHandler
                0x08000890                DMA2_Channel1_IRQHandler
                0x08000890                QUADSPI_IRQHandler
                0x08000890                I2C1_EV_IRQHandler
                0x08000890                DMA1_Channel6_IRQHandler
                0x08000890                DMA2_Channel4_IRQHandler
                0x08000890                RCC_IRQHandler
                0x08000890                TIM1_TRG_COM_IRQHandler
                0x08000890                DMA1_Channel1_IRQHandler
                0x08000890                Default_Handler
                0x08000890                DMA2_Channel7_IRQHandler
                0x08000890                EXTI15_10_IRQHandler
                0x08000890                TIM7_IRQHandler
                0x08000890                SDMMC1_IRQHandler
                0x08000890                I2C3_EV_IRQHandler
                0x08000890                EXTI9_5_IRQHandler
                0x08000890                RTC_WKUP_IRQHandler
                0x08000890                PVD_PVM_IRQHandler
                0x08000890                SPI2_IRQHandler
                0x08000890                CAN1_TX_IRQHandler
                0x08000890                DMA2_Channel5_IRQHandler
                0x08000890                CRS_IRQHandler
                0x08000890                DMA1_Channel5_IRQHandler
                0x08000890                EXTI4_IRQHandler
                0x08000890                RNG_IRQHandler
                0x08000890                DMA1_Channel3_IRQHandler
                0x08000890                COMP_IRQHandler
                0x08000890                WWDG_IRQHandler
                0x08000890                LPUART1_IRQHandler
                0x08000890                DMA2_Channel6_IRQHandler
                0x08000890                TIM2_IRQHandler
                0x08000890                EXTI1_IRQHandler
                0x08000890                USART2_IRQHandler
                0x08000890                I2C2_ER_IRQHandler
                0x08000890                DMA1_Channel2_IRQHandler
                0x08000890                CAN1_SCE_IRQHandler
                0x08000890                FLASH_IRQHandler
                0x08000890                USART1_IRQHandler
                0x08000890                SPI3_IRQHandler
                0x08000890                I2C1_ER_IRQHandler
                0x08000890                SWPMI1_IRQHandler
                0x08000890                LPTIM1_IRQHandler
                0x08000890                SAI1_IRQHandler
                0x08000890                DMA2_Channel3_IRQHandler
                0x08000890                TIM1_BRK_TIM15_IRQHandler
 .text.HAL_Init
                0x08000892       0x30 ./Drivers/STM32L4xx_HAL_Driver/Src/stm32l4xx_hal.o
                0x08000892                HAL_Init
 *fill*         0x080008c2        0x2 
 .text.HAL_InitTick
                0x080008c4       0x78 ./Drivers/STM32L4xx_HAL_Driver/Src/stm32l4xx_hal.o
                0x080008c4                HAL_InitTick
 .text.HAL_IncTick
                0x0800093c       0x28 ./Drivers/STM32L4xx_HAL_Driver/Src/stm32l4xx_hal.o
                0x0800093c                HAL_IncTick
 .text.HAL_GetTick
                0x08000964       0x18 ./Drivers/STM32L4xx_HAL_Driver/Src/stm32l4xx_hal.o
                0x08000964                HAL_GetTick
 .text.HAL_Delay
                0x0800097c       0x48 ./Drivers/STM32L4xx_HAL_Driver/Src/stm32l4xx_hal.o
                0x0800097c                HAL_Delay
 .text.__NVIC_SetPriorityGrouping
                0x080009c4       0x48 ./Drivers/STM32L4xx_HAL_Driver/Src/stm32l4xx_hal_cortex.o
 .text.__NVIC_GetPriorityGrouping
                0x08000a0c       0x1c ./Drivers/STM32L4xx_HAL_Driver/Src/stm32l4xx_hal_cortex.o
 .text.__NVIC_EnableIRQ
                0x08000a28       0x3c ./Drivers/STM32L4xx_HAL_Driver/Src/stm32l4xx_hal_cortex.o
 .text.__NVIC_SetPriority
                0x08000a64       0x54 ./Drivers/STM32L4xx_HAL_Driver/Src/stm32l4xx_hal_cortex.o
 .text.NVIC_EncodePriority
                0x08000ab8       0x66 ./Drivers/STM32L4xx_HAL_Driver/Src/stm32l4xx_hal_cortex.o
 *fill*         0x08000b1e        0x2 
 .text.SysTick_Config
                0x08000b20       0x44 ./Drivers/STM32L4xx_HAL_Driver/Src/stm32l4xx_hal_cortex.o
 .text.HAL_NVIC_SetPriorityGrouping
                0x08000b64       0x16 ./Drivers/STM32L4xx_HAL_Driver/Src/stm32l4xx_hal_cortex.o
                0x08000b64                HAL_NVIC_SetPriorityGrouping
 .text.HAL_NVIC_SetPriority
                0x08000b7a       0x38 ./Drivers/STM32L4xx_HAL_Driver/Src/stm32l4xx_hal_cortex.o
                0x08000b7a                HAL_NVIC_SetPriority
 .text.HAL_NVIC_EnableIRQ
                0x08000bb2       0x1c ./Drivers/STM32L4xx_HAL_Driver/Src/stm32l4xx_hal_cortex.o
                0x08000bb2                HAL_NVIC_EnableIRQ
 .text.HAL_SYSTICK_Config
                0x08000bce       0x18 ./Drivers/STM32L4xx_HAL_Driver/Src/stm32l4xx_hal_cortex.o
                0x08000bce                HAL_SYSTICK_Config
 *fill*         0x08000be6        0x2 
 .text.HAL_DMA_Init
                0x08000be8      0x170 ./Drivers/STM32L4xx_HAL_Driver/Src/stm32l4xx_hal_dma.o
                0x08000be8                HAL_DMA_Init
 .text.HAL_DMA_Start_IT
                0x08000d58       0xc0 ./Drivers/STM32L4xx_HAL_Driver/Src/stm32l4xx_hal_dma.o
                0x08000d58                HAL_DMA_Start_IT
 .text.HAL_DMA_IRQHandler
                0x08000e18      0x15e ./Drivers/STM32L4xx_HAL_Driver/Src/stm32l4xx_hal_dma.o
                0x08000e18                HAL_DMA_IRQHandler
 .text.DMA_SetConfig
                0x08000f76       0x60 ./Drivers/STM32L4xx_HAL_Driver/Src/stm32l4xx_hal_dma.o
 *fill*         0x08000fd6        0x2 
 .text.HAL_GPIO_Init
                0x08000fd8      0x2f4 ./Drivers/STM32L4xx_HAL_Driver/Src/stm32l4xx_hal_gpio.o
                0x08000fd8                HAL_GPIO_Init
 .text.HAL_GPIO_WritePin
                0x080012cc       0x30 ./Drivers/STM32L4xx_HAL_Driver/Src/stm32l4xx_hal_gpio.o
                0x080012cc                HAL_GPIO_WritePin
 .text.HAL_GPIO_TogglePin
                0x080012fc       0x34 ./Drivers/STM32L4xx_HAL_Driver/Src/stm32l4xx_hal_gpio.o
                0x080012fc                HAL_GPIO_TogglePin
 .text.HAL_PCD_Init
                0x08001330      0x20c ./Drivers/STM32L4xx_HAL_Driver/Src/stm32l4xx_hal_pcd.o
                0x08001330                HAL_PCD_Init
 .text.HAL_PCD_Start
                0x0800153c       0x44 ./Drivers/STM32L4xx_HAL_Driver/Src/stm32l4xx_hal_pcd.o
                0x0800153c                HAL_PCD_Start
 .text.HAL_PCD_IRQHandler
                0x08001580      0x24e ./Drivers/STM32L4xx_HAL_Driver/Src/stm32l4xx_hal_pcd.o
                0x08001580                HAL_PCD_IRQHandler
 .text.HAL_PCD_SetAddress
                0x080017ce       0x4a ./Drivers/STM32L4xx_HAL_Driver/Src/stm32l4xx_hal_pcd.o
                0x080017ce                HAL_PCD_SetAddress
 .text.HAL_PCD_EP_Open
                0x08001818       0xba ./Drivers/STM32L4xx_HAL_Driver/Src/stm32l4xx_hal_pcd.o
                0x08001818                HAL_PCD_EP_Open
 .text.HAL_PCD_EP_Close
                0x080018d2       0x90 ./Drivers/STM32L4xx_HAL_Driver/Src/stm32l4xx_hal_pcd.o
                0x080018d2                HAL_PCD_EP_Close
 .text.HAL_PCD_EP_Receive
                0x08001962       0x62 ./Drivers/STM32L4xx_HAL_Driver/Src/stm32l4xx_hal_pcd.o
                0x08001962                HAL_PCD_EP_Receive
 .text.HAL_PCD_EP_GetRxCount
                0x080019c4       0x30 ./Drivers/STM32L4xx_HAL_Driver/Src/stm32l4xx_hal_pcd.o
                0x080019c4                HAL_PCD_EP_GetRxCount
 .text.HAL_PCD_EP_Transmit
                0x080019f4       0x6e ./Drivers/STM32L4xx_HAL_Driver/Src/stm32l4xx_hal_pcd.o
                0x080019f4                HAL_PCD_EP_Transmit
 .text.HAL_PCD_EP_SetStall
                0x08001a62       0xc0 ./Drivers/STM32L4xx_HAL_Driver/Src/stm32l4xx_hal_pcd.o
                0x08001a62                HAL_PCD_EP_SetStall
 .text.HAL_PCD_EP_ClrStall
                0x08001b22       0xa8 ./Drivers/STM32L4xx_HAL_Driver/Src/stm32l4xx_hal_pcd.o
                0x08001b22                HAL_PCD_EP_ClrStall
 .text.PCD_EP_ISR_Handler
                0x08001bca      0x788 ./Drivers/STM32L4xx_HAL_Driver/Src/stm32l4xx_hal_pcd.o
 .text.HAL_PCD_EP_DB_Receive
                0x08002352      0x212 ./Drivers/STM32L4xx_HAL_Driver/Src/stm32l4xx_hal_pcd.o
 .text.HAL_PCD_EP_DB_Transmit
                0x08002564      0x7ec ./Drivers/STM32L4xx_HAL_Driver/Src/stm32l4xx_hal_pcd.o
 .text.HAL_PCDEx_PMAConfig
                0x08002d50       0x86 ./Drivers/STM32L4xx_HAL_Driver/Src/stm32l4xx_hal_pcd_ex.o
                0x08002d50                HAL_PCDEx_PMAConfig
 .text.HAL_PCDEx_ActivateLPM
                0x08002dd6       0x54 ./Drivers/STM32L4xx_HAL_Driver/Src/stm32l4xx_hal_pcd_ex.o
                0x08002dd6                HAL_PCDEx_ActivateLPM
 .text.HAL_PCDEx_LPM_Callback
                0x08002e2a       0x18 ./Drivers/STM32L4xx_HAL_Driver/Src/stm32l4xx_hal_pcd_ex.o
                0x08002e2a                HAL_PCDEx_LPM_Callback
 *fill*         0x08002e42        0x2 
 .text.HAL_PWREx_GetVoltageRange
                0x08002e44       0x1c ./Drivers/STM32L4xx_HAL_Driver/Src/stm32l4xx_hal_pwr_ex.o
                0x08002e44                HAL_PWREx_GetVoltageRange
 .text.HAL_PWREx_ControlVoltageScaling
                0x08002e60       0xac ./Drivers/STM32L4xx_HAL_Driver/Src/stm32l4xx_hal_pwr_ex.o
                0x08002e60                HAL_PWREx_ControlVoltageScaling
 .text.HAL_PWREx_EnableVddUSB
                0x08002f0c       0x20 ./Drivers/STM32L4xx_HAL_Driver/Src/stm32l4xx_hal_pwr_ex.o
                0x08002f0c                HAL_PWREx_EnableVddUSB
 .text.HAL_RCC_OscConfig
                0x08002f2c      0x828 ./Drivers/STM32L4xx_HAL_Driver/Src/stm32l4xx_hal_rcc.o
                0x08002f2c                HAL_RCC_OscConfig
 .text.HAL_RCC_ClockConfig
                0x08003754      0x200 ./Drivers/STM32L4xx_HAL_Driver/Src/stm32l4xx_hal_rcc.o
                0x08003754                HAL_RCC_ClockConfig
 .text.HAL_RCC_GetSysClockFreq
                0x08003954      0x118 ./Drivers/STM32L4xx_HAL_Driver/Src/stm32l4xx_hal_rcc.o
                0x08003954                HAL_RCC_GetSysClockFreq
 .text.HAL_RCC_GetHCLKFreq
                0x08003a6c       0x18 ./Drivers/STM32L4xx_HAL_Driver/Src/stm32l4xx_hal_rcc.o
                0x08003a6c                HAL_RCC_GetHCLKFreq
 .text.HAL_RCC_GetPCLK1Freq
                0x08003a84       0x2c ./Drivers/STM32L4xx_HAL_Driver/Src/stm32l4xx_hal_rcc.o
                0x08003a84                HAL_RCC_GetPCLK1Freq
 .text.HAL_RCC_GetPCLK2Freq
                0x08003ab0       0x2c ./Drivers/STM32L4xx_HAL_Driver/Src/stm32l4xx_hal_rcc.o
                0x08003ab0                HAL_RCC_GetPCLK2Freq
 .text.RCC_SetFlashLatencyFromMSIRange
                0x08003adc       0xc0 ./Drivers/STM32L4xx_HAL_Driver/Src/stm32l4xx_hal_rcc.o
 .text.HAL_RCCEx_PeriphCLKConfig
                0x08003b9c      0x494 ./Drivers/STM32L4xx_HAL_Driver/Src/stm32l4xx_hal_rcc_ex.o
                0x08003b9c                HAL_RCCEx_PeriphCLKConfig
 .text.HAL_RCCEx_GetPeriphCLKFreq
                0x08004030      0x93c ./Drivers/STM32L4xx_HAL_Driver/Src/stm32l4xx_hal_rcc_ex.o
                0x08004030                HAL_RCCEx_GetPeriphCLKFreq
 .text.HAL_RCCEx_CRSConfig
                0x0800496c       0x84 ./Drivers/STM32L4xx_HAL_Driver/Src/stm32l4xx_hal_rcc_ex.o
                0x0800496c                HAL_RCCEx_CRSConfig
 .text.RCCEx_PLLSAI1_Config
                0x080049f0      0x1e4 ./Drivers/STM32L4xx_HAL_Driver/Src/stm32l4xx_hal_rcc_ex.o
 .text.RCCEx_GetSAIxPeriphCLKFreq
                0x08004bd4      0x178 ./Drivers/STM32L4xx_HAL_Driver/Src/stm32l4xx_hal_rcc_ex.o
 .text.HAL_SAI_Init
                0x08004d4c      0x244 ./Drivers/STM32L4xx_HAL_Driver/Src/stm32l4xx_hal_sai.o
                0x08004d4c                HAL_SAI_Init
 .text.HAL_SAI_Transmit_DMA
                0x08004f90      0x160 ./Drivers/STM32L4xx_HAL_Driver/Src/stm32l4xx_hal_sai.o
                0x08004f90                HAL_SAI_Transmit_DMA
 .text.HAL_SAI_ErrorCallback
                0x080050f0       0x14 ./Drivers/STM32L4xx_HAL_Driver/Src/stm32l4xx_hal_sai.o
                0x080050f0                HAL_SAI_ErrorCallback
 .text.SAI_InterruptFlag
                0x08005104       0x6e ./Drivers/STM32L4xx_HAL_Driver/Src/stm32l4xx_hal_sai.o
 *fill*         0x08005172        0x2 
 .text.SAI_Disable
                0x08005174       0x74 ./Drivers/STM32L4xx_HAL_Driver/Src/stm32l4xx_hal_sai.o
 .text.SAI_DMATxCplt
                0x080051e8       0x5e ./Drivers/STM32L4xx_HAL_Driver/Src/stm32l4xx_hal_sai.o
 .text.SAI_DMATxHalfCplt
                0x08005246       0x1c ./Drivers/STM32L4xx_HAL_Driver/Src/stm32l4xx_hal_sai.o
 .text.SAI_DMAError
                0x08005262       0x52 ./Drivers/STM32L4xx_HAL_Driver/Src/stm32l4xx_hal_sai.o
 .text.USB_CoreInit
                0x080052b4       0x22 ./Drivers/STM32L4xx_HAL_Driver/Src/stm32l4xx_ll_usb.o
                0x080052b4                USB_CoreInit
 .text.USB_EnableGlobalInt
                0x080052d6       0x2e ./Drivers/STM32L4xx_HAL_Driver/Src/stm32l4xx_ll_usb.o
                0x080052d6                USB_EnableGlobalInt
 .text.USB_DisableGlobalInt
                0x08005304       0x36 ./Drivers/STM32L4xx_HAL_Driver/Src/stm32l4xx_ll_usb.o
                0x08005304                USB_DisableGlobalInt
 .text.USB_SetCurrentMode
                0x0800533a       0x1a ./Drivers/STM32L4xx_HAL_Driver/Src/stm32l4xx_ll_usb.o
                0x0800533a                USB_SetCurrentMode
 .text.USB_DevInit
                0x08005354       0x42 ./Drivers/STM32L4xx_HAL_Driver/Src/stm32l4xx_ll_usb.o
                0x08005354                USB_DevInit
 *fill*         0x08005396        0x2 
 .text.USB_ActivateEndpoint
                0x08005398      0x788 ./Drivers/STM32L4xx_HAL_Driver/Src/stm32l4xx_ll_usb.o
                0x08005398                USB_ActivateEndpoint
 .text.USB_DeactivateEndpoint
                0x08005b20      0x3da ./Drivers/STM32L4xx_HAL_Driver/Src/stm32l4xx_ll_usb.o
                0x08005b20                USB_DeactivateEndpoint
 .text.USB_EPStartXfer
                0x08005efa     0x1762 ./Drivers/STM32L4xx_HAL_Driver/Src/stm32l4xx_ll_usb.o
                0x08005efa                USB_EPStartXfer
 .text.USB_EPSetStall
                0x0800765c       0xa2 ./Drivers/STM32L4xx_HAL_Driver/Src/stm32l4xx_ll_usb.o
                0x0800765c                USB_EPSetStall
 .text.USB_EPClearStall
                0x080076fe      0x15c ./Drivers/STM32L4xx_HAL_Driver/Src/stm32l4xx_ll_usb.o
                0x080076fe                USB_EPClearStall
 .text.USB_SetDevAddress
                0x0800785a       0x28 ./Drivers/STM32L4xx_HAL_Driver/Src/stm32l4xx_ll_usb.o
                0x0800785a                USB_SetDevAddress
 .text.USB_DevConnect
                0x08007882       0x2e ./Drivers/STM32L4xx_HAL_Driver/Src/stm32l4xx_ll_usb.o
                0x08007882                USB_DevConnect
 .text.USB_DevDisconnect
                0x080078b0       0x2a ./Drivers/STM32L4xx_HAL_Driver/Src/stm32l4xx_ll_usb.o
                0x080078b0                USB_DevDisconnect
 .text.USB_ReadInterrupts
                0x080078da       0x20 ./Drivers/STM32L4xx_HAL_Driver/Src/stm32l4xx_ll_usb.o
                0x080078da                USB_ReadInterrupts
 .text.USB_EP0_OutStart
                0x080078fa       0x18 ./Drivers/STM32L4xx_HAL_Driver/Src/stm32l4xx_ll_usb.o
                0x080078fa                USB_EP0_OutStart
 .text.USB_WritePMA
                0x08007912       0x86 ./Drivers/STM32L4xx_HAL_Driver/Src/stm32l4xx_ll_usb.o
                0x08007912                USB_WritePMA
 .text.USB_ReadPMA
                0x08007998       0x98 ./Drivers/STM32L4xx_HAL_Driver/Src/stm32l4xx_ll_usb.o
                0x08007998                USB_ReadPMA
 .text.USBD_AUDIO_Init
                0x08007a30      0x160 ./Middlewares/ST/STM32_USB_Device_Library/Class/AUDIO/Src/usbd_audio.o
 .text.USBD_AUDIO_DeInit
                0x08007b90       0xc4 ./Middlewares/ST/STM32_USB_Device_Library/Class/AUDIO/Src/usbd_audio.o
 .text.USBD_AUDIO_Setup
                0x08007c54      0x204 ./Middlewares/ST/STM32_USB_Device_Library/Class/AUDIO/Src/usbd_audio.o
 .text.USBD_AUDIO_GetCfgDesc
                0x08007e58       0x20 ./Middlewares/ST/STM32_USB_Device_Library/Class/AUDIO/Src/usbd_audio.o
 .text.USBD_AUDIO_DataIn
                0x08007e78       0x2c ./Middlewares/ST/STM32_USB_Device_Library/Class/AUDIO/Src/usbd_audio.o
 .text.USBD_AUDIO_EP0_RxReady
                0x08007ea4       0x80 ./Middlewares/ST/STM32_USB_Device_Library/Class/AUDIO/Src/usbd_audio.o
 .text.USBD_AUDIO_EP0_TxReady
                0x08007f24       0x16 ./Middlewares/ST/STM32_USB_Device_Library/Class/AUDIO/Src/usbd_audio.o
 *fill*         0x08007f3a        0x2 
 .text.USBD_AUDIO_SOF
                0x08007f3c      0x118 ./Middlewares/ST/STM32_USB_Device_Library/Class/AUDIO/Src/usbd_audio.o
 .text.USBD_AUDIO_IsoINIncomplete
                0x08008054       0x1a ./Middlewares/ST/STM32_USB_Device_Library/Class/AUDIO/Src/usbd_audio.o
 .text.USBD_AUDIO_IsoOutIncomplete
                0x0800806e       0x1a ./Middlewares/ST/STM32_USB_Device_Library/Class/AUDIO/Src/usbd_audio.o
 .text.USBD_AUDIO_DataOut
                0x08008088       0x60 ./Middlewares/ST/STM32_USB_Device_Library/Class/AUDIO/Src/usbd_audio.o
 .text.AUDIO_REQ_GetCurrent
                0x080080e8       0x58 ./Middlewares/ST/STM32_USB_Device_Library/Class/AUDIO/Src/usbd_audio.o
 .text.AUDIO_REQ_SetCurrent
                0x08008140       0x88 ./Middlewares/ST/STM32_USB_Device_Library/Class/AUDIO/Src/usbd_audio.o
 .text.USBD_AUDIO_GetDeviceQualifierDesc
                0x080081c8       0x20 ./Middlewares/ST/STM32_USB_Device_Library/Class/AUDIO/Src/usbd_audio.o
 .text.USBD_AUDIO_RegisterInterface
                0x080081e8       0x34 ./Middlewares/ST/STM32_USB_Device_Library/Class/AUDIO/Src/usbd_audio.o
                0x080081e8                USBD_AUDIO_RegisterInterface
 .text.USBD_AUDIO_GetAudioHeaderDesc
                0x0800821c       0x64 ./Middlewares/ST/STM32_USB_Device_Library/Class/AUDIO/Src/usbd_audio.o
 .text.USBD_Init
                0x08008280       0x60 ./Middlewares/ST/STM32_USB_Device_Library/Core/Src/usbd_core.o
                0x08008280                USBD_Init
 .text.USBD_RegisterClass
                0x080082e0       0x6c ./Middlewares/ST/STM32_USB_Device_Library/Core/Src/usbd_core.o
                0x080082e0                USBD_RegisterClass
 .text.USBD_Start
                0x0800834c       0x18 ./Middlewares/ST/STM32_USB_Device_Library/Core/Src/usbd_core.o
                0x0800834c                USBD_Start
 .text.USBD_RunTestMode
                0x08008364       0x16 ./Middlewares/ST/STM32_USB_Device_Library/Core/Src/usbd_core.o
                0x08008364                USBD_RunTestMode
 .text.USBD_SetClassConfig
                0x0800837a       0x38 ./Middlewares/ST/STM32_USB_Device_Library/Core/Src/usbd_core.o
                0x0800837a                USBD_SetClassConfig
 .text.USBD_ClrClassConfig
                0x080083b2       0x34 ./Middlewares/ST/STM32_USB_Device_Library/Core/Src/usbd_core.o
                0x080083b2                USBD_ClrClassConfig
 .text.USBD_LL_SetupStage
                0x080083e6       0xaa ./Middlewares/ST/STM32_USB_Device_Library/Core/Src/usbd_core.o
                0x080083e6                USBD_LL_SetupStage
 .text.USBD_LL_DataOutStage
                0x08008490      0x166 ./Middlewares/ST/STM32_USB_Device_Library/Core/Src/usbd_core.o
                0x08008490                USBD_LL_DataOutStage
 .text.USBD_LL_DataInStage
                0x080085f6      0x164 ./Middlewares/ST/STM32_USB_Device_Library/Core/Src/usbd_core.o
                0x080085f6                USBD_LL_DataInStage
 .text.USBD_LL_Reset
                0x0800875a       0xa4 ./Middlewares/ST/STM32_USB_Device_Library/Core/Src/usbd_core.o
                0x0800875a                USBD_LL_Reset
 .text.USBD_LL_SetSpeed
                0x080087fe       0x20 ./Middlewares/ST/STM32_USB_Device_Library/Core/Src/usbd_core.o
                0x080087fe                USBD_LL_SetSpeed
 .text.USBD_LL_Suspend
                0x0800881e       0x38 ./Middlewares/ST/STM32_USB_Device_Library/Core/Src/usbd_core.o
                0x0800881e                USBD_LL_Suspend
 .text.USBD_LL_Resume
                0x08008856       0x30 ./Middlewares/ST/STM32_USB_Device_Library/Core/Src/usbd_core.o
                0x08008856                USBD_LL_Resume
 .text.USBD_LL_SOF
                0x08008886       0x40 ./Middlewares/ST/STM32_USB_Device_Library/Core/Src/usbd_core.o
                0x08008886                USBD_LL_SOF
 .text.USBD_CoreFindIF
                0x080088c6       0x1a ./Middlewares/ST/STM32_USB_Device_Library/Core/Src/usbd_core.o
                0x080088c6                USBD_CoreFindIF
 .text.USBD_CoreFindEP
                0x080088e0       0x1a ./Middlewares/ST/STM32_USB_Device_Library/Core/Src/usbd_core.o
                0x080088e0                USBD_CoreFindEP
 .text.USBD_GetNextDesc
                0x080088fa       0x38 ./Middlewares/ST/STM32_USB_Device_Library/Core/Src/usbd_core.o
                0x080088fa                USBD_GetNextDesc
 .text.SWAPBYTE
                0x08008932       0x3e ./Middlewares/ST/STM32_USB_Device_Library/Core/Src/usbd_ctlreq.o
 .text.USBD_StdDevReq
                0x08008970       0xe4 ./Middlewares/ST/STM32_USB_Device_Library/Core/Src/usbd_ctlreq.o
                0x08008970                USBD_StdDevReq
 .text.USBD_StdItfReq
                0x08008a54       0xd8 ./Middlewares/ST/STM32_USB_Device_Library/Core/Src/usbd_ctlreq.o
                0x08008a54                USBD_StdItfReq
 .text.USBD_StdEPReq
                0x08008b2c      0x33a ./Middlewares/ST/STM32_USB_Device_Library/Core/Src/usbd_ctlreq.o
                0x08008b2c                USBD_StdEPReq
 *fill*         0x08008e66        0x2 
 .text.USBD_GetDescriptor
                0x08008e68      0x2d4 ./Middlewares/ST/STM32_USB_Device_Library/Core/Src/usbd_ctlreq.o
 .text.USBD_SetAddress
                0x0800913c       0x88 ./Middlewares/ST/STM32_USB_Device_Library/Core/Src/usbd_ctlreq.o
 .text.USBD_SetConfig
                0x080091c4      0x154 ./Middlewares/ST/STM32_USB_Device_Library/Core/Src/usbd_ctlreq.o
 .text.USBD_GetConfig
                0x08009318       0x6c ./Middlewares/ST/STM32_USB_Device_Library/Core/Src/usbd_ctlreq.o
 .text.USBD_GetStatus
                0x08009384       0x68 ./Middlewares/ST/STM32_USB_Device_Library/Core/Src/usbd_ctlreq.o
 .text.USBD_SetFeature
                0x080093ec       0x52 ./Middlewares/ST/STM32_USB_Device_Library/Core/Src/usbd_ctlreq.o
 .text.USBD_ClrFeature
                0x0800943e       0x44 ./Middlewares/ST/STM32_USB_Device_Library/Core/Src/usbd_ctlreq.o
 .text.USBD_ParseSetupRequest
                0x08009482       0x74 ./Middlewares/ST/STM32_USB_Device_Library/Core/Src/usbd_ctlreq.o
                0x08009482                USBD_ParseSetupRequest
 .text.USBD_CtlError
                0x080094f6       0x22 ./Middlewares/ST/STM32_USB_Device_Library/Core/Src/usbd_ctlreq.o
                0x080094f6                USBD_CtlError
 .text.USBD_GetString
                0x08009518       0x8c ./Middlewares/ST/STM32_USB_Device_Library/Core/Src/usbd_ctlreq.o
                0x08009518                USBD_GetString
 .text.USBD_GetLen
                0x080095a4       0x34 ./Middlewares/ST/STM32_USB_Device_Library/Core/Src/usbd_ctlreq.o
 .text.USBD_CtlSendData
                0x080095d8       0x36 ./Middlewares/ST/STM32_USB_Device_Library/Core/Src/usbd_ioreq.o
                0x080095d8                USBD_CtlSendData
 .text.USBD_CtlContinueSendData
                0x0800960e       0x22 ./Middlewares/ST/STM32_USB_Device_Library/Core/Src/usbd_ioreq.o
                0x0800960e                USBD_CtlContinueSendData
 .text.USBD_CtlPrepareRx
                0x08009630       0x3a ./Middlewares/ST/STM32_USB_Device_Library/Core/Src/usbd_ioreq.o
                0x08009630                USBD_CtlPrepareRx
 .text.USBD_CtlContinueRx
                0x0800966a       0x22 ./Middlewares/ST/STM32_USB_Device_Library/Core/Src/usbd_ioreq.o
                0x0800966a                USBD_CtlContinueRx
 .text.USBD_CtlSendStatus
                0x0800968c       0x26 ./Middlewares/ST/STM32_USB_Device_Library/Core/Src/usbd_ioreq.o
                0x0800968c                USBD_CtlSendStatus
 .text.USBD_CtlReceiveStatus
                0x080096b2       0x26 ./Middlewares/ST/STM32_USB_Device_Library/Core/Src/usbd_ioreq.o
                0x080096b2                USBD_CtlReceiveStatus
 .text.MX_USB_DEVICE_Init
                0x080096d8       0x60 ./USB_DEVICE/App/usb_device.o
                0x080096d8                MX_USB_DEVICE_Init
 .text.AUDIO_Init_FS
                0x08009738       0x1a ./USB_DEVICE/App/usbd_audio_if.o
 .text.AUDIO_DeInit_FS
                0x08009752       0x16 ./USB_DEVICE/App/usbd_audio_if.o
 .text.AUDIO_AudioCmd_FS
                0x08009768       0xb0 ./USB_DEVICE/App/usbd_audio_if.o
 .text.AUDIO_VolumeCtl_FS
                0x08009818       0x18 ./USB_DEVICE/App/usbd_audio_if.o
 .text.AUDIO_MuteCtl_FS
                0x08009830       0x18 ./USB_DEVICE/App/usbd_audio_if.o
 .text.AUDIO_PeriodicTC_FS
                0x08009848       0xc4 ./USB_DEVICE/App/usbd_audio_if.o
 .text.AUDIO_GetState_FS
                0x0800990c       0x10 ./USB_DEVICE/App/usbd_audio_if.o
 .text.USBD_FS_DeviceDescriptor
                0x0800991c       0x24 ./USB_DEVICE/App/usbd_desc.o
                0x0800991c                USBD_FS_DeviceDescriptor
 .text.USBD_FS_LangIDStrDescriptor
                0x08009940       0x24 ./USB_DEVICE/App/usbd_desc.o
                0x08009940                USBD_FS_LangIDStrDescriptor
 .text.USBD_FS_ProductStrDescriptor
                0x08009964       0x3c ./USB_DEVICE/App/usbd_desc.o
                0x08009964                USBD_FS_ProductStrDescriptor
 .text.USBD_FS_ManufacturerStrDescriptor
                0x080099a0       0x28 ./USB_DEVICE/App/usbd_desc.o
                0x080099a0                USBD_FS_ManufacturerStrDescriptor
 .text.USBD_FS_SerialStrDescriptor
                0x080099c8       0x24 ./USB_DEVICE/App/usbd_desc.o
                0x080099c8                USBD_FS_SerialStrDescriptor
 .text.USBD_FS_ConfigStrDescriptor
                0x080099ec       0x3c ./USB_DEVICE/App/usbd_desc.o
                0x080099ec                USBD_FS_ConfigStrDescriptor
 .text.USBD_FS_InterfaceStrDescriptor
                0x08009a28       0x3c ./USB_DEVICE/App/usbd_desc.o
                0x08009a28                USBD_FS_InterfaceStrDescriptor
 .text.Get_SerialNum
                0x08009a64       0x58 ./USB_DEVICE/App/usbd_desc.o
 .text.IntToUnicode
                0x08009abc       0x7e ./USB_DEVICE/App/usbd_desc.o
 *fill*         0x08009b3a        0x2 
 .text.HAL_PCD_MspInit
                0x08009b3c       0x78 ./USB_DEVICE/Target/usbd_conf.o
                0x08009b3c                HAL_PCD_MspInit
 .text.HAL_PCD_SetupStageCallback
                0x08009bb4       0x24 ./USB_DEVICE/Target/usbd_conf.o
                0x08009bb4                HAL_PCD_SetupStageCallback
 .text.HAL_PCD_DataOutStageCallback
                0x08009bd8       0x36 ./USB_DEVICE/Target/usbd_conf.o
                0x08009bd8                HAL_PCD_DataOutStageCallback
 .text.HAL_PCD_DataInStageCallback
                0x08009c0e       0x34 ./USB_DEVICE/Target/usbd_conf.o
                0x08009c0e                HAL_PCD_DataInStageCallback
 .text.HAL_PCD_SOFCallback
                0x08009c42       0x1c ./USB_DEVICE/Target/usbd_conf.o
                0x08009c42                HAL_PCD_SOFCallback
 .text.HAL_PCD_ResetCallback
                0x08009c5e       0x3c ./USB_DEVICE/Target/usbd_conf.o
                0x08009c5e                HAL_PCD_ResetCallback
 *fill*         0x08009c9a        0x2 
 .text.HAL_PCD_SuspendCallback
                0x08009c9c       0x34 ./USB_DEVICE/Target/usbd_conf.o
                0x08009c9c                HAL_PCD_SuspendCallback
 .text.HAL_PCD_ResumeCallback
                0x08009cd0       0x38 ./USB_DEVICE/Target/usbd_conf.o
                0x08009cd0                HAL_PCD_ResumeCallback
 .text.USBD_LL_Init
                0x08009d08       0xb4 ./USB_DEVICE/Target/usbd_conf.o
                0x08009d08                USBD_LL_Init
 .text.USBD_LL_Start
                0x08009dbc       0x64 ./USB_DEVICE/Target/usbd_conf.o
                0x08009dbc                USBD_LL_Start
 .text.USBD_LL_OpenEP
                0x08009e20       0x7c ./USB_DEVICE/Target/usbd_conf.o
                0x08009e20                USBD_LL_OpenEP
 .text.USBD_LL_CloseEP
                0x08009e9c       0x6c ./USB_DEVICE/Target/usbd_conf.o
                0x08009e9c                USBD_LL_CloseEP
 .text.USBD_LL_StallEP
                0x08009f08       0x6c ./USB_DEVICE/Target/usbd_conf.o
                0x08009f08                USBD_LL_StallEP
 .text.USBD_LL_ClearStallEP
                0x08009f74       0x6c ./USB_DEVICE/Target/usbd_conf.o
                0x08009f74                USBD_LL_ClearStallEP
 .text.USBD_LL_IsStallEP
                0x08009fe0       0x5a ./USB_DEVICE/Target/usbd_conf.o
                0x08009fe0                USBD_LL_IsStallEP
 *fill*         0x0800a03a        0x2 
 .text.USBD_LL_SetUSBAddress
                0x0800a03c       0x6c ./USB_DEVICE/Target/usbd_conf.o
                0x0800a03c                USBD_LL_SetUSBAddress
 .text.USBD_LL_Transmit
                0x0800a0a8       0x70 ./USB_DEVICE/Target/usbd_conf.o
                0x0800a0a8                USBD_LL_Transmit
 .text.USBD_LL_PrepareReceive
                0x0800a118       0x70 ./USB_DEVICE/Target/usbd_conf.o
                0x0800a118                USBD_LL_PrepareReceive
 .text.USBD_LL_GetRxDataSize
                0x0800a188       0x26 ./USB_DEVICE/Target/usbd_conf.o
                0x0800a188                USBD_LL_GetRxDataSize
 *fill*         0x0800a1ae        0x2 
 .text.USBD_static_malloc
                0x0800a1b0       0x1c ./USB_DEVICE/Target/usbd_conf.o
                0x0800a1b0                USBD_static_malloc
 .text.USBD_static_free
                0x0800a1cc       0x14 ./USB_DEVICE/Target/usbd_conf.o
                0x0800a1cc                USBD_static_free
 .text.SystemClockConfig_Resume
                0x0800a1e0        0xc ./USB_DEVICE/Target/usbd_conf.o
 .text.arm_fir_interpolate_init_f32
                0x0800a1ec       0x38 C:\Users\yosaha\STM32Cube\Repository\STM32Cube_FW_L4_V1.18.0\Drivers\CMSIS\DSP\Lib\GCC\libarm_cortexM4lf_math.a(arm_fir_interpolate_init_f32.o)
                0x0800a1ec                arm_fir_interpolate_init_f32
 .text.memset   0x0800a224       0x10 C:/ST/STM32CubeIDE_1.19.0/STM32CubeIDE/plugins/com.st.stm32cube.ide.mcu.externaltools.gnu-tools-for-stm32.13.3.rel1.win32_1.0.0.202411081344/tools/bin/../lib/gcc/arm-none-eabi/13.3.1/../../../../arm-none-eabi/lib/thumb/v7e-m+fp/hard\libc_nano.a(libc_a-memset.o)
                0x0800a224                memset
 .text.__libc_init_array
                0x0800a234       0x48 C:/ST/STM32CubeIDE_1.19.0/STM32CubeIDE/plugins/com.st.stm32cube.ide.mcu.externaltools.gnu-tools-for-stm32.13.3.rel1.win32_1.0.0.202411081344/tools/bin/../lib/gcc/arm-none-eabi/13.3.1/../../../../arm-none-eabi/lib/thumb/v7e-m+fp/hard\libc_nano.a(libc_a-init.o)
                0x0800a234                __libc_init_array
 *(.glue_7)
 .glue_7        0x0800a27c        0x0 linker stubs
 *(.glue_7t)
 .glue_7t       0x0800a27c        0x0 linker stubs
 *(.eh_frame)
 .eh_frame      0x0800a27c        0x0 C:/ST/STM32CubeIDE_1.19.0/STM32CubeIDE/plugins/com.st.stm32cube.ide.mcu.externaltools.gnu-tools-for-stm32.13.3.rel1.win32_1.0.0.202411081344/tools/bin/../lib/gcc/arm-none-eabi/13.3.1/thumb/v7e-m+fp/hard/crtbegin.o
 *(.init)
 .init          0x0800a27c        0x4 C:/ST/STM32CubeIDE_1.19.0/STM32CubeIDE/plugins/com.st.stm32cube.ide.mcu.externaltools.gnu-tools-for-stm32.13.3.rel1.win32_1.0.0.202411081344/tools/bin/../lib/gcc/arm-none-eabi/13.3.1/thumb/v7e-m+fp/hard/crti.o
                0x0800a27c                _init
 .init          0x0800a280        0x8 C:/ST/STM32CubeIDE_1.19.0/STM32CubeIDE/plugins/com.st.stm32cube.ide.mcu.externaltools.gnu-tools-for-stm32.13.3.rel1.win32_1.0.0.202411081344/tools/bin/../lib/gcc/arm-none-eabi/13.3.1/thumb/v7e-m+fp/hard/crtn.o
 *(.fini)
 .fini          0x0800a288        0x4 C:/ST/STM32CubeIDE_1.19.0/STM32CubeIDE/plugins/com.st.stm32cube.ide.mcu.externaltools.gnu-tools-for-stm32.13.3.rel1.win32_1.0.0.202411081344/tools/bin/../lib/gcc/arm-none-eabi/13.3.1/thumb/v7e-m+fp/hard/crti.o
                0x0800a288                _fini
 .fini          0x0800a28c        0x8 C:/ST/STM32CubeIDE_1.19.0/STM32CubeIDE/plugins/com.st.stm32cube.ide.mcu.externaltools.gnu-tools-for-stm32.13.3.rel1.win32_1.0.0.202411081344/tools/bin/../lib/gcc/arm-none-eabi/13.3.1/thumb/v7e-m+fp/hard/crtn.o
                0x0800a294                        . = ALIGN (0x4)
                0x0800a294                        _etext = .

.vfp11_veneer   0x0800a294        0x0
 .vfp11_veneer  0x0800a294        0x0 linker stubs

.v4_bx          0x0800a294        0x0
 .v4_bx         0x0800a294        0x0 linker stubs

.iplt           0x0800a294        0x0
 .iplt          0x0800a294        0x0 C:/ST/STM32CubeIDE_1.19.0/STM32CubeIDE/plugins/com.st.stm32cube.ide.mcu.externaltools.gnu-tools-for-stm32.13.3.rel1.win32_1.0.0.202411081344/tools/bin/../lib/gcc/arm-none-eabi/13.3.1/thumb/v7e-m+fp/hard/crtbegin.o

.rodata         0x0800a294      0x48c
                0x0800a294                        . = ALIGN (0x4)
 *(.rodata)
 .rodata        0x0800a294       0x44 ./USB_DEVICE/App/usbd_desc.o
 *(.rodata*)
 .rodata.fir_coeffs
                0x0800a2d8      0x400 ./Core/Src/main.o
                0x0800a2d8                fir_coeffs
 .rodata.AHBPrescTable
                0x0800a6d8       0x10 ./Core/Src/system_stm32l4xx.o
                0x0800a6d8                AHBPrescTable
 .rodata.APBPrescTable
                0x0800a6e8        0x8 ./Core/Src/system_stm32l4xx.o
                0x0800a6e8                APBPrescTable
 .rodata.MSIRangeTable
                0x0800a6f0       0x30 ./Core/Src/system_stm32l4xx.o
                0x0800a6f0                MSIRangeTable
                0x0800a720                        . = ALIGN (0x4)

.ARM.extab      0x0800a720        0x0
                0x0800a720                        . = ALIGN (0x4)
 *(.ARM.extab* .gnu.linkonce.armextab.*)
                0x0800a720                        . = ALIGN (0x4)

.ARM            0x0800a720        0x0
                0x0800a720                        . = ALIGN (0x4)
                0x0800a720                        __exidx_start = .
 *(.ARM.exidx*)
                0x0800a720                        __exidx_end = .
                0x0800a720                        . = ALIGN (0x4)

.preinit_array  0x0800a720        0x0
                0x0800a720                        . = ALIGN (0x4)
                0x0800a720                        PROVIDE (__preinit_array_start = .)
 *(.preinit_array*)
                0x0800a720                        PROVIDE (__preinit_array_end = .)
                0x0800a720                        . = ALIGN (0x4)

.init_array     0x0800a720        0x4
                0x0800a720                        . = ALIGN (0x4)
                0x0800a720                        PROVIDE (__init_array_start = .)
 *(SORT_BY_NAME(.init_array.*))
 *(.init_array*)
 .init_array    0x0800a720        0x4 C:/ST/STM32CubeIDE_1.19.0/STM32CubeIDE/plugins/com.st.stm32cube.ide.mcu.externaltools.gnu-tools-for-stm32.13.3.rel1.win32_1.0.0.202411081344/tools/bin/../lib/gcc/arm-none-eabi/13.3.1/thumb/v7e-m+fp/hard/crtbegin.o
                0x0800a724                        PROVIDE (__init_array_end = .)
                0x0800a724                        . = ALIGN (0x4)

.fini_array     0x0800a724        0x4
                0x0800a724                        . = ALIGN (0x4)
                [!provide]                        PROVIDE (__fini_array_start = .)
 *(SORT_BY_NAME(.fini_array.*))
 *(.fini_array*)
 .fini_array    0x0800a724        0x4 C:/ST/STM32CubeIDE_1.19.0/STM32CubeIDE/plugins/com.st.stm32cube.ide.mcu.externaltools.gnu-tools-for-stm32.13.3.rel1.win32_1.0.0.202411081344/tools/bin/../lib/gcc/arm-none-eabi/13.3.1/thumb/v7e-m+fp/hard/crtbegin.o
                [!provide]                        PROVIDE (__fini_array_end = .)
                0x0800a728                        . = ALIGN (0x4)
                0x0800a728                        _sidata = LOADADDR (.data)

.rel.dyn        0x0800a728        0x0
 .rel.iplt      0x0800a728        0x0 C:/ST/STM32CubeIDE_1.19.0/STM32CubeIDE/plugins/com.st.stm32cube.ide.mcu.externaltools.gnu-tools-for-stm32.13.3.rel1.win32_1.0.0.202411081344/tools/bin/../lib/gcc/arm-none-eabi/13.3.1/thumb/v7e-m+fp/hard/crtbegin.o

.data           0x20000000      0x13c load address 0x0800a728
                0x20000000                        . = ALIGN (0x4)
                0x20000000                        _sdata = .
 *(.data)
 *(.data*)
 .data.SystemCoreClock
                0x20000000        0x4 ./Core/Src/system_stm32l4xx.o
                0x20000000                SystemCoreClock
 .data.uwTickPrio
                0x20000004        0x4 ./Drivers/STM32L4xx_HAL_Driver/Src/stm32l4xx_hal.o
                0x20000004                uwTickPrio
 .data.uwTickFreq
                0x20000008        0x1 ./Drivers/STM32L4xx_HAL_Driver/Src/stm32l4xx_hal.o
                0x20000008                uwTickFreq
 *fill*         0x20000009        0x3 
 .data.feedback_data
                0x2000000c        0x3 ./Middlewares/ST/STM32_USB_Device_Library/Class/AUDIO/Src/usbd_audio.o
                0x2000000c                feedback_data
 *fill*         0x2000000f        0x1 
 .data.ema_stored_x256
                0x20000010        0x4 ./Middlewares/ST/STM32_USB_Device_Library/Class/AUDIO/Src/usbd_audio.o
 .data.USBD_AUDIO
                0x20000014       0x38 ./Middlewares/ST/STM32_USB_Device_Library/Class/AUDIO/Src/usbd_audio.o
                0x20000014                USBD_AUDIO
 .data.USBD_AUDIO_CfgDesc
                0x2000004c       0x76 ./Middlewares/ST/STM32_USB_Device_Library/Class/AUDIO/Src/usbd_audio.o
 *fill*         0x200000c2        0x2 
 .data.USBD_AUDIO_DeviceQualifierDesc
                0x200000c4        0xa ./Middlewares/ST/STM32_USB_Device_Library/Class/AUDIO/Src/usbd_audio.o
 .data.AUDIOOutEpAdd
                0x200000ce        0x1 ./Middlewares/ST/STM32_USB_Device_Library/Class/AUDIO/Src/usbd_audio.o
 *fill*         0x200000cf        0x1 
 .data.USBD_AUDIO_fops_FS
                0x200000d0       0x1c ./USB_DEVICE/App/usbd_audio_if.o
                0x200000d0                USBD_AUDIO_fops_FS
 .data.FS_Desc  0x200000ec       0x1c ./USB_DEVICE/App/usbd_desc.o
                0x200000ec                FS_Desc
 .data.USBD_FS_DeviceDesc
                0x20000108       0x12 ./USB_DEVICE/App/usbd_desc.o
                0x20000108                USBD_FS_DeviceDesc
 *fill*         0x2000011a        0x2 
 .data.USBD_LangIDDesc
                0x2000011c        0x4 ./USB_DEVICE/App/usbd_desc.o
                0x2000011c                USBD_LangIDDesc
 .data.USBD_StringSerial
                0x20000120       0x1a ./USB_DEVICE/App/usbd_desc.o
                0x20000120                USBD_StringSerial
 *(.RamFunc)
 *(.RamFunc*)
                0x2000013c                        . = ALIGN (0x4)
 *fill*         0x2000013a        0x2 
                0x2000013c                        _edata = .

.igot.plt       0x2000013c        0x0 load address 0x0800a864
 .igot.plt      0x2000013c        0x0 C:/ST/STM32CubeIDE_1.19.0/STM32CubeIDE/plugins/com.st.stm32cube.ide.mcu.externaltools.gnu-tools-for-stm32.13.3.rel1.win32_1.0.0.202411081344/tools/bin/../lib/gcc/arm-none-eabi/13.3.1/thumb/v7e-m+fp/hard/crtbegin.o
                0x2000013c                        . = ALIGN (0x4)

.bss            0x2000013c     0x5f7c load address 0x0800a864
                0x2000013c                        _sbss = .
                0x2000013c                        __bss_start__ = _sbss
 *(.bss)
 .bss           0x2000013c       0x1c C:/ST/STM32CubeIDE_1.19.0/STM32CubeIDE/plugins/com.st.stm32cube.ide.mcu.externaltools.gnu-tools-for-stm32.13.3.rel1.win32_1.0.0.202411081344/tools/bin/../lib/gcc/arm-none-eabi/13.3.1/thumb/v7e-m+fp/hard/crtbegin.o
 *(.bss*)
 .bss.hsai_BlockB1
                0x20000158       0x84 ./Core/Src/main.o
                0x20000158                hsai_BlockB1
 .bss.hdma_sai1_b
                0x200001dc       0x48 ./Core/Src/main.o
                0x200001dc                hdma_sai1_b
 .bss.S_Left    0x20000224        0xc ./Core/Src/main.o
                0x20000224                S_Left
 .bss.S_Right   0x20000230        0xc ./Core/Src/main.o
                0x20000230                S_Right
 .bss.fir_state_L
                0x2000023c      0x2bc ./Core/Src/main.o
                0x2000023c                fir_state_L
 .bss.fir_state_R
                0x200004f8      0x2bc ./Core/Src/main.o
                0x200004f8                fir_state_R
 .bss.audio_buf
                0x200007b4      0x400 ./Core/Src/main.o
                0x200007b4                audio_buf
 .bss.ringbuf   0x20000bb4     0x1000 ./Core/Src/main.o
                0x20000bb4                ringbuf
 .bss.write_pos
                0x20001bb4        0x4 ./Core/Src/main.o
                0x20001bb4                write_pos
 .bss.read_pos  0x20001bb8        0x4 ./Core/Src/main.o
                0x20001bb8                read_pos
 .bss.SAI1_client
                0x20001bbc        0x4 ./Core/Src/stm32l4xx_hal_msp.o
 .bss.uwTick    0x20001bc0        0x4 ./Drivers/STM32L4xx_HAL_Driver/Src/stm32l4xx_hal.o
                0x20001bc0                uwTick
 .bss.usb_rx_temp_buffer
                0x20001bc4       0xc8 ./Middlewares/ST/STM32_USB_Device_Library/Class/AUDIO/Src/usbd_audio.o
                0x20001bc4                usb_rx_temp_buffer
 .bss.integral_error
                0x20001c8c        0x4 ./Middlewares/ST/STM32_USB_Device_Library/Class/AUDIO/Src/usbd_audio.o
 .bss.cfgidx.0  0x20001c90        0x1 ./Middlewares/ST/STM32_USB_Device_Library/Core/Src/usbd_ctlreq.o
 *fill*         0x20001c91        0x3 
 .bss.hUsbDeviceFS
                0x20001c94      0x2dc ./USB_DEVICE/App/usb_device.o
                0x20001c94                hUsbDeviceFS
 .bss.USBD_StrDesc
                0x20001f70      0x200 ./USB_DEVICE/App/usbd_desc.o
                0x20001f70                USBD_StrDesc
 .bss.hpcd_USB_FS
                0x20002170      0x2f8 ./USB_DEVICE/Target/usbd_conf.o
                0x20002170                hpcd_USB_FS
 .bss.mem.0     0x20002468     0x3c50 ./USB_DEVICE/Target/usbd_conf.o
 *(COMMON)
                0x200060b8                        . = ALIGN (0x4)
                0x200060b8                        _ebss = .
                0x200060b8                        __bss_end__ = _ebss

._user_heap_stack
                0x200060b8     0x1000 load address 0x0800a864
                0x200060b8                        . = ALIGN (0x8)
                [!provide]                        PROVIDE (end = .)
                0x200060b8                        PROVIDE (_end = .)
                0x200068b8                        . = (. + _Min_Heap_Size)
 *fill*         0x200060b8      0x800 
                0x200070b8                        . = (. + _Min_Stack_Size)
 *fill*         0x200068b8      0x800 
                0x200070b8                        . = ALIGN (0x8)

/DISCARD/
 libc.a(*)
 libm.a(*)
 libgcc.a(*)

.ARM.attributes
                0x00000000       0x30
 *(.ARM.attributes)
 .ARM.attributes
                0x00000000       0x22 C:/ST/STM32CubeIDE_1.19.0/STM32CubeIDE/plugins/com.st.stm32cube.ide.mcu.externaltools.gnu-tools-for-stm32.13.3.rel1.win32_1.0.0.202411081344/tools/bin/../lib/gcc/arm-none-eabi/13.3.1/thumb/v7e-m+fp/hard/crti.o
 .ARM.attributes
                0x00000022       0x34 C:/ST/STM32CubeIDE_1.19.0/STM32CubeIDE/plugins/com.st.stm32cube.ide.mcu.externaltools.gnu-tools-for-stm32.13.3.rel1.win32_1.0.0.202411081344/tools/bin/../lib/gcc/arm-none-eabi/13.3.1/thumb/v7e-m+fp/hard/crtbegin.o
 .ARM.attributes
                0x00000056       0x34 ./Core/Src/main.o
 .ARM.attributes
                0x0000008a       0x34 ./Core/Src/stm32l4xx_hal_msp.o
 .ARM.attributes
                0x000000be       0x34 ./Core/Src/stm32l4xx_it.o
 .ARM.attributes
                0x000000f2       0x34 ./Core/Src/system_stm32l4xx.o
 .ARM.attributes
                0x00000126       0x21 ./Core/Startup/startup_stm32l433rctx.o
 .ARM.attributes
                0x00000147       0x34 ./Drivers/STM32L4xx_HAL_Driver/Src/stm32l4xx_hal.o
 .ARM.attributes
                0x0000017b       0x34 ./Drivers/STM32L4xx_HAL_Driver/Src/stm32l4xx_hal_cortex.o
 .ARM.attributes
                0x000001af       0x34 ./Drivers/STM32L4xx_HAL_Driver/Src/stm32l4xx_hal_dma.o
 .ARM.attributes
                0x000001e3       0x34 ./Drivers/STM32L4xx_HAL_Driver/Src/stm32l4xx_hal_gpio.o
 .ARM.attributes
                0x00000217       0x34 ./Drivers/STM32L4xx_HAL_Driver/Src/stm32l4xx_hal_pcd.o
 .ARM.attributes
                0x0000024b       0x34 ./Drivers/STM32L4xx_HAL_Driver/Src/stm32l4xx_hal_pcd_ex.o
 .ARM.attributes
                0x0000027f       0x34 ./Drivers/STM32L4xx_HAL_Driver/Src/stm32l4xx_hal_pwr_ex.o
 .ARM.attributes
                0x000002b3       0x34 ./Drivers/STM32L4xx_HAL_Driver/Src/stm32l4xx_hal_rcc.o
 .ARM.attributes
                0x000002e7       0x34 ./Drivers/STM32L4xx_HAL_Driver/Src/stm32l4xx_hal_rcc_ex.o
 .ARM.attributes
                0x0000031b       0x34 ./Drivers/STM32L4xx_HAL_Driver/Src/stm32l4xx_hal_sai.o
 .ARM.attributes
                0x0000034f       0x34 ./Drivers/STM32L4xx_HAL_Driver/Src/stm32l4xx_ll_usb.o
 .ARM.attributes
                0x00000383       0x34 ./Middlewares/ST/STM32_USB_Device_Library/Class/AUDIO/Src/usbd_audio.o
 .ARM.attributes
                0x000003b7       0x34 ./Middlewares/ST/STM32_USB_Device_Library/Core/Src/usbd_core.o
 .ARM.attributes
                0x000003eb       0x34 ./Middlewares/ST/STM32_USB_Device_Library/Core/Src/usbd_ctlreq.o
 .ARM.attributes
                0x0000041f       0x34 ./Middlewares/ST/STM32_USB_Device_Library/Core/Src/usbd_ioreq.o
 .ARM.attributes
                0x00000453       0x34 ./USB_DEVICE/App/usb_device.o
 .ARM.attributes
                0x00000487       0x34 ./USB_DEVICE/App/usbd_audio_if.o
 .ARM.attributes
                0x000004bb       0x34 ./USB_DEVICE/App/usbd_desc.o
 .ARM.attributes
                0x000004ef       0x34 ./USB_DEVICE/Target/usbd_conf.o
 .ARM.attributes
                0x00000523       0x34 C:\Users\yosaha\STM32Cube\Repository\STM32Cube_FW_L4_V1.18.0\Drivers\CMSIS\DSP\Lib\GCC\libarm_cortexM4lf_math.a(arm_fir_interpolate_init_f32.o)
 .ARM.attributes
                0x00000557       0x34 C:/ST/STM32CubeIDE_1.19.0/STM32CubeIDE/plugins/com.st.stm32cube.ide.mcu.externaltools.gnu-tools-for-stm32.13.3.rel1.win32_1.0.0.202411081344/tools/bin/../lib/gcc/arm-none-eabi/13.3.1/../../../../arm-none-eabi/lib/thumb/v7e-m+fp/hard\libc_nano.a(libc_a-memset.o)
 .ARM.attributes
                0x0000058b       0x34 C:/ST/STM32CubeIDE_1.19.0/STM32CubeIDE/plugins/com.st.stm32cube.ide.mcu.externaltools.gnu-tools-for-stm32.13.3.rel1.win32_1.0.0.202411081344/tools/bin/../lib/gcc/arm-none-eabi/13.3.1/../../../../arm-none-eabi/lib/thumb/v7e-m+fp/hard\libc_nano.a(libc_a-init.o)
 .ARM.attributes
                0x000005bf       0x22 C:/ST/STM32CubeIDE_1.19.0/STM32CubeIDE/plugins/com.st.stm32cube.ide.mcu.externaltools.gnu-tools-for-stm32.13.3.rel1.win32_1.0.0.202411081344/tools/bin/../lib/gcc/arm-none-eabi/13.3.1/thumb/v7e-m+fp/hard/crtn.o
OUTPUT(SHIRAYURI-DAC.elf elf32-littlearm)
LOAD linker stubs
LOAD C:/ST/STM32CubeIDE_1.19.0/STM32CubeIDE/plugins/com.st.stm32cube.ide.mcu.externaltools.gnu-tools-for-stm32.13.3.rel1.win32_1.0.0.202411081344/tools/bin/../lib/gcc/arm-none-eabi/13.3.1/../../../../arm-none-eabi/lib/thumb/v7e-m+fp/hard\libc.a
LOAD C:/ST/STM32CubeIDE_1.19.0/STM32CubeIDE/plugins/com.st.stm32cube.ide.mcu.externaltools.gnu-tools-for-stm32.13.3.rel1.win32_1.0.0.202411081344/tools/bin/../lib/gcc/arm-none-eabi/13.3.1/../../../../arm-none-eabi/lib/thumb/v7e-m+fp/hard\libm.a
LOAD C:/ST/STM32CubeIDE_1.19.0/STM32CubeIDE/plugins/com.st.stm32cube.ide.mcu.externaltools.gnu-tools-for-stm32.13.3.rel1.win32_1.0.0.202411081344/tools/bin/../lib/gcc/arm-none-eabi/13.3.1/thumb/v7e-m+fp/hard\libgcc.a

.debug_info     0x00000000    0x12f78
 .debug_info    0x00000000     0x1397 ./Core/Src/main.o
 .debug_info    0x00001397      0xcf2 ./Core/Src/stm32l4xx_hal_msp.o
 .debug_info    0x00002089      0x860 ./Core/Src/stm32l4xx_it.o
 .debug_info    0x000028e9      0x5bf ./Core/Src/system_stm32l4xx.o
 .debug_info    0x00002ea8       0x30 ./Core/Startup/startup_stm32l433rctx.o
 .debug_info    0x00002ed8      0xa9f ./Drivers/STM32L4xx_HAL_Driver/Src/stm32l4xx_hal.o
 .debug_info    0x00003977      0xcf2 ./Drivers/STM32L4xx_HAL_Driver/Src/stm32l4xx_hal_cortex.o
 .debug_info    0x00004669      0x6f4 ./Drivers/STM32L4xx_HAL_Driver/Src/stm32l4xx_hal_dma.o
 .debug_info    0x00004d5d      0x757 ./Drivers/STM32L4xx_HAL_Driver/Src/stm32l4xx_hal_gpio.o
 .debug_info    0x000054b4     0x16a0 ./Drivers/STM32L4xx_HAL_Driver/Src/stm32l4xx_hal_pcd.o
 .debug_info    0x00006b54      0x828 ./Drivers/STM32L4xx_HAL_Driver/Src/stm32l4xx_hal_pcd_ex.o
 .debug_info    0x0000737c      0x920 ./Drivers/STM32L4xx_HAL_Driver/Src/stm32l4xx_hal_pwr_ex.o
 .debug_info    0x00007c9c      0xbc3 ./Drivers/STM32L4xx_HAL_Driver/Src/stm32l4xx_hal_rcc.o
 .debug_info    0x0000885f      0xf0c ./Drivers/STM32L4xx_HAL_Driver/Src/stm32l4xx_hal_rcc_ex.o
 .debug_info    0x0000976b     0x1183 ./Drivers/STM32L4xx_HAL_Driver/Src/stm32l4xx_hal_sai.o
 .debug_info    0x0000a8ee     0x17d2 ./Drivers/STM32L4xx_HAL_Driver/Src/stm32l4xx_ll_usb.o
 .debug_info    0x0000c0c0      0xf94 ./Middlewares/ST/STM32_USB_Device_Library/Class/AUDIO/Src/usbd_audio.o
 .debug_info    0x0000d054      0xe05 ./Middlewares/ST/STM32_USB_Device_Library/Core/Src/usbd_core.o
 .debug_info    0x0000de59      0xade ./Middlewares/ST/STM32_USB_Device_Library/Core/Src/usbd_ctlreq.o
 .debug_info    0x0000e937      0x755 ./Middlewares/ST/STM32_USB_Device_Library/Core/Src/usbd_ioreq.o
 .debug_info    0x0000f08c      0x72c ./USB_DEVICE/App/usb_device.o
 .debug_info    0x0000f7b8      0xa58 ./USB_DEVICE/App/usbd_audio_if.o
 .debug_info    0x00010210      0x458 ./USB_DEVICE/App/usbd_desc.o
 .debug_info    0x00010668     0x1ce8 ./USB_DEVICE/Target/usbd_conf.o
 .debug_info    0x00012350      0xc28 C:\Users\yosaha\STM32Cube\Repository\STM32Cube_FW_L4_V1.18.0\Drivers\CMSIS\DSP\Lib\GCC\libarm_cortexM4lf_math.a(arm_fir_interpolate_init_f32.o)

.debug_abbrev   0x00000000     0x3768
 .debug_abbrev  0x00000000      0x324 ./Core/Src/main.o
 .debug_abbrev  0x00000324      0x1e6 ./Core/Src/stm32l4xx_hal_msp.o
 .debug_abbrev  0x0000050a      0x1b4 ./Core/Src/stm32l4xx_it.o
 .debug_abbrev  0x000006be      0x11a ./Core/Src/system_stm32l4xx.o
 .debug_abbrev  0x000007d8       0x24 ./Core/Startup/startup_stm32l433rctx.o
 .debug_abbrev  0x000007fc      0x242 ./Drivers/STM32L4xx_HAL_Driver/Src/stm32l4xx_hal.o
 .debug_abbrev  0x00000a3e      0x327 ./Drivers/STM32L4xx_HAL_Driver/Src/stm32l4xx_hal_cortex.o
 .debug_abbrev  0x00000d65      0x1e4 ./Drivers/STM32L4xx_HAL_Driver/Src/stm32l4xx_hal_dma.o
 .debug_abbrev  0x00000f49      0x1cb ./Drivers/STM32L4xx_HAL_Driver/Src/stm32l4xx_hal_gpio.o
 .debug_abbrev  0x00001114      0x2ca ./Drivers/STM32L4xx_HAL_Driver/Src/stm32l4xx_hal_pcd.o
 .debug_abbrev  0x000013de      0x1e8 ./Drivers/STM32L4xx_HAL_Driver/Src/stm32l4xx_hal_pcd_ex.o
 .debug_abbrev  0x000015c6      0x1f9 ./Drivers/STM32L4xx_HAL_Driver/Src/stm32l4xx_hal_pwr_ex.o
 .debug_abbrev  0x000017bf      0x2cb ./Drivers/STM32L4xx_HAL_Driver/Src/stm32l4xx_hal_rcc.o
 .debug_abbrev  0x00001a8a      0x2a1 ./Drivers/STM32L4xx_HAL_Driver/Src/stm32l4xx_hal_rcc_ex.o
 .debug_abbrev  0x00001d2b      0x26d ./Drivers/STM32L4xx_HAL_Driver/Src/stm32l4xx_hal_sai.o
 .debug_abbrev  0x00001f98      0x1de ./Drivers/STM32L4xx_HAL_Driver/Src/stm32l4xx_ll_usb.o
 .debug_abbrev  0x00002176      0x353 ./Middlewares/ST/STM32_USB_Device_Library/Class/AUDIO/Src/usbd_audio.o
 .debug_abbrev  0x000024c9      0x27c ./Middlewares/ST/STM32_USB_Device_Library/Core/Src/usbd_core.o
 .debug_abbrev  0x00002745      0x26f ./Middlewares/ST/STM32_USB_Device_Library/Core/Src/usbd_ctlreq.o
 .debug_abbrev  0x000029b4      0x19a ./Middlewares/ST/STM32_USB_Device_Library/Core/Src/usbd_ioreq.o
 .debug_abbrev  0x00002b4e      0x1d0 ./USB_DEVICE/App/usb_device.o
 .debug_abbrev  0x00002d1e      0x2d9 ./USB_DEVICE/App/usbd_audio_if.o
 .debug_abbrev  0x00002ff7      0x1e1 ./USB_DEVICE/App/usbd_desc.o
 .debug_abbrev  0x000031d8      0x340 ./USB_DEVICE/Target/usbd_conf.o
 .debug_abbrev  0x00003518      0x250 C:\Users\yosaha\STM32Cube\Repository\STM32Cube_FW_L4_V1.18.0\Drivers\CMSIS\DSP\Lib\GCC\libarm_cortexM4lf_math.a(arm_fir_interpolate_init_f32.o)

.debug_aranges  0x00000000      0xf80
 .debug_aranges
                0x00000000       0x60 ./Core/Src/main.o
 .debug_aranges
                0x00000060       0x30 ./Core/Src/stm32l4xx_hal_msp.o
 .debug_aranges
                0x00000090       0x70 ./Core/Src/stm32l4xx_it.o
 .debug_aranges
                0x00000100       0x28 ./Core/Src/system_stm32l4xx.o
 .debug_aranges
                0x00000128       0x28 ./Core/Startup/startup_stm32l433rctx.o
 .debug_aranges
                0x00000150      0x130 ./Drivers/STM32L4xx_HAL_Driver/Src/stm32l4xx_hal.o
 .debug_aranges
                0x00000280      0x118 ./Drivers/STM32L4xx_HAL_Driver/Src/stm32l4xx_hal_cortex.o
 .debug_aranges
                0x00000398       0x80 ./Drivers/STM32L4xx_HAL_Driver/Src/stm32l4xx_hal_dma.o
 .debug_aranges
                0x00000418       0x58 ./Drivers/STM32L4xx_HAL_Driver/Src/stm32l4xx_hal_gpio.o
 .debug_aranges
                0x00000470      0x138 ./Drivers/STM32L4xx_HAL_Driver/Src/stm32l4xx_hal_pcd.o
 .debug_aranges
                0x000005a8       0x58 ./Drivers/STM32L4xx_HAL_Driver/Src/stm32l4xx_hal_pcd_ex.o
 .debug_aranges
                0x00000600      0x128 ./Drivers/STM32L4xx_HAL_Driver/Src/stm32l4xx_hal_pwr_ex.o
 .debug_aranges
                0x00000728       0x90 ./Drivers/STM32L4xx_HAL_Driver/Src/stm32l4xx_hal_rcc.o
 .debug_aranges
                0x000007b8       0xf0 ./Drivers/STM32L4xx_HAL_Driver/Src/stm32l4xx_hal_rcc_ex.o
 .debug_aranges
                0x000008a8      0x178 ./Drivers/STM32L4xx_HAL_Driver/Src/stm32l4xx_hal_sai.o
 .debug_aranges
                0x00000a20       0xf8 ./Drivers/STM32L4xx_HAL_Driver/Src/stm32l4xx_ll_usb.o
 .debug_aranges
                0x00000b18       0xa0 ./Middlewares/ST/STM32_USB_Device_Library/Class/AUDIO/Src/usbd_audio.o
 .debug_aranges
                0x00000bb8       0xd8 ./Middlewares/ST/STM32_USB_Device_Library/Core/Src/usbd_core.o
 .debug_aranges
                0x00000c90       0x90 ./Middlewares/ST/STM32_USB_Device_Library/Core/Src/usbd_ctlreq.o
 .debug_aranges
                0x00000d20       0x50 ./Middlewares/ST/STM32_USB_Device_Library/Core/Src/usbd_ioreq.o
 .debug_aranges
                0x00000d70       0x20 ./USB_DEVICE/App/usb_device.o
 .debug_aranges
                0x00000d90       0x60 ./USB_DEVICE/App/usbd_audio_if.o
 .debug_aranges
                0x00000df0       0x60 ./USB_DEVICE/App/usbd_desc.o
 .debug_aranges
                0x00000e50      0x110 ./USB_DEVICE/Target/usbd_conf.o
 .debug_aranges
                0x00000f60       0x20 C:\Users\yosaha\STM32Cube\Repository\STM32Cube_FW_L4_V1.18.0\Drivers\CMSIS\DSP\Lib\GCC\libarm_cortexM4lf_math.a(arm_fir_interpolate_init_f32.o)

.debug_rnglists
                0x00000000      0xb83
 .debug_rnglists
                0x00000000       0x48 ./Core/Src/main.o
 .debug_rnglists
                0x00000048       0x20 ./Core/Src/stm32l4xx_hal_msp.o
 .debug_rnglists
                0x00000068       0x4f ./Core/Src/stm32l4xx_it.o
 .debug_rnglists
                0x000000b7       0x1a ./Core/Src/system_stm32l4xx.o
 .debug_rnglists
                0x000000d1       0x19 ./Core/Startup/startup_stm32l433rctx.o
 .debug_rnglists
                0x000000ea       0xdf ./Drivers/STM32L4xx_HAL_Driver/Src/stm32l4xx_hal.o
 .debug_rnglists
                0x000001c9       0xce ./Drivers/STM32L4xx_HAL_Driver/Src/stm32l4xx_hal_cortex.o
 .debug_rnglists
                0x00000297       0x64 ./Drivers/STM32L4xx_HAL_Driver/Src/stm32l4xx_hal_dma.o
 .debug_rnglists
                0x000002fb       0x3f ./Drivers/STM32L4xx_HAL_Driver/Src/stm32l4xx_hal_gpio.o
 .debug_rnglists
                0x0000033a       0xee ./Drivers/STM32L4xx_HAL_Driver/Src/stm32l4xx_hal_pcd.o
 .debug_rnglists
                0x00000428       0x3f ./Drivers/STM32L4xx_HAL_Driver/Src/stm32l4xx_hal_pcd_ex.o
 .debug_rnglists
                0x00000467       0xdf ./Drivers/STM32L4xx_HAL_Driver/Src/stm32l4xx_hal_pwr_ex.o
 .debug_rnglists
                0x00000546       0x6d ./Drivers/STM32L4xx_HAL_Driver/Src/stm32l4xx_hal_rcc.o
 .debug_rnglists
                0x000005b3       0xba ./Drivers/STM32L4xx_HAL_Driver/Src/stm32l4xx_hal_rcc_ex.o
 .debug_rnglists
                0x0000066d      0x136 ./Drivers/STM32L4xx_HAL_Driver/Src/stm32l4xx_hal_sai.o
 .debug_rnglists
                0x000007a3       0xbd ./Drivers/STM32L4xx_HAL_Driver/Src/stm32l4xx_ll_usb.o
 .debug_rnglists
                0x00000860       0x7a ./Middlewares/ST/STM32_USB_Device_Library/Class/AUDIO/Src/usbd_audio.o
 .debug_rnglists
                0x000008da       0xa1 ./Middlewares/ST/STM32_USB_Device_Library/Core/Src/usbd_core.o
 .debug_rnglists
                0x0000097b       0x6e ./Middlewares/ST/STM32_USB_Device_Library/Core/Src/usbd_ctlreq.o
 .debug_rnglists
                0x000009e9       0x37 ./Middlewares/ST/STM32_USB_Device_Library/Core/Src/usbd_ioreq.o
 .debug_rnglists
                0x00000a20       0x13 ./USB_DEVICE/App/usb_device.o
 .debug_rnglists
                0x00000a33       0x45 ./USB_DEVICE/App/usbd_audio_if.o
 .debug_rnglists
                0x00000a78       0x43 ./USB_DEVICE/App/usbd_desc.o
 .debug_rnglists
                0x00000abb       0xc8 ./USB_DEVICE/Target/usbd_conf.o

.debug_macro    0x00000000    0x245a9
 .debug_macro   0x00000000      0x3c8 ./Core/Src/main.o
 .debug_macro   0x000003c8      0xad8 ./Core/Src/main.o
 .debug_macro   0x00000ea0      0x1a7 ./Core/Src/main.o
 .debug_macro   0x00001047       0x2e ./Core/Src/main.o
 .debug_macro   0x00001075       0x28 ./Core/Src/main.o
 .debug_macro   0x0000109d       0x22 ./Core/Src/main.o
 .debug_macro   0x000010bf       0x8e ./Core/Src/main.o
 .debug_macro   0x0000114d       0x51 ./Core/Src/main.o
 .debug_macro   0x0000119e      0x103 ./Core/Src/main.o
 .debug_macro   0x000012a1       0x6a ./Core/Src/main.o
 .debug_macro   0x0000130b      0x1df ./Core/Src/main.o
 .debug_macro   0x000014ea       0x1c ./Core/Src/main.o
 .debug_macro   0x00001506       0x22 ./Core/Src/main.o
 .debug_macro   0x00001528       0xfb ./Core/Src/main.o
 .debug_macro   0x00001623     0x1011 ./Core/Src/main.o
 .debug_macro   0x00002634      0x11f ./Core/Src/main.o
 .debug_macro   0x00002753    0x16153 ./Core/Src/main.o
 .debug_macro   0x000188a6       0x6d ./Core/Src/main.o
 .debug_macro   0x00018913     0x38e6 ./Core/Src/main.o
 .debug_macro   0x0001c1f9      0x190 ./Core/Src/main.o
 .debug_macro   0x0001c389       0x5c ./Core/Src/main.o
 .debug_macro   0x0001c3e5     0x13b4 ./Core/Src/main.o
 .debug_macro   0x0001d799      0x5dd ./Core/Src/main.o
 .debug_macro   0x0001dd76      0x1b9 ./Core/Src/main.o
 .debug_macro   0x0001df2f      0x130 ./Core/Src/main.o
 .debug_macro   0x0001e05f      0x26b ./Core/Src/main.o
 .debug_macro   0x0001e2ca      0x23d ./Core/Src/main.o
 .debug_macro   0x0001e507      0x241 ./Core/Src/main.o
 .debug_macro   0x0001e748      0x375 ./Core/Src/main.o
 .debug_macro   0x0001eabd       0xd6 ./Core/Src/main.o
 .debug_macro   0x0001eb93       0xab ./Core/Src/main.o
 .debug_macro   0x0001ec3e      0x22d ./Core/Src/main.o
 .debug_macro   0x0001ee6b      0x122 ./Core/Src/main.o
 .debug_macro   0x0001ef8d      0x364 ./Core/Src/main.o
 .debug_macro   0x0001f2f1      0x447 ./Core/Src/main.o
 .debug_macro   0x0001f738      0x26d ./Core/Src/main.o
 .debug_macro   0x0001f9a5       0x40 ./Core/Src/main.o
 .debug_macro   0x0001f9e5       0x61 ./Core/Src/main.o
 .debug_macro   0x0001fa46       0x2a ./Core/Src/main.o
 .debug_macro   0x0001fa70       0x43 ./Core/Src/main.o
 .debug_macro   0x0001fab3       0x34 ./Core/Src/main.o
 .debug_macro   0x0001fae7       0x16 ./Core/Src/main.o
 .debug_macro   0x0001fafd       0x3c ./Core/Src/main.o
 .debug_macro   0x0001fb39      0x370 ./Core/Src/main.o
 .debug_macro   0x0001fea9       0x10 ./Core/Src/main.o
 .debug_macro   0x0001feb9       0x16 ./Core/Src/main.o
 .debug_macro   0x0001fecf       0x4a ./Core/Src/main.o
 .debug_macro   0x0001ff19       0x34 ./Core/Src/main.o
 .debug_macro   0x0001ff4d       0x10 ./Core/Src/main.o
 .debug_macro   0x0001ff5d       0x58 ./Core/Src/main.o
 .debug_macro   0x0001ffb5       0x8e ./Core/Src/main.o
 .debug_macro   0x00020043       0x1c ./Core/Src/main.o
 .debug_macro   0x0002005f      0x185 ./Core/Src/main.o
 .debug_macro   0x000201e4       0x16 ./Core/Src/main.o
 .debug_macro   0x000201fa       0x16 ./Core/Src/main.o
 .debug_macro   0x00020210      0x146 ./Core/Src/main.o
 .debug_macro   0x00020356       0x16 ./Core/Src/main.o
 .debug_macro   0x0002036c       0x16 ./Core/Src/main.o
 .debug_macro   0x00020382       0x29 ./Core/Src/main.o
 .debug_macro   0x000203ab       0x16 ./Core/Src/main.o
 .debug_macro   0x000203c1       0x20 ./Core/Src/main.o
 .debug_macro   0x000203e1       0x65 ./Core/Src/main.o
 .debug_macro   0x00020446      0x20f ./Core/Src/main.o
 .debug_macro   0x00020655      0x19b ./Core/Src/main.o
 .debug_macro   0x000207f0      0x201 ./Core/Src/main.o
 .debug_macro   0x000209f1       0xc8 ./Core/Src/main.o
 .debug_macro   0x00020ab9       0xef ./Core/Src/main.o
 .debug_macro   0x00020ba8      0x1d5 ./Core/Src/stm32l4xx_hal_msp.o
 .debug_macro   0x00020d7d      0x1df ./Core/Src/stm32l4xx_it.o
 .debug_macro   0x00020f5c      0x1c6 ./Core/Src/system_stm32l4xx.o
 .debug_macro   0x00021122      0x214 ./Drivers/STM32L4xx_HAL_Driver/Src/stm32l4xx_hal.o
 .debug_macro   0x00021336      0x1c6 ./Drivers/STM32L4xx_HAL_Driver/Src/stm32l4xx_hal_cortex.o
 .debug_macro   0x000214fc      0x1c6 ./Drivers/STM32L4xx_HAL_Driver/Src/stm32l4xx_hal_dma.o
 .debug_macro   0x000216c2      0x1cd ./Drivers/STM32L4xx_HAL_Driver/Src/stm32l4xx_hal_gpio.o
 .debug_macro   0x0002188f      0x1d2 ./Drivers/STM32L4xx_HAL_Driver/Src/stm32l4xx_hal_pcd.o
 .debug_macro   0x00021a61      0x1c6 ./Drivers/STM32L4xx_HAL_Driver/Src/stm32l4xx_hal_pcd_ex.o
 .debug_macro   0x00021c27      0x1ea ./Drivers/STM32L4xx_HAL_Driver/Src/stm32l4xx_hal_pwr_ex.o
 .debug_macro   0x00021e11      0x208 ./Drivers/STM32L4xx_HAL_Driver/Src/stm32l4xx_hal_rcc.o
 .debug_macro   0x00022019      0x1fc ./Drivers/STM32L4xx_HAL_Driver/Src/stm32l4xx_hal_rcc_ex.o
 .debug_macro   0x00022215      0x1e3 ./Drivers/STM32L4xx_HAL_Driver/Src/stm32l4xx_hal_sai.o
 .debug_macro   0x000223f8      0x1c6 ./Drivers/STM32L4xx_HAL_Driver/Src/stm32l4xx_ll_usb.o
 .debug_macro   0x000225be      0x370 ./Middlewares/ST/STM32_USB_Device_Library/Class/AUDIO/Src/usbd_audio.o
 .debug_macro   0x0002292e       0x9e ./Middlewares/ST/STM32_USB_Device_Library/Class/AUDIO/Src/usbd_audio.o
 .debug_macro   0x000229cc      0x112 ./Middlewares/ST/STM32_USB_Device_Library/Class/AUDIO/Src/usbd_audio.o
 .debug_macro   0x00022ade       0x56 ./Middlewares/ST/STM32_USB_Device_Library/Class/AUDIO/Src/usbd_audio.o
 .debug_macro   0x00022b34      0x34b ./Middlewares/ST/STM32_USB_Device_Library/Core/Src/usbd_core.o
 .debug_macro   0x00022e7f      0x215 ./Middlewares/ST/STM32_USB_Device_Library/Core/Src/usbd_core.o
 .debug_macro   0x00023094      0x355 ./Middlewares/ST/STM32_USB_Device_Library/Core/Src/usbd_ctlreq.o
 .debug_macro   0x000233e9      0x351 ./Middlewares/ST/STM32_USB_Device_Library/Core/Src/usbd_ioreq.o
 .debug_macro   0x0002373a      0x385 ./USB_DEVICE/App/usb_device.o
 .debug_macro   0x00023abf       0x46 ./USB_DEVICE/App/usb_device.o
 .debug_macro   0x00023b05       0x22 ./USB_DEVICE/App/usb_device.o
 .debug_macro   0x00023b27      0x370 ./USB_DEVICE/App/usbd_audio_if.o
 .debug_macro   0x00023e97      0x38e ./USB_DEVICE/App/usbd_desc.o
 .debug_macro   0x00024225       0x1c ./USB_DEVICE/App/usbd_desc.o
 .debug_macro   0x00024241      0x368 ./USB_DEVICE/Target/usbd_conf.o

.debug_line     0x00000000    0x13f6f
 .debug_line    0x00000000      0xcc8 ./Core/Src/main.o
 .debug_line    0x00000cc8      0x82c ./Core/Src/stm32l4xx_hal_msp.o
 .debug_line    0x000014f4      0x85a ./Core/Src/stm32l4xx_it.o
 .debug_line    0x00001d4e      0x819 ./Core/Src/system_stm32l4xx.o
 .debug_line    0x00002567       0x7a ./Core/Startup/startup_stm32l433rctx.o
 .debug_line    0x000025e1      0xb81 ./Drivers/STM32L4xx_HAL_Driver/Src/stm32l4xx_hal.o
 .debug_line    0x00003162      0xcf2 ./Drivers/STM32L4xx_HAL_Driver/Src/stm32l4xx_hal_cortex.o
 .debug_line    0x00003e54      0xd5b ./Drivers/STM32L4xx_HAL_Driver/Src/stm32l4xx_hal_dma.o
 .debug_line    0x00004baf      0xb81 ./Drivers/STM32L4xx_HAL_Driver/Src/stm32l4xx_hal_gpio.o
 .debug_line    0x00005730     0x137c ./Drivers/STM32L4xx_HAL_Driver/Src/stm32l4xx_hal_pcd.o
 .debug_line    0x00006aac      0x91d ./Drivers/STM32L4xx_HAL_Driver/Src/stm32l4xx_hal_pcd_ex.o
 .debug_line    0x000073c9      0xc7e ./Drivers/STM32L4xx_HAL_Driver/Src/stm32l4xx_hal_pwr_ex.o
 .debug_line    0x00008047     0x1122 ./Drivers/STM32L4xx_HAL_Driver/Src/stm32l4xx_hal_rcc.o
 .debug_line    0x00009169     0x1454 ./Drivers/STM32L4xx_HAL_Driver/Src/stm32l4xx_hal_rcc_ex.o
 .debug_line    0x0000a5bd     0x1a67 ./Drivers/STM32L4xx_HAL_Driver/Src/stm32l4xx_hal_sai.o
 .debug_line    0x0000c024     0x119c ./Drivers/STM32L4xx_HAL_Driver/Src/stm32l4xx_ll_usb.o
 .debug_line    0x0000d1c0      0xf6f ./Middlewares/ST/STM32_USB_Device_Library/Class/AUDIO/Src/usbd_audio.o
 .debug_line    0x0000e12f      0xf7d ./Middlewares/ST/STM32_USB_Device_Library/Core/Src/usbd_core.o
 .debug_line    0x0000f0ac     0x113e ./Middlewares/ST/STM32_USB_Device_Library/Core/Src/usbd_ctlreq.o
 .debug_line    0x000101ea      0xa93 ./Middlewares/ST/STM32_USB_Device_Library/Core/Src/usbd_ioreq.o
 .debug_line    0x00010c7d      0xa65 ./USB_DEVICE/App/usb_device.o
 .debug_line    0x000116e2      0xb50 ./USB_DEVICE/App/usbd_audio_if.o
 .debug_line    0x00012232      0xb08 ./USB_DEVICE/App/usbd_desc.o
 .debug_line    0x00012d3a      0xf7a ./USB_DEVICE/Target/usbd_conf.o
 .debug_line    0x00013cb4      0x2bb C:\Users\yosaha\STM32Cube\Repository\STM32Cube_FW_L4_V1.18.0\Drivers\CMSIS\DSP\Lib\GCC\libarm_cortexM4lf_math.a(arm_fir_interpolate_init_f32.o)

.debug_str      0x00000000    0xcf396
 .debug_str     0x00000000    0xcf396 ./Core/Src/main.o
                              0xcb2dc (size before relaxing)
 .debug_str     0x000cf396    0xc4fa8 ./Core/Src/stm32l4xx_hal_msp.o
 .debug_str     0x000cf396    0xc4cc4 ./Core/Src/stm32l4xx_it.o
 .debug_str     0x000cf396    0xc47bd ./Core/Src/system_stm32l4xx.o
 .debug_str     0x000cf396       0x86 ./Core/Startup/startup_stm32l433rctx.o
 .debug_str     0x000cf396    0xc527f ./Drivers/STM32L4xx_HAL_Driver/Src/stm32l4xx_hal.o
 .debug_str     0x000cf396    0xc4f30 ./Drivers/STM32L4xx_HAL_Driver/Src/stm32l4xx_hal_cortex.o
 .debug_str     0x000cf396    0xc4a24 ./Drivers/STM32L4xx_HAL_Driver/Src/stm32l4xx_hal_dma.o
 .debug_str     0x000cf396    0xc4931 ./Drivers/STM32L4xx_HAL_Driver/Src/stm32l4xx_hal_gpio.o
 .debug_str     0x000cf396    0xc4fa0 ./Drivers/STM32L4xx_HAL_Driver/Src/stm32l4xx_hal_pcd.o
 .debug_str     0x000cf396    0xc4b70 ./Drivers/STM32L4xx_HAL_Driver/Src/stm32l4xx_hal_pcd_ex.o
 .debug_str     0x000cf396    0xc4c65 ./Drivers/STM32L4xx_HAL_Driver/Src/stm32l4xx_hal_pwr_ex.o
 .debug_str     0x000cf396    0xc4dbd ./Drivers/STM32L4xx_HAL_Driver/Src/stm32l4xx_hal_rcc.o
 .debug_str     0x000cf396    0xc505a ./Drivers/STM32L4xx_HAL_Driver/Src/stm32l4xx_hal_rcc_ex.o
 .debug_str     0x000cf396    0xc4f48 ./Drivers/STM32L4xx_HAL_Driver/Src/stm32l4xx_hal_sai.o
 .debug_str     0x000cf396    0xc4b28 ./Drivers/STM32L4xx_HAL_Driver/Src/stm32l4xx_ll_usb.o
 .debug_str     0x000cf396    0xc998a ./Middlewares/ST/STM32_USB_Device_Library/Class/AUDIO/Src/usbd_audio.o
 .debug_str     0x000cf396    0xc9204 ./Middlewares/ST/STM32_USB_Device_Library/Core/Src/usbd_core.o
 .debug_str     0x000cf396    0xc902f ./Middlewares/ST/STM32_USB_Device_Library/Core/Src/usbd_ctlreq.o
 .debug_str     0x000cf396    0xc8f04 ./Middlewares/ST/STM32_USB_Device_Library/Core/Src/usbd_ioreq.o
 .debug_str     0x000cf396    0xc948b ./USB_DEVICE/App/usb_device.o
 .debug_str     0x000cf396    0xc95a5 ./USB_DEVICE/App/usbd_audio_if.o
 .debug_str     0x000cf396    0xc8e00 ./USB_DEVICE/App/usbd_desc.o
 .debug_str     0x000cf396    0xca366 ./USB_DEVICE/Target/usbd_conf.o
 .debug_str     0x000cf396      0x79d C:\Users\yosaha\STM32Cube\Repository\STM32Cube_FW_L4_V1.18.0\Drivers\CMSIS\DSP\Lib\GCC\libarm_cortexM4lf_math.a(arm_fir_interpolate_init_f32.o)

.comment        0x00000000       0xb8
 .comment       0x00000000       0xb8 ./Core/Src/main.o
                                 0x44 (size before relaxing)
 .comment       0x000000b8       0x44 ./Core/Src/stm32l4xx_hal_msp.o
 .comment       0x000000b8       0x44 ./Core/Src/stm32l4xx_it.o
 .comment       0x000000b8       0x44 ./Core/Src/system_stm32l4xx.o
 .comment       0x000000b8       0x44 ./Drivers/STM32L4xx_HAL_Driver/Src/stm32l4xx_hal.o
 .comment       0x000000b8       0x44 ./Drivers/STM32L4xx_HAL_Driver/Src/stm32l4xx_hal_cortex.o
 .comment       0x000000b8       0x44 ./Drivers/STM32L4xx_HAL_Driver/Src/stm32l4xx_hal_dma.o
 .comment       0x000000b8       0x44 ./Drivers/STM32L4xx_HAL_Driver/Src/stm32l4xx_hal_gpio.o
 .comment       0x000000b8       0x44 ./Drivers/STM32L4xx_HAL_Driver/Src/stm32l4xx_hal_pcd.o
 .comment       0x000000b8       0x44 ./Drivers/STM32L4xx_HAL_Driver/Src/stm32l4xx_hal_pcd_ex.o
 .comment       0x000000b8       0x44 ./Drivers/STM32L4xx_HAL_Driver/Src/stm32l4xx_hal_pwr_ex.o
 .comment       0x000000b8       0x44 ./Drivers/STM32L4xx_HAL_Driver/Src/stm32l4xx_hal_rcc.o
 .comment       0x000000b8       0x44 ./Drivers/STM32L4xx_HAL_Driver/Src/stm32l4xx_hal_rcc_ex.o
 .comment       0x000000b8       0x44 ./Drivers/STM32L4xx_HAL_Driver/Src/stm32l4xx_hal_sai.o
 .comment       0x000000b8       0x44 ./Drivers/STM32L4xx_HAL_Driver/Src/stm32l4xx_ll_usb.o
 .comment       0x000000b8       0x44 ./Middlewares/ST/STM32_USB_Device_Library/Class/AUDIO/Src/usbd_audio.o
 .comment       0x000000b8       0x44 ./Middlewares/ST/STM32_USB_Device_Library/Core/Src/usbd_core.o
 .comment       0x000000b8       0x44 ./Middlewares/ST/STM32_USB_Device_Library/Core/Src/usbd_ctlreq.o
 .comment       0x000000b8       0x44 ./Middlewares/ST/STM32_USB_Device_Library/Core/Src/usbd_ioreq.o
 .comment       0x000000b8       0x44 ./USB_DEVICE/App/usb_device.o
 .comment       0x000000b8       0x44 ./USB_DEVICE/App/usbd_audio_if.o
 .comment       0x000000b8       0x44 ./USB_DEVICE/App/usbd_desc.o
 .comment       0x000000b8       0x44 ./USB_DEVICE/Target/usbd_conf.o
 .comment       0x000000b8       0x76 C:\Users\yosaha\STM32Cube\Repository\STM32Cube_FW_L4_V1.18.0\Drivers\CMSIS\DSP\Lib\GCC\libarm_cortexM4lf_math.a(arm_fir_interpolate_init_f32.o)

.debug_frame    0x00000000     0x3d70
 .debug_frame   0x00000000      0x140 ./Core/Src/main.o
 .debug_frame   0x00000140       0x84 ./Core/Src/stm32l4xx_hal_msp.o
 .debug_frame   0x000001c4      0x13c ./Core/Src/stm32l4xx_it.o
 .debug_frame   0x00000300       0x58 ./Core/Src/system_stm32l4xx.o
 .debug_frame   0x00000358      0x498 ./Drivers/STM32L4xx_HAL_Driver/Src/stm32l4xx_hal.o
 .debug_frame   0x000007f0      0x498 ./Drivers/STM32L4xx_HAL_Driver/Src/stm32l4xx_hal_cortex.o
 .debug_frame   0x00000c88      0x204 ./Drivers/STM32L4xx_HAL_Driver/Src/stm32l4xx_hal_dma.o
 .debug_frame   0x00000e8c      0x14c ./Drivers/STM32L4xx_HAL_Driver/Src/stm32l4xx_hal_gpio.o
 .debug_frame   0x00000fd8      0x574 ./Drivers/STM32L4xx_HAL_Driver/Src/stm32l4xx_hal_pcd.o
 .debug_frame   0x0000154c      0x14c ./Drivers/STM32L4xx_HAL_Driver/Src/stm32l4xx_hal_pcd_ex.o
 .debug_frame   0x00001698      0x4a4 ./Drivers/STM32L4xx_HAL_Driver/Src/stm32l4xx_hal_pwr_ex.o
 .debug_frame   0x00001b3c      0x21c ./Drivers/STM32L4xx_HAL_Driver/Src/stm32l4xx_hal_rcc.o
 .debug_frame   0x00001d58      0x3d0 ./Drivers/STM32L4xx_HAL_Driver/Src/stm32l4xx_hal_rcc_ex.o
 .debug_frame   0x00002128      0x69c ./Drivers/STM32L4xx_HAL_Driver/Src/stm32l4xx_hal_sai.o
 .debug_frame   0x000027c4      0x478 ./Drivers/STM32L4xx_HAL_Driver/Src/stm32l4xx_ll_usb.o
 .debug_frame   0x00002c3c      0x290 ./Middlewares/ST/STM32_USB_Device_Library/Class/AUDIO/Src/usbd_audio.o
 .debug_frame   0x00002ecc      0x390 ./Middlewares/ST/STM32_USB_Device_Library/Core/Src/usbd_core.o
 .debug_frame   0x0000325c      0x23c ./Middlewares/ST/STM32_USB_Device_Library/Core/Src/usbd_ctlreq.o
 .debug_frame   0x00003498      0x10c ./Middlewares/ST/STM32_USB_Device_Library/Core/Src/usbd_ioreq.o
 .debug_frame   0x000035a4       0x2c ./USB_DEVICE/App/usb_device.o
 .debug_frame   0x000035d0      0x154 ./USB_DEVICE/App/usbd_audio_if.o
 .debug_frame   0x00003724      0x160 ./USB_DEVICE/App/usbd_desc.o
 .debug_frame   0x00003884      0x470 ./USB_DEVICE/Target/usbd_conf.o
 .debug_frame   0x00003cf4       0x30 C:\Users\yosaha\STM32Cube\Repository\STM32Cube_FW_L4_V1.18.0\Drivers\CMSIS\DSP\Lib\GCC\libarm_cortexM4lf_math.a(arm_fir_interpolate_init_f32.o)
 .debug_frame   0x00003d24       0x20 C:/ST/STM32CubeIDE_1.19.0/STM32CubeIDE/plugins/com.st.stm32cube.ide.mcu.externaltools.gnu-tools-for-stm32.13.3.rel1.win32_1.0.0.202411081344/tools/bin/../lib/gcc/arm-none-eabi/13.3.1/../../../../arm-none-eabi/lib/thumb/v7e-m+fp/hard\libc_nano.a(libc_a-memset.o)
 .debug_frame   0x00003d44       0x2c C:/ST/STM32CubeIDE_1.19.0/STM32CubeIDE/plugins/com.st.stm32cube.ide.mcu.externaltools.gnu-tools-for-stm32.13.3.rel1.win32_1.0.0.202411081344/tools/bin/../lib/gcc/arm-none-eabi/13.3.1/../../../../arm-none-eabi/lib/thumb/v7e-m+fp/hard\libc_nano.a(libc_a-init.o)

.debug_line_str
                0x00000000       0x6a
 .debug_line_str
                0x00000000       0x6a ./Core/Startup/startup_stm32l433rctx.o

.debug_loc      0x00000000      0x189
 .debug_loc     0x00000000      0x189 C:\Users\yosaha\STM32Cube\Repository\STM32Cube_FW_L4_V1.18.0\Drivers\CMSIS\DSP\Lib\GCC\libarm_cortexM4lf_math.a(arm_fir_interpolate_init_f32.o)

.debug_ranges   0x00000000       0x10
 .debug_ranges  0x00000000       0x10 C:\Users\yosaha\STM32Cube\Repository\STM32Cube_FW_L4_V1.18.0\Drivers\CMSIS\DSP\Lib\GCC\libarm_cortexM4lf_math.a(arm_fir_interpolate_init_f32.o)
