../USB_DEVICE/App/usbd_audio_if.c:196:15:AUDIO_Init_FS	0	static
../USB_DEVICE/App/usbd_audio_if.c:211:15:AUDIO_DeInit_FS	0	static
../USB_DEVICE/App/usbd_audio_if.c:271:15:AUDIO_VolumeCtl_FS	0	static
../USB_DEVICE/App/usbd_audio_if.c:297:15:AUDIO_PeriodicTC_FS	28	static
../USB_DEVICE/App/usbd_audio_if.c:324:15:AUDIO_GetState_FS	0	static
../USB_DEVICE/App/usbd_audio_if.c:226:15:AUDIO_AudioCmd_FS	8	static
../USB_DEVICE/App/usbd_audio_if.c:284:15:AUDIO_MuteCtl_FS	0	static
../USB_DEVICE/App/usbd_audio_if.c:335:6:TransferComplete_CallBack_FS	0	static
../USB_DEVICE/App/usbd_audio_if.c:346:6:HalfTransfer_CallBack_FS	0	static
../USB_DEVICE/App/usbd_audio_if.c:354:6:DSP_Process_Upsample	16	static,ignoring_inline_asm
