Archive member included to satisfy reference by file (symbol)

C:\Users\yosaha\STM32Cube\Repository\STM32Cube_FW_L4_V1.18.0\Drivers\CMSIS\DSP\Lib\GCC\libarm_cortexM4lf_math.a(arm_fir_interpolate_init_f32.o)
                              ./Core/Src/main.o (arm_fir_interpolate_init_f32)
C:\Users\yosaha\STM32Cube\Repository\STM32Cube_FW_L4_V1.18.0\Drivers\CMSIS\DSP\Lib\GCC\libarm_cortexM4lf_math.a(arm_fir_interpolate_f32.o)
                              ./USB_DEVICE/App/usbd_audio_if.o (arm_fir_interpolate_f32)
C:/ST/STM32CubeIDE_1.19.0/STM32CubeIDE/plugins/com.st.stm32cube.ide.mcu.externaltools.gnu-tools-for-stm32.13.3.rel1.win32_1.0.0.202411081344/tools/bin/../lib/gcc/arm-none-eabi/13.3.1/../../../../arm-none-eabi/lib/thumb/v7e-m+fp/hard\libc_nano.a(libc_a-exit.o)
                              C:/ST/STM32CubeIDE_1.19.0/STM32CubeIDE/plugins/com.st.stm32cube.ide.mcu.externaltools.gnu-tools-for-stm32.13.3.rel1.win32_1.0.0.202411081344/tools/bin/../lib/gcc/arm-none-eabi/13.3.1/../../../../arm-none-eabi/lib/thumb/v7e-m+fp/hard/crt0.o (exit)
C:/ST/STM32CubeIDE_1.19.0/STM32CubeIDE/plugins/com.st.stm32cube.ide.mcu.externaltools.gnu-tools-for-stm32.13.3.rel1.win32_1.0.0.202411081344/tools/bin/../lib/gcc/arm-none-eabi/13.3.1/../../../../arm-none-eabi/lib/thumb/v7e-m+fp/hard\libc_nano.a(libc_a-findfp.o)
                              C:/ST/STM32CubeIDE_1.19.0/STM32CubeIDE/plugins/com.st.stm32cube.ide.mcu.externaltools.gnu-tools-for-stm32.13.3.rel1.win32_1.0.0.202411081344/tools/bin/../lib/gcc/arm-none-eabi/13.3.1/../../../../arm-none-eabi/lib/thumb/v7e-m+fp/hard\libc_nano.a(libc_a-exit.o) (__stdio_exit_handler)
C:/ST/STM32CubeIDE_1.19.0/STM32CubeIDE/plugins/com.st.stm32cube.ide.mcu.externaltools.gnu-tools-for-stm32.13.3.rel1.win32_1.0.0.202411081344/tools/bin/../lib/gcc/arm-none-eabi/13.3.1/../../../../arm-none-eabi/lib/thumb/v7e-m+fp/hard\libc_nano.a(libc_a-fwalk.o)
                              C:/ST/STM32CubeIDE_1.19.0/STM32CubeIDE/plugins/com.st.stm32cube.ide.mcu.externaltools.gnu-tools-for-stm32.13.3.rel1.win32_1.0.0.202411081344/tools/bin/../lib/gcc/arm-none-eabi/13.3.1/../../../../arm-none-eabi/lib/thumb/v7e-m+fp/hard\libc_nano.a(libc_a-findfp.o) (_fwalk_sglue)
C:/ST/STM32CubeIDE_1.19.0/STM32CubeIDE/plugins/com.st.stm32cube.ide.mcu.externaltools.gnu-tools-for-stm32.13.3.rel1.win32_1.0.0.202411081344/tools/bin/../lib/gcc/arm-none-eabi/13.3.1/../../../../arm-none-eabi/lib/thumb/v7e-m+fp/hard\libc_nano.a(libc_a-stdio.o)
                              C:/ST/STM32CubeIDE_1.19.0/STM32CubeIDE/plugins/com.st.stm32cube.ide.mcu.externaltools.gnu-tools-for-stm32.13.3.rel1.win32_1.0.0.202411081344/tools/bin/../lib/gcc/arm-none-eabi/13.3.1/../../../../arm-none-eabi/lib/thumb/v7e-m+fp/hard\libc_nano.a(libc_a-findfp.o) (__sread)
C:/ST/STM32CubeIDE_1.19.0/STM32CubeIDE/plugins/com.st.stm32cube.ide.mcu.externaltools.gnu-tools-for-stm32.13.3.rel1.win32_1.0.0.202411081344/tools/bin/../lib/gcc/arm-none-eabi/13.3.1/../../../../arm-none-eabi/lib/thumb/v7e-m+fp/hard\libc_nano.a(libc_a-memset.o)
                              C:/ST/STM32CubeIDE_1.19.0/STM32CubeIDE/plugins/com.st.stm32cube.ide.mcu.externaltools.gnu-tools-for-stm32.13.3.rel1.win32_1.0.0.202411081344/tools/bin/../lib/gcc/arm-none-eabi/13.3.1/../../../../arm-none-eabi/lib/thumb/v7e-m+fp/hard/crt0.o (memset)
C:/ST/STM32CubeIDE_1.19.0/STM32CubeIDE/plugins/com.st.stm32cube.ide.mcu.externaltools.gnu-tools-for-stm32.13.3.rel1.win32_1.0.0.202411081344/tools/bin/../lib/gcc/arm-none-eabi/13.3.1/../../../../arm-none-eabi/lib/thumb/v7e-m+fp/hard\libc_nano.a(libc_a-closer.o)
                              C:/ST/STM32CubeIDE_1.19.0/STM32CubeIDE/plugins/com.st.stm32cube.ide.mcu.externaltools.gnu-tools-for-stm32.13.3.rel1.win32_1.0.0.202411081344/tools/bin/../lib/gcc/arm-none-eabi/13.3.1/../../../../arm-none-eabi/lib/thumb/v7e-m+fp/hard\libc_nano.a(libc_a-stdio.o) (_close_r)
C:/ST/STM32CubeIDE_1.19.0/STM32CubeIDE/plugins/com.st.stm32cube.ide.mcu.externaltools.gnu-tools-for-stm32.13.3.rel1.win32_1.0.0.202411081344/tools/bin/../lib/gcc/arm-none-eabi/13.3.1/../../../../arm-none-eabi/lib/thumb/v7e-m+fp/hard\libc_nano.a(libc_a-reent.o)
                              C:/ST/STM32CubeIDE_1.19.0/STM32CubeIDE/plugins/com.st.stm32cube.ide.mcu.externaltools.gnu-tools-for-stm32.13.3.rel1.win32_1.0.0.202411081344/tools/bin/../lib/gcc/arm-none-eabi/13.3.1/../../../../arm-none-eabi/lib/thumb/v7e-m+fp/hard\libc_nano.a(libc_a-closer.o) (errno)
C:/ST/STM32CubeIDE_1.19.0/STM32CubeIDE/plugins/com.st.stm32cube.ide.mcu.externaltools.gnu-tools-for-stm32.13.3.rel1.win32_1.0.0.202411081344/tools/bin/../lib/gcc/arm-none-eabi/13.3.1/../../../../arm-none-eabi/lib/thumb/v7e-m+fp/hard\libc_nano.a(libc_a-impure.o)
                              C:/ST/STM32CubeIDE_1.19.0/STM32CubeIDE/plugins/com.st.stm32cube.ide.mcu.externaltools.gnu-tools-for-stm32.13.3.rel1.win32_1.0.0.202411081344/tools/bin/../lib/gcc/arm-none-eabi/13.3.1/../../../../arm-none-eabi/lib/thumb/v7e-m+fp/hard\libc_nano.a(libc_a-reent.o) (_impure_ptr)
[...]
Memory Configuration

Name             Origin             Length             Attributes
RAM              0x20000000         0x0000c000         xrw
RAM2             0x10000000         0x00004000         xrw
FLASH            0x08000000         0x00040000         xr
*default*        0x00000000         0xffffffff

Linker script and memory map

LOAD C:/ST/STM32CubeIDE_1.19.0/STM32CubeIDE/plugins/com.st.stm32cube.ide.mcu.externaltools.gnu-tools-for-stm32.13.3.rel1.win32_1.0.0.202411081344/tools/bin/../lib/gcc/arm-none-eabi/13.3.1/thumb/v7e-m+fp/hard/crti.o
LOAD C:/ST/STM32CubeIDE_1.19.0/STM32CubeIDE/plugins/com.st.stm32cube.ide.mcu.externaltools.gnu-tools-for-stm32.13.3.rel1.win32_1.0.0.202411081344/tools/bin/../lib/gcc/arm-none-eabi/13.3.1/thumb/v7e-m+fp/hard/crtbegin.o
LOAD C:/ST/STM32CubeIDE_1.19.0/STM32CubeIDE/plugins/com.st.stm32cube.ide.mcu.externaltools.gnu-tools-for-stm32.13.3.rel1.win32_1.0.0.202411081344/tools/bin/../lib/gcc/arm-none-eabi/13.3.1/../../../../arm-none-eabi/lib/thumb/v7e-m+fp/hard/crt0.o
LOAD ./Core/Src/main.o
LOAD ./Core/Src/stm32l4xx_hal_msp.o
LOAD ./Core/Src/stm32l4xx_it.o
LOAD ./Core/Src/syscalls.o
LOAD ./Core/Src/sysmem.o
LOAD ./Core/Src/system_stm32l4xx.o
LOAD ./Core/Startup/startup_stm32l433rctx.o
LOAD ./Drivers/STM32L4xx_HAL_Driver/Src/stm32l4xx_hal.o
LOAD ./Drivers/STM32L4xx_HAL_Driver/Src/stm32l4xx_hal_cortex.o
LOAD ./Drivers/STM32L4xx_HAL_Driver/Src/stm32l4xx_hal_dma.o
LOAD ./Drivers/STM32L4xx_HAL_Driver/Src/stm32l4xx_hal_dma_ex.o
LOAD ./Drivers/STM32L4xx_HAL_Driver/Src/stm32l4xx_hal_exti.o
LOAD ./Drivers/STM32L4xx_HAL_Driver/Src/stm32l4xx_hal_flash.o
LOAD ./Drivers/STM32L4xx_HAL_Driver/Src/stm32l4xx_hal_flash_ex.o
LOAD ./Drivers/STM32L4xx_HAL_Driver/Src/stm32l4xx_hal_flash_ramfunc.o
LOAD ./Drivers/STM32L4xx_HAL_Driver/Src/stm32l4xx_hal_gpio.o
LOAD ./Drivers/STM32L4xx_HAL_Driver/Src/stm32l4xx_hal_i2c.o
LOAD ./Drivers/STM32L4xx_HAL_Driver/Src/stm32l4xx_hal_i2c_ex.o
LOAD ./Drivers/STM32L4xx_HAL_Driver/Src/stm32l4xx_hal_pcd.o
LOAD ./Drivers/STM32L4xx_HAL_Driver/Src/stm32l4xx_hal_pcd_ex.o
LOAD ./Drivers/STM32L4xx_HAL_Driver/Src/stm32l4xx_hal_pwr.o
LOAD ./Drivers/STM32L4xx_HAL_Driver/Src/stm32l4xx_hal_pwr_ex.o
LOAD ./Drivers/STM32L4xx_HAL_Driver/Src/stm32l4xx_hal_rcc.o
LOAD ./Drivers/STM32L4xx_HAL_Driver/Src/stm32l4xx_hal_rcc_ex.o
LOAD ./Drivers/STM32L4xx_HAL_Driver/Src/stm32l4xx_hal_sai.o
LOAD ./Drivers/STM32L4xx_HAL_Driver/Src/stm32l4xx_hal_sai_ex.o
LOAD ./Drivers/STM32L4xx_HAL_Driver/Src/stm32l4xx_ll_usb.o
LOAD ./Middlewares/ST/STM32_USB_Device_Library/Class/AUDIO/Src/usbd_audio.o
LOAD ./Middlewares/ST/STM32_USB_Device_Library/Core/Src/usbd_core.o
LOAD ./Middlewares/ST/STM32_USB_Device_Library/Core/Src/usbd_ctlreq.o
LOAD ./Middlewares/ST/STM32_USB_Device_Library/Core/Src/usbd_ioreq.o
LOAD ./USB_DEVICE/App/usb_device.o
LOAD ./USB_DEVICE/App/usbd_audio_if.o
LOAD ./USB_DEVICE/App/usbd_desc.o
LOAD ./USB_DEVICE/Target/usbd_conf.o
LOAD C:\Users\yosaha\STM32Cube\Repository\STM32Cube_FW_L4_V1.18.0\Drivers\CMSIS\DSP\Lib\GCC\libarm_cortexM4lf_math.a
START GROUP
LOAD C:/ST/STM32CubeIDE_1.19.0/STM32CubeIDE/plugins/com.st.stm32cube.ide.mcu.externaltools.gnu-tools-for-stm32.13.3.rel1.win32_1.0.0.202411081344/tools/bin/../lib/gcc/arm-none-eabi/13.3.1/../../../../arm-none-eabi/lib/thumb/v7e-m+fp/hard\libc_nano.a
LOAD C:/ST/STM32CubeIDE_1.19.0/STM32CubeIDE/plugins/com.st.stm32cube.ide.mcu.externaltools.gnu-tools-for-stm32.13.3.rel1.win32_1.0.0.202411081344/tools/bin/../lib/gcc/arm-none-eabi/13.3.1/../../../../arm-none-eabi/lib/thumb/v7e-m+fp/hard\libm.a
END GROUP
START GROUP
LOAD C:/ST/STM32CubeIDE_1.19.0/STM32CubeIDE/plugins/com.st.stm32cube.ide.mcu.externaltools.gnu-tools-for-stm32.13.3.rel1.win32_1.0.0.202411081344/tools/bin/../lib/gcc/arm-none-eabi/13.3.1/thumb/v7e-m+fp/hard\libgcc.a
LOAD C:/ST/STM32CubeIDE_1.19.0/STM32CubeIDE/plugins/com.st.stm32cube.ide.mcu.externaltools.gnu-tools-for-stm32.13.3.rel1.win32_1.0.0.202411081344/tools/bin/../lib/gcc/arm-none-eabi/13.3.1/../../../../arm-none-eabi/lib/thumb/v7e-m+fp/hard\libc_nano.a
END GROUP
START GROUP
LOAD C:/ST/STM32CubeIDE_1.19.0/STM32CubeIDE/plugins/com.st.stm32cube.ide.mcu.externaltools.gnu-tools-for-stm32.13.3.rel1.win32_1.0.0.202411081344/tools/bin/../lib/gcc/arm-none-eabi/13.3.1/thumb/v7e-m+fp/hard\libgcc.a
LOAD C:/ST/STM32CubeIDE_1.19.0/STM32CubeIDE/plugins/com.st.stm32cube.ide.mcu.externaltools.gnu-tools-for-stm32.13.3.rel1.win32_1.0.0.202411081344/tools/bin/../lib/gcc/arm-none-eabi/13.3.1/../../../../arm-none-eabi/lib/thumb/v7e-m+fp/hard\libc_nano.a
LOAD C:/ST/STM32CubeIDE_1.19.0/STM32CubeIDE/plugins/com.st.stm32cube.ide.mcu.externaltools.gnu-tools-for-stm32.13.3.rel1.win32_1.0.0.202411081344/tools/bin/../lib/gcc/arm-none-eabi/13.3.1/../../../../arm-none-eabi/lib/thumb/v7e-m+fp/hard\libnosys.a
END GROUP
START GROUP
LOAD C:/ST/STM32CubeIDE_1.19.0/STM32CubeIDE/plugins/com.st.stm32cube.ide.mcu.externaltools.gnu-tools-for-stm32.13.3.rel1.win32_1.0.0.202411081344/tools/bin/../lib/gcc/arm-none-eabi/13.3.1/thumb/v7e-m+fp/hard\libgcc.a
LOAD C:/ST/STM32CubeIDE_1.19.0/STM32CubeIDE/plugins/com.st.stm32cube.ide.mcu.externaltools.gnu-tools-for-stm32.13.3.rel1.win32_1.0.0.202411081344/tools/bin/../lib/gcc/arm-none-eabi/13.3.1/../../../../arm-none-eabi/lib/thumb/v7e-m+fp/hard\libc_nano.a
LOAD C:/ST/STM32CubeIDE_1.19.0/STM32CubeIDE/plugins/com.st.stm32cube.ide.mcu.externaltools.gnu-tools-for-stm32.13.3.rel1.win32_1.0.0.202411081344/tools/bin/../lib/gcc/arm-none-eabi/13.3.1/../../../../arm-none-eabi/lib/thumb/v7e-m+fp/hard\libnosys.a
END GROUP
LOAD C:/ST/STM32CubeIDE_1.19.0/STM32CubeIDE/plugins/com.st.stm32cube.ide.mcu.externaltools.gnu-tools-for-stm32.13.3.rel1.win32_1.0.0.202411081344/tools/bin/../lib/gcc/arm-none-eabi/13.3.1/thumb/v7e-m+fp/hard/crtend.o
LOAD C:/ST/STM32CubeIDE_1.19.0/STM32CubeIDE/plugins/com.st.stm32cube.ide.mcu.externaltools.gnu-tools-for-stm32.13.3.rel1.win32_1.0.0.202411081344/tools/bin/../lib/gcc/arm-none-eabi/13.3.1/thumb/v7e-m+fp/hard/crtn.o
                0x2000c000                        _estack = (ORIGIN (RAM) + LENGTH (RAM))
                0x00000800                        _Min_Heap_Size = 0x800
                0x00000800                        _Min_Stack_Size = 0x800

.isr_vector     0x08000000      0x18c
                0x08000000                        . = ALIGN (0x4)
 *(.isr_vector)
 .isr_vector    0x08000000      0x18c ./Core/Startup/startup_stm32l433rctx.o
                0x08000000                g_pfnVectors
                0x0800018c                        . = ALIGN (0x4)

.text           0x08000190     0x56b0
                0x08000190                        . = ALIGN (0x4)
 *(.text)
 .text          0x08000190       0x40 C:/ST/STM32CubeIDE_1.19.0/STM32CubeIDE/plugins/com.st.stm32cube.ide.mcu.externaltools.gnu-tools-for-stm32.13.3.rel1.win32_1.0.0.202411081344/tools/bin/../lib/gcc/arm-none-eabi/13.3.1/thumb/v7e-m+fp/hard/crtbegin.o
 .text          0x080001d0       0x10 C:/ST/STM32CubeIDE_1.19.0/STM32CubeIDE/plugins/com.st.stm32cube.ide.mcu.externaltools.gnu-tools-for-stm32.13.3.rel1.win32_1.0.0.202411081344/tools/bin/../lib/gcc/arm-none-eabi/13.3.1/../../../../arm-none-eabi/lib/thumb/v7e-m+fp/hard\libc_nano.a(libc_a-strlen.o)
                0x080001d0                strlen
 *(.text*)
 .text.FillFromRing.constprop.0
                0x080001e0       0x78 ./Core/Src/main.o
 .text.HAL_SAI_TxHalfCpltCallback
                0x08000258        0xc ./Core/Src/main.o
                0x08000258                HAL_SAI_TxHalfCpltCallback
 .text.HAL_SAI_TxCpltCallback
                0x08000264        0xc ./Core/Src/main.o
                0x08000264                HAL_SAI_TxCpltCallback
 .text.SystemClock_Config
                0x08000270       0xcc ./Core/Src/main.o
                0x08000270                SystemClock_Config
 .text.startup.main
                0x0800033c      0x198 ./Core/Src/main.o
                0x0800033c                main
 .text.Error_Handler
                0x080004d4        0x4 ./Core/Src/main.o
                0x080004d4                Error_Handler
 .text.HAL_MspInit
                0x080004d8       0x30 ./Core/Src/stm32l4xx_hal_msp.o
                0x080004d8                HAL_MspInit
 .text.HAL_SAI_MspInit
                0x08000508       0xe8 ./Core/Src/stm32l4xx_hal_msp.o
                0x08000508                HAL_SAI_MspInit
 .text.NMI_Handler
                0x080005f0        0x4 ./Core/Src/stm32l4xx_it.o
                0x080005f0                NMI_Handler
 .text.HardFault_Handler
                0x080005f4        0x4 ./Core/Src/stm32l4xx_it.o
                0x080005f4                HardFault_Handler
 .text.MemManage_Handler
                0x080005f8        0x4 ./Core/Src/stm32l4xx_it.o
                0x080005f8                MemManage_Handler
 .text.BusFault_Handler
                0x080005fc        0x4 ./Core/Src/stm32l4xx_it.o
                0x080005fc                BusFault_Handler
 .text.UsageFault_Handler
                0x08000600        0x4 ./Core/Src/stm32l4xx_it.o
                0x08000600                UsageFault_Handler
 .text.SVC_Handler
                0x08000604        0x4 ./Core/Src/stm32l4xx_it.o
                0x08000604                SVC_Handler
 .text.DebugMon_Handler
                0x08000608        0x4 ./Core/Src/stm32l4xx_it.o
                0x08000608                DebugMon_Handler
 .text.PendSV_Handler
                0x0800060c        0x4 ./Core/Src/stm32l4xx_it.o
                0x0800060c                PendSV_Handler
 .text.SysTick_Handler
                0x08000610        0x4 ./Core/Src/stm32l4xx_it.o
                0x08000610                SysTick_Handler
 .text.DMA2_Channel2_IRQHandler
                0x08000614        0xc ./Core/Src/stm32l4xx_it.o
                0x08000614                DMA2_Channel2_IRQHandler
 .text.USB_IRQHandler
                0x08000620        0xc ./Core/Src/stm32l4xx_it.o
                0x08000620                USB_IRQHandler
 .text.SystemInit
                0x0800062c       0x14 ./Core/Src/system_stm32l4xx.o
                0x0800062c                SystemInit
 .text.Reset_Handler
                0x08000640       0x50 ./Core/Startup/startup_stm32l433rctx.o
                0x08000640                Reset_Handler
 .text.Default_Handler
                0x08000690        0x2 ./Core/Startup/startup_stm32l433rctx.o
                0x08000690                RTC_Alarm_IRQHandler
                0x08000690                EXTI2_IRQHandler
                0x08000690                TIM1_CC_IRQHandler
                0x08000690                TSC_IRQHandler
                0x08000690                TAMP_STAMP_IRQHandler
                0x08000690                EXTI3_IRQHandler
                0x08000690                LPTIM2_IRQHandler
                0x08000690                I2C3_ER_IRQHandler
                0x08000690                EXTI0_IRQHandler
                0x08000690                I2C2_EV_IRQHandler
                0x08000690                CAN1_RX0_IRQHandler
                0x08000690                FPU_IRQHandler
                0x08000690                TIM1_UP_TIM16_IRQHandler
                0x08000690                SPI1_IRQHandler
                0x08000690                TIM6_DAC_IRQHandler
                0x08000690                DMA1_Channel4_IRQHandler
                0x08000690                ADC1_IRQHandler
                0x08000690                USART3_IRQHandler
                0x08000690                DMA1_Channel7_IRQHandler
                0x08000690                CAN1_RX1_IRQHandler
                0x08000690                LCD_IRQHandler
                0x08000690                DMA2_Channel1_IRQHandler
                0x08000690                QUADSPI_IRQHandler
                0x08000690                I2C1_EV_IRQHandler
                0x08000690                DMA1_Channel6_IRQHandler
                0x08000690                DMA2_Channel4_IRQHandler
                0x08000690                RCC_IRQHandler
                0x08000690                TIM1_TRG_COM_IRQHandler
                0x08000690                DMA1_Channel1_IRQHandler
                0x08000690                Default_Handler
                0x08000690                DMA2_Channel7_IRQHandler
                0x08000690                EXTI15_10_IRQHandler
                0x08000690                TIM7_IRQHandler
                0x08000690                SDMMC1_IRQHandler
                0x08000690                I2C3_EV_IRQHandler
                0x08000690                EXTI9_5_IRQHandler
                0x08000690                RTC_WKUP_IRQHandler
                0x08000690                PVD_PVM_IRQHandler
                0x08000690                SPI2_IRQHandler
                0x08000690                CAN1_TX_IRQHandler
                0x08000690                DMA2_Channel5_IRQHandler
                0x08000690                CRS_IRQHandler
                0x08000690                DMA1_Channel5_IRQHandler
                0x08000690                EXTI4_IRQHandler
                0x08000690                RNG_IRQHandler
                0x08000690                DMA1_Channel3_IRQHandler
                0x08000690                COMP_IRQHandler
                0x08000690                WWDG_IRQHandler
                0x08000690                LPUART1_IRQHandler
                0x08000690                DMA2_Channel6_IRQHandler
                0x08000690                TIM2_IRQHandler
                0x08000690                EXTI1_IRQHandler
                0x08000690                USART2_IRQHandler
                0x08000690                I2C2_ER_IRQHandler
                0x08000690                DMA1_Channel2_IRQHandler
                0x08000690                CAN1_SCE_IRQHandler
                0x08000690                FLASH_IRQHandler
                0x08000690                USART1_IRQHandler
                0x08000690                SPI3_IRQHandler
                0x08000690                I2C1_ER_IRQHandler
                0x08000690                SWPMI1_IRQHandler
                0x08000690                LPTIM1_IRQHandler
                0x08000690                SAI1_IRQHandler
                0x08000690                DMA2_Channel3_IRQHandler
                0x08000690                TIM1_BRK_TIM15_IRQHandler
 *fill*         0x08000692        0x2 
 .text.HAL_InitTick
                0x08000694       0x4c ./Drivers/STM32L4xx_HAL_Driver/Src/stm32l4xx_hal.o
                0x08000694                HAL_InitTick
 .text.HAL_Init
                0x080006e0       0x20 ./Drivers/STM32L4xx_HAL_Driver/Src/stm32l4xx_hal.o
                0x080006e0                HAL_Init
 .text.HAL_IncTick
                0x08000700       0x18 ./Drivers/STM32L4xx_HAL_Driver/Src/stm32l4xx_hal.o
                0x08000700                HAL_IncTick
 .text.HAL_GetTick
                0x08000718        0xc ./Drivers/STM32L4xx_HAL_Driver/Src/stm32l4xx_hal.o
                0x08000718                HAL_GetTick
 .text.HAL_Delay
                0x08000724       0x24 ./Drivers/STM32L4xx_HAL_Driver/Src/stm32l4xx_hal.o
                0x08000724                HAL_Delay
 .text.HAL_NVIC_SetPriorityGrouping
                0x08000748       0x24 ./Drivers/STM32L4xx_HAL_Driver/Src/stm32l4xx_hal_cortex.o
                0x08000748                HAL_NVIC_SetPriorityGrouping
 .text.HAL_NVIC_SetPriority
                0x0800076c       0x78 ./Drivers/STM32L4xx_HAL_Driver/Src/stm32l4xx_hal_cortex.o
                0x0800076c                HAL_NVIC_SetPriority
 .text.HAL_NVIC_EnableIRQ
                0x080007e4       0x1c ./Drivers/STM32L4xx_HAL_Driver/Src/stm32l4xx_hal_cortex.o
                0x080007e4                HAL_NVIC_EnableIRQ
 .text.HAL_SYSTICK_Config
                0x08000800       0x34 ./Drivers/STM32L4xx_HAL_Driver/Src/stm32l4xx_hal_cortex.o
                0x08000800                HAL_SYSTICK_Config
 .text.HAL_DMA_Init
                0x08000834       0xd4 ./Drivers/STM32L4xx_HAL_Driver/Src/stm32l4xx_hal_dma.o
                0x08000834                HAL_DMA_Init
 .text.HAL_DMA_Start_IT
                0x08000908       0x88 ./Drivers/STM32L4xx_HAL_Driver/Src/stm32l4xx_hal_dma.o
                0x08000908                HAL_DMA_Start_IT
 .text.HAL_DMA_IRQHandler
                0x08000990       0x9c ./Drivers/STM32L4xx_HAL_Driver/Src/stm32l4xx_hal_dma.o
                0x08000990                HAL_DMA_IRQHandler
 .text.HAL_GPIO_Init
                0x08000a2c      0x360 ./Drivers/STM32L4xx_HAL_Driver/Src/stm32l4xx_hal_gpio.o
                0x08000a2c                HAL_GPIO_Init
 .text.HAL_GPIO_WritePin
                0x08000d8c        0xc ./Drivers/STM32L4xx_HAL_Driver/Src/stm32l4xx_hal_gpio.o
                0x08000d8c                HAL_GPIO_WritePin
 .text.HAL_GPIO_TogglePin
                0x08000d98       0x14 ./Drivers/STM32L4xx_HAL_Driver/Src/stm32l4xx_hal_gpio.o
                0x08000d98                HAL_GPIO_TogglePin
 .text.HAL_PCD_Init
                0x08000dac      0x108 ./Drivers/STM32L4xx_HAL_Driver/Src/stm32l4xx_hal_pcd.o
                0x08000dac                HAL_PCD_Init
 .text.HAL_PCD_Start
                0x08000eb4       0x2c ./Drivers/STM32L4xx_HAL_Driver/Src/stm32l4xx_hal_pcd.o
                0x08000eb4                HAL_PCD_Start
 .text.HAL_PCD_IRQHandler
                0x08000ee0      0xb08 ./Drivers/STM32L4xx_HAL_Driver/Src/stm32l4xx_hal_pcd.o
                0x08000ee0                HAL_PCD_IRQHandler
 .text.HAL_PCD_SetAddress
                0x080019e8       0x2c ./Drivers/STM32L4xx_HAL_Driver/Src/stm32l4xx_hal_pcd.o
                0x080019e8                HAL_PCD_SetAddress
 .text.HAL_PCD_EP_Open
                0x08001a14       0x6c ./Drivers/STM32L4xx_HAL_Driver/Src/stm32l4xx_hal_pcd.o
                0x08001a14                HAL_PCD_EP_Open
 .text.HAL_PCD_EP_Close
                0x08001a80       0x60 ./Drivers/STM32L4xx_HAL_Driver/Src/stm32l4xx_hal_pcd.o
                0x08001a80                HAL_PCD_EP_Close
 .text.HAL_PCD_EP_Receive
                0x08001ae0       0x34 ./Drivers/STM32L4xx_HAL_Driver/Src/stm32l4xx_hal_pcd.o
                0x08001ae0                HAL_PCD_EP_Receive
 .text.HAL_PCD_EP_GetRxCount
                0x08001b14       0x14 ./Drivers/STM32L4xx_HAL_Driver/Src/stm32l4xx_hal_pcd.o
                0x08001b14                HAL_PCD_EP_GetRxCount
 .text.HAL_PCD_EP_Transmit
                0x08001b28       0x48 ./Drivers/STM32L4xx_HAL_Driver/Src/stm32l4xx_hal_pcd.o
                0x08001b28                HAL_PCD_EP_Transmit
 .text.HAL_PCD_EP_SetStall
                0x08001b70       0x7c ./Drivers/STM32L4xx_HAL_Driver/Src/stm32l4xx_hal_pcd.o
                0x08001b70                HAL_PCD_EP_SetStall
 .text.HAL_PCD_EP_ClrStall
                0x08001bec       0x74 ./Drivers/STM32L4xx_HAL_Driver/Src/stm32l4xx_hal_pcd.o
                0x08001bec                HAL_PCD_EP_ClrStall
 .text.HAL_PCDEx_PMAConfig
                0x08001c60       0x3c ./Drivers/STM32L4xx_HAL_Driver/Src/stm32l4xx_hal_pcd_ex.o
                0x08001c60                HAL_PCDEx_PMAConfig
 .text.HAL_PCDEx_ActivateLPM
                0x08001c9c       0x34 ./Drivers/STM32L4xx_HAL_Driver/Src/stm32l4xx_hal_pcd_ex.o
                0x08001c9c                HAL_PCDEx_ActivateLPM
 .text.HAL_PCDEx_LPM_Callback
                0x08001cd0        0x4 ./Drivers/STM32L4xx_HAL_Driver/Src/stm32l4xx_hal_pcd_ex.o
                0x08001cd0                HAL_PCDEx_LPM_Callback
 .text.HAL_PWREx_GetVoltageRange
                0x08001cd4       0x10 ./Drivers/STM32L4xx_HAL_Driver/Src/stm32l4xx_hal_pwr_ex.o
                0x08001cd4                HAL_PWREx_GetVoltageRange
 .text.HAL_PWREx_ControlVoltageScaling
                0x08001ce4       0x80 ./Drivers/STM32L4xx_HAL_Driver/Src/stm32l4xx_hal_pwr_ex.o
                0x08001ce4                HAL_PWREx_ControlVoltageScaling
 .text.HAL_PWREx_EnableVddUSB
                0x08001d64       0x10 ./Drivers/STM32L4xx_HAL_Driver/Src/stm32l4xx_hal_pwr_ex.o
                0x08001d64                HAL_PWREx_EnableVddUSB
 .text.RCC_SetFlashLatencyFromMSIRange
                0x08001d74       0x8c ./Drivers/STM32L4xx_HAL_Driver/Src/stm32l4xx_hal_rcc.o
 .text.HAL_RCC_GetSysClockFreq
                0x08001e00       0xa0 ./Drivers/STM32L4xx_HAL_Driver/Src/stm32l4xx_hal_rcc.o
                0x08001e00                HAL_RCC_GetSysClockFreq
 .text.HAL_RCC_OscConfig
                0x08001ea0      0x624 ./Drivers/STM32L4xx_HAL_Driver/Src/stm32l4xx_hal_rcc.o
                0x08001ea0                HAL_RCC_OscConfig
 .text.HAL_RCC_ClockConfig
                0x080024c4      0x16c ./Drivers/STM32L4xx_HAL_Driver/Src/stm32l4xx_hal_rcc.o
                0x080024c4                HAL_RCC_ClockConfig
 .text.HAL_RCC_GetPCLK1Freq
                0x08002630       0x24 ./Drivers/STM32L4xx_HAL_Driver/Src/stm32l4xx_hal_rcc.o
                0x08002630                HAL_RCC_GetPCLK1Freq
 .text.HAL_RCC_GetPCLK2Freq
                0x08002654       0x24 ./Drivers/STM32L4xx_HAL_Driver/Src/stm32l4xx_hal_rcc.o
                0x08002654                HAL_RCC_GetPCLK2Freq
 .text.RCCEx_PLLSAI1_Config
                0x08002678      0x11c ./Drivers/STM32L4xx_HAL_Driver/Src/stm32l4xx_hal_rcc_ex.o
 .text.HAL_RCCEx_PeriphCLKConfig
                0x08002794      0x324 ./Drivers/STM32L4xx_HAL_Driver/Src/stm32l4xx_hal_rcc_ex.o
                0x08002794                HAL_RCCEx_PeriphCLKConfig
 .text.HAL_RCCEx_GetPeriphCLKFreq
                0x08002ab8      0x4d0 ./Drivers/STM32L4xx_HAL_Driver/Src/stm32l4xx_hal_rcc_ex.o
                0x08002ab8                HAL_RCCEx_GetPeriphCLKFreq
 .text.HAL_RCCEx_CRSConfig
                0x08002f88       0x50 ./Drivers/STM32L4xx_HAL_Driver/Src/stm32l4xx_hal_rcc_ex.o
                0x08002f88                HAL_RCCEx_CRSConfig
 .text.HAL_SAI_Init
                0x08002fd8      0x1a0 ./Drivers/STM32L4xx_HAL_Driver/Src/stm32l4xx_hal_sai.o
                0x08002fd8                HAL_SAI_Init
 .text.HAL_SAI_Transmit_DMA
                0x08003178      0x100 ./Drivers/STM32L4xx_HAL_Driver/Src/stm32l4xx_hal_sai.o
                0x08003178                HAL_SAI_Transmit_DMA
 .text.SAI_DMATxCplt
                0x08003278       0x5c ./Drivers/STM32L4xx_HAL_Driver/Src/stm32l4xx_hal_sai.o
 .text.SAI_DMATxHalfCplt
                0x080032d4        0xc ./Drivers/STM32L4xx_HAL_Driver/Src/stm32l4xx_hal_sai.o
 .text.HAL_SAI_ErrorCallback
                0x080032e0        0x4 ./Drivers/STM32L4xx_HAL_Driver/Src/stm32l4xx_hal_sai.o
                0x080032e0                HAL_SAI_ErrorCallback
 .text.SAI_DMAError
                0x080032e4       0x64 ./Drivers/STM32L4xx_HAL_Driver/Src/stm32l4xx_hal_sai.o
 .text.USB_CoreInit
                0x08003348       0x10 ./Drivers/STM32L4xx_HAL_Driver/Src/stm32l4xx_ll_usb.o
                0x08003348                USB_CoreInit
 .text.USB_EnableGlobalInt
                0x08003358       0x14 ./Drivers/STM32L4xx_HAL_Driver/Src/stm32l4xx_ll_usb.o
                0x08003358                USB_EnableGlobalInt
 .text.USB_DisableGlobalInt
                0x0800336c       0x14 ./Drivers/STM32L4xx_HAL_Driver/Src/stm32l4xx_ll_usb.o
                0x0800336c                USB_DisableGlobalInt
 .text.USB_SetCurrentMode
                0x08003380        0x4 ./Drivers/STM32L4xx_HAL_Driver/Src/stm32l4xx_ll_usb.o
                0x08003380                USB_SetCurrentMode
 .text.USB_DevInit
                0x08003384       0x24 ./Drivers/STM32L4xx_HAL_Driver/Src/stm32l4xx_ll_usb.o
                0x08003384                USB_DevInit
 .text.USB_ActivateEndpoint
                0x080033a8      0x370 ./Drivers/STM32L4xx_HAL_Driver/Src/stm32l4xx_ll_usb.o
                0x080033a8                USB_ActivateEndpoint
 .text.USB_DeactivateEndpoint
                0x08003718      0x1cc ./Drivers/STM32L4xx_HAL_Driver/Src/stm32l4xx_ll_usb.o
                0x08003718                USB_DeactivateEndpoint
 .text.USB_EPStartXfer
                0x080038e4      0x528 ./Drivers/STM32L4xx_HAL_Driver/Src/stm32l4xx_ll_usb.o
                0x080038e4                USB_EPStartXfer
 .text.USB_EPSetStall
                0x08003e0c       0x50 ./Drivers/STM32L4xx_HAL_Driver/Src/stm32l4xx_ll_usb.o
                0x08003e0c                USB_EPSetStall
 .text.USB_EPClearStall
                0x08003e5c       0xa0 ./Drivers/STM32L4xx_HAL_Driver/Src/stm32l4xx_ll_usb.o
                0x08003e5c                USB_EPClearStall
 .text.USB_SetDevAddress
                0x08003efc        0xc ./Drivers/STM32L4xx_HAL_Driver/Src/stm32l4xx_ll_usb.o
                0x08003efc                USB_SetDevAddress
 .text.USB_DevConnect
                0x08003f08       0x18 ./Drivers/STM32L4xx_HAL_Driver/Src/stm32l4xx_ll_usb.o
                0x08003f08                USB_DevConnect
 .text.USB_DevDisconnect
                0x08003f20       0x14 ./Drivers/STM32L4xx_HAL_Driver/Src/stm32l4xx_ll_usb.o
                0x08003f20                USB_DevDisconnect
 .text.USB_ReadInterrupts
                0x08003f34        0x8 ./Drivers/STM32L4xx_HAL_Driver/Src/stm32l4xx_ll_usb.o
                0x08003f34                USB_ReadInterrupts
 .text.USB_EP0_OutStart
                0x08003f3c        0x4 ./Drivers/STM32L4xx_HAL_Driver/Src/stm32l4xx_ll_usb.o
                0x08003f3c                USB_EP0_OutStart
 .text.USB_WritePMA
                0x08003f40       0x20 ./Drivers/STM32L4xx_HAL_Driver/Src/stm32l4xx_ll_usb.o
                0x08003f40                USB_WritePMA
 .text.USB_ReadPMA
                0x08003f60       0x54 ./Drivers/STM32L4xx_HAL_Driver/Src/stm32l4xx_ll_usb.o
                0x08003f60                USB_ReadPMA
 .text.USBD_AUDIO_GetCfgDesc
                0x08003fb4        0xc ./Middlewares/ST/STM32_USB_Device_Library/Class/AUDIO/Src/usbd_audio.o
 .text.USBD_AUDIO_EP0_RxReady
                0x08003fc0       0x44 ./Middlewares/ST/STM32_USB_Device_Library/Class/AUDIO/Src/usbd_audio.o
 .text.USBD_AUDIO_EP0_TxReady
                0x08004004        0x4 ./Middlewares/ST/STM32_USB_Device_Library/Class/AUDIO/Src/usbd_audio.o
 .text.USBD_AUDIO_SOF
                0x08004008       0xb0 ./Middlewares/ST/STM32_USB_Device_Library/Class/AUDIO/Src/usbd_audio.o
 .text.USBD_AUDIO_IsoINIncomplete
                0x080040b8        0x4 ./Middlewares/ST/STM32_USB_Device_Library/Class/AUDIO/Src/usbd_audio.o
 .text.USBD_AUDIO_GetDeviceQualifierDesc
                0x080040bc        0xc ./Middlewares/ST/STM32_USB_Device_Library/Class/AUDIO/Src/usbd_audio.o
 .text.USBD_AUDIO_Setup
                0x080040c8      0x168 ./Middlewares/ST/STM32_USB_Device_Library/Class/AUDIO/Src/usbd_audio.o
 .text.USBD_AUDIO_DeInit
                0x08004230       0x54 ./Middlewares/ST/STM32_USB_Device_Library/Class/AUDIO/Src/usbd_audio.o
 .text.USBD_AUDIO_Init
                0x08004284       0xa8 ./Middlewares/ST/STM32_USB_Device_Library/Class/AUDIO/Src/usbd_audio.o
 .text.USBD_AUDIO_DataOut
                0x0800432c       0x3c ./Middlewares/ST/STM32_USB_Device_Library/Class/AUDIO/Src/usbd_audio.o
 .text.USBD_AUDIO_DataIn
                0x08004368       0x1c ./Middlewares/ST/STM32_USB_Device_Library/Class/AUDIO/Src/usbd_audio.o
 .text.USBD_AUDIO_IsoOutIncomplete
                0x08004384        0x4 ./Middlewares/ST/STM32_USB_Device_Library/Class/AUDIO/Src/usbd_audio.o
 .text.USBD_AUDIO_RegisterInterface
                0x08004388       0x18 ./Middlewares/ST/STM32_USB_Device_Library/Class/AUDIO/Src/usbd_audio.o
                0x08004388                USBD_AUDIO_RegisterInterface
 .text.USBD_Init
                0x080043a0       0x28 ./Middlewares/ST/STM32_USB_Device_Library/Core/Src/usbd_core.o
                0x080043a0                USBD_Init
 .text.USBD_RegisterClass
                0x080043c8       0x38 ./Middlewares/ST/STM32_USB_Device_Library/Core/Src/usbd_core.o
                0x080043c8                USBD_RegisterClass
 .text.USBD_Start
                0x08004400        0x4 ./Middlewares/ST/STM32_USB_Device_Library/Core/Src/usbd_core.o
                0x08004400                USBD_Start
 .text.USBD_SetClassConfig
                0x08004404       0x10 ./Middlewares/ST/STM32_USB_Device_Library/Core/Src/usbd_core.o
                0x08004404                USBD_SetClassConfig
 .text.USBD_ClrClassConfig
                0x08004414       0x14 ./Middlewares/ST/STM32_USB_Device_Library/Core/Src/usbd_core.o
                0x08004414                USBD_ClrClassConfig
 .text.USBD_LL_SetupStage
                0x08004428       0x60 ./Middlewares/ST/STM32_USB_Device_Library/Core/Src/usbd_core.o
                0x08004428                USBD_LL_SetupStage
 .text.USBD_LL_DataOutStage
                0x08004488       0x74 ./Middlewares/ST/STM32_USB_Device_Library/Core/Src/usbd_core.o
                0x08004488                USBD_LL_DataOutStage
 .text.USBD_LL_DataInStage
                0x080044fc       0xb4 ./Middlewares/ST/STM32_USB_Device_Library/Core/Src/usbd_core.o
                0x080044fc                USBD_LL_DataInStage
 .text.USBD_LL_Reset
                0x080045b0       0x5c ./Middlewares/ST/STM32_USB_Device_Library/Core/Src/usbd_core.o
                0x080045b0                USBD_LL_Reset
 .text.USBD_LL_SetSpeed
                0x0800460c        0x8 ./Middlewares/ST/STM32_USB_Device_Library/Core/Src/usbd_core.o
                0x0800460c                USBD_LL_SetSpeed
 .text.USBD_LL_Suspend
                0x08004614       0x1c ./Middlewares/ST/STM32_USB_Device_Library/Core/Src/usbd_core.o
                0x08004614                USBD_LL_Suspend
 .text.USBD_LL_Resume
                0x08004630       0x18 ./Middlewares/ST/STM32_USB_Device_Library/Core/Src/usbd_core.o
                0x08004630                USBD_LL_Resume
 .text.USBD_LL_SOF
                0x08004648       0x20 ./Middlewares/ST/STM32_USB_Device_Library/Core/Src/usbd_core.o
                0x08004648                USBD_LL_SOF
 .text.USBD_CoreFindIF
                0x08004668        0x4 ./Middlewares/ST/STM32_USB_Device_Library/Core/Src/usbd_core.o
                0x08004668                USBD_CoreFindIF
 .text.USBD_CoreFindEP
                0x0800466c        0x4 ./Middlewares/ST/STM32_USB_Device_Library/Core/Src/usbd_core.o
                0x0800466c                USBD_CoreFindEP
 .text.USBD_GetNextDesc
                0x08004670        0xc ./Middlewares/ST/STM32_USB_Device_Library/Core/Src/usbd_core.o
                0x08004670                USBD_GetNextDesc
 .text.USBD_StdDevReq
                0x0800467c      0x358 ./Middlewares/ST/STM32_USB_Device_Library/Core/Src/usbd_ctlreq.o
                0x0800467c                USBD_StdDevReq
 .text.USBD_StdItfReq
                0x080049d4       0x80 ./Middlewares/ST/STM32_USB_Device_Library/Core/Src/usbd_ctlreq.o
                0x080049d4                USBD_StdItfReq
 .text.USBD_StdEPReq
                0x08004a54      0x160 ./Middlewares/ST/STM32_USB_Device_Library/Core/Src/usbd_ctlreq.o
                0x08004a54                USBD_StdEPReq
 .text.USBD_ParseSetupRequest
                0x08004bb4       0x18 ./Middlewares/ST/STM32_USB_Device_Library/Core/Src/usbd_ctlreq.o
                0x08004bb4                USBD_ParseSetupRequest
 .text.USBD_CtlError
                0x08004bcc       0x18 ./Middlewares/ST/STM32_USB_Device_Library/Core/Src/usbd_ctlreq.o
                0x08004bcc                USBD_CtlError
 .text.USBD_GetString
                0x08004be4       0x50 ./Middlewares/ST/STM32_USB_Device_Library/Core/Src/usbd_ctlreq.o
                0x08004be4                USBD_GetString
 .text.USBD_CtlSendData
                0x08004c34       0x1c ./Middlewares/ST/STM32_USB_Device_Library/Core/Src/usbd_ioreq.o
                0x08004c34                USBD_CtlSendData
 .text.USBD_CtlContinueSendData
                0x08004c50       0x10 ./Middlewares/ST/STM32_USB_Device_Library/Core/Src/usbd_ioreq.o
                0x08004c50                USBD_CtlContinueSendData
 .text.USBD_CtlPrepareRx
                0x08004c60       0x1c ./Middlewares/ST/STM32_USB_Device_Library/Core/Src/usbd_ioreq.o
                0x08004c60                USBD_CtlPrepareRx
 .text.USBD_CtlContinueRx
                0x08004c7c       0x10 ./Middlewares/ST/STM32_USB_Device_Library/Core/Src/usbd_ioreq.o
                0x08004c7c                USBD_CtlContinueRx
 .text.USBD_CtlSendStatus
                0x08004c8c       0x18 ./Middlewares/ST/STM32_USB_Device_Library/Core/Src/usbd_ioreq.o
                0x08004c8c                USBD_CtlSendStatus
 .text.USBD_CtlReceiveStatus
                0x08004ca4       0x18 ./Middlewares/ST/STM32_USB_Device_Library/Core/Src/usbd_ioreq.o
                0x08004ca4                USBD_CtlReceiveStatus
 .text.MX_USB_DEVICE_Init
                0x08004cbc       0x74 ./USB_DEVICE/App/usb_device.o
                0x08004cbc                MX_USB_DEVICE_Init
 .text.AUDIO_Init_FS
                0x08004d30        0x4 ./USB_DEVICE/App/usbd_audio_if.o
 .text.AUDIO_DeInit_FS
                0x08004d34        0x4 ./USB_DEVICE/App/usbd_audio_if.o
 .text.AUDIO_VolumeCtl_FS
                0x08004d38        0x4 ./USB_DEVICE/App/usbd_audio_if.o
 .text.AUDIO_PeriodicTC_FS
                0x08004d3c       0x70 ./USB_DEVICE/App/usbd_audio_if.o
 .text.AUDIO_GetState_FS
                0x08004dac        0x4 ./USB_DEVICE/App/usbd_audio_if.o
 .text.AUDIO_AudioCmd_FS
                0x08004db0       0x9c ./USB_DEVICE/App/usbd_audio_if.o
 .text.AUDIO_MuteCtl_FS
                0x08004e4c        0x4 ./USB_DEVICE/App/usbd_audio_if.o
 .text.DSP_Process_Upsample
                0x08004e50       0xa4 ./USB_DEVICE/App/usbd_audio_if.o
                0x08004e50                DSP_Process_Upsample
 .text.USBD_FS_DeviceDescriptor
                0x08004ef4        0xc ./USB_DEVICE/App/usbd_desc.o
                0x08004ef4                USBD_FS_DeviceDescriptor
 .text.USBD_FS_LangIDStrDescriptor
                0x08004f00        0xc ./USB_DEVICE/App/usbd_desc.o
                0x08004f00                USBD_FS_LangIDStrDescriptor
 .text.USBD_FS_ManufacturerStrDescriptor
                0x08004f0c       0x1c ./USB_DEVICE/App/usbd_desc.o
                0x08004f0c                USBD_FS_ManufacturerStrDescriptor
 .text.USBD_FS_ProductStrDescriptor
                0x08004f28       0x1c ./USB_DEVICE/App/usbd_desc.o
                0x08004f28                USBD_FS_ProductStrDescriptor
 .text.USBD_FS_ConfigStrDescriptor
                0x08004f44       0x1c ./USB_DEVICE/App/usbd_desc.o
                0x08004f44                USBD_FS_ConfigStrDescriptor
 .text.USBD_FS_InterfaceStrDescriptor
                0x08004f60       0x1c ./USB_DEVICE/App/usbd_desc.o
                0x08004f60                USBD_FS_InterfaceStrDescriptor
 .text.USBD_FS_SerialStrDescriptor
                0x08004f7c      0x150 ./USB_DEVICE/App/usbd_desc.o
                0x08004f7c                USBD_FS_SerialStrDescriptor
 .text.HAL_PCD_MspInit
                0x080050cc       0x60 ./USB_DEVICE/Target/usbd_conf.o
                0x080050cc                HAL_PCD_MspInit
 .text.HAL_PCD_SetupStageCallback
                0x0800512c        0xc ./USB_DEVICE/Target/usbd_conf.o
                0x0800512c                HAL_PCD_SetupStageCallback
 .text.HAL_PCD_DataOutStageCallback
                0x08005138       0x14 ./USB_DEVICE/Target/usbd_conf.o
                0x08005138                HAL_PCD_DataOutStageCallback
 .text.HAL_PCD_DataInStageCallback
                0x0800514c       0x14 ./USB_DEVICE/Target/usbd_conf.o
                0x0800514c                HAL_PCD_DataInStageCallback
 .text.HAL_PCD_SOFCallback
                0x08005160        0x8 ./USB_DEVICE/Target/usbd_conf.o
                0x08005160                HAL_PCD_SOFCallback
 .text.HAL_PCD_ResetCallback
                0x08005168       0x24 ./USB_DEVICE/Target/usbd_conf.o
                0x08005168                HAL_PCD_ResetCallback
 .text.HAL_PCD_SuspendCallback
                0x0800518c       0x20 ./USB_DEVICE/Target/usbd_conf.o
                0x0800518c                HAL_PCD_SuspendCallback
 .text.HAL_PCD_ResumeCallback
                0x080051ac       0x34 ./USB_DEVICE/Target/usbd_conf.o
                0x080051ac                HAL_PCD_ResumeCallback
 .text.USBD_LL_Init
                0x080051e0       0x84 ./USB_DEVICE/Target/usbd_conf.o
                0x080051e0                USBD_LL_Init
 .text.USBD_LL_Start
                0x08005264       0x18 ./USB_DEVICE/Target/usbd_conf.o
                0x08005264                USBD_LL_Start
 .text.USBD_LL_OpenEP
                0x0800527c       0x1c ./USB_DEVICE/Target/usbd_conf.o
                0x0800527c                USBD_LL_OpenEP
 .text.USBD_LL_CloseEP
                0x08005298       0x18 ./USB_DEVICE/Target/usbd_conf.o
                0x08005298                USBD_LL_CloseEP
 .text.USBD_LL_StallEP
                0x080052b0       0x18 ./USB_DEVICE/Target/usbd_conf.o
                0x080052b0                USBD_LL_StallEP
 .text.USBD_LL_ClearStallEP
                0x080052c8       0x18 ./USB_DEVICE/Target/usbd_conf.o
                0x080052c8                USBD_LL_ClearStallEP
 .text.USBD_LL_IsStallEP
                0x080052e0       0x28 ./USB_DEVICE/Target/usbd_conf.o
                0x080052e0                USBD_LL_IsStallEP
 .text.USBD_LL_SetUSBAddress
                0x08005308       0x18 ./USB_DEVICE/Target/usbd_conf.o
                0x08005308                USBD_LL_SetUSBAddress
 .text.USBD_LL_Transmit
                0x08005320       0x18 ./USB_DEVICE/Target/usbd_conf.o
                0x08005320                USBD_LL_Transmit
 .text.USBD_LL_PrepareReceive
                0x08005338       0x18 ./USB_DEVICE/Target/usbd_conf.o
                0x08005338                USBD_LL_PrepareReceive
 .text.USBD_LL_GetRxDataSize
                0x08005350        0x8 ./USB_DEVICE/Target/usbd_conf.o
                0x08005350                USBD_LL_GetRxDataSize
 .text.USBD_static_malloc
                0x08005358        0x8 ./USB_DEVICE/Target/usbd_conf.o
                0x08005358                USBD_static_malloc
 .text.USBD_static_free
                0x08005360        0x4 ./USB_DEVICE/Target/usbd_conf.o
                0x08005360                USBD_static_free
 .text.arm_fir_interpolate_init_f32
                0x08005364       0x38 C:\Users\yosaha\STM32Cube\Repository\STM32Cube_FW_L4_V1.18.0\Drivers\CMSIS\DSP\Lib\GCC\libarm_cortexM4lf_math.a(arm_fir_interpolate_init_f32.o)
                0x08005364                arm_fir_interpolate_init_f32
 .text.arm_fir_interpolate_f32
                0x0800539c      0x434 C:\Users\yosaha\STM32Cube\Repository\STM32Cube_FW_L4_V1.18.0\Drivers\CMSIS\DSP\Lib\GCC\libarm_cortexM4lf_math.a(arm_fir_interpolate_f32.o)
                0x0800539c                arm_fir_interpolate_f32
 .text.memset   0x080057d0       0x10 C:/ST/STM32CubeIDE_1.19.0/STM32CubeIDE/plugins/com.st.stm32cube.ide.mcu.externaltools.gnu-tools-for-stm32.13.3.rel1.win32_1.0.0.202411081344/tools/bin/../lib/gcc/arm-none-eabi/13.3.1/../../../../arm-none-eabi/lib/thumb/v7e-m+fp/hard\libc_nano.a(libc_a-memset.o)
                0x080057d0                memset
 .text.__libc_init_array
                0x080057e0       0x48 C:/ST/STM32CubeIDE_1.19.0/STM32CubeIDE/plugins/com.st.stm32cube.ide.mcu.externaltools.gnu-tools-for-stm32.13.3.rel1.win32_1.0.0.202411081344/tools/bin/../lib/gcc/arm-none-eabi/13.3.1/../../../../arm-none-eabi/lib/thumb/v7e-m+fp/hard\libc_nano.a(libc_a-init.o)
                0x080057e0                __libc_init_array
 *(.glue_7)
 .glue_7        0x08005828        0x0 linker stubs
 *(.glue_7t)
 .glue_7t       0x08005828        0x0 linker stubs
 *(.eh_frame)
 .eh_frame      0x08005828        0x0 C:/ST/STM32CubeIDE_1.19.0/STM32CubeIDE/plugins/com.st.stm32cube.ide.mcu.externaltools.gnu-tools-for-stm32.13.3.rel1.win32_1.0.0.202411081344/tools/bin/../lib/gcc/arm-none-eabi/13.3.1/thumb/v7e-m+fp/hard/crtbegin.o
 *(.init)
 .init          0x08005828        0x4 C:/ST/STM32CubeIDE_1.19.0/STM32CubeIDE/plugins/com.st.stm32cube.ide.mcu.externaltools.gnu-tools-for-stm32.13.3.rel1.win32_1.0.0.202411081344/tools/bin/../lib/gcc/arm-none-eabi/13.3.1/thumb/v7e-m+fp/hard/crti.o
                0x08005828                _init
 .init          0x0800582c        0x8 C:/ST/STM32CubeIDE_1.19.0/STM32CubeIDE/plugins/com.st.stm32cube.ide.mcu.externaltools.gnu-tools-for-stm32.13.3.rel1.win32_1.0.0.202411081344/tools/bin/../lib/gcc/arm-none-eabi/13.3.1/thumb/v7e-m+fp/hard/crtn.o
 *(.fini)
 .fini          0x08005834        0x4 C:/ST/STM32CubeIDE_1.19.0/STM32CubeIDE/plugins/com.st.stm32cube.ide.mcu.externaltools.gnu-tools-for-stm32.13.3.rel1.win32_1.0.0.202411081344/tools/bin/../lib/gcc/arm-none-eabi/13.3.1/thumb/v7e-m+fp/hard/crti.o
                0x08005834                _fini
 .fini          0x08005838        0x8 C:/ST/STM32CubeIDE_1.19.0/STM32CubeIDE/plugins/com.st.stm32cube.ide.mcu.externaltools.gnu-tools-for-stm32.13.3.rel1.win32_1.0.0.202411081344/tools/bin/../lib/gcc/arm-none-eabi/13.3.1/thumb/v7e-m+fp/hard/crtn.o
                0x08005840                        . = ALIGN (0x4)
                0x08005840                        _etext = .

.vfp11_veneer   0x08005840        0x0
 .vfp11_veneer  0x08005840        0x0 linker stubs

.v4_bx          0x08005840        0x0
 .v4_bx         0x08005840        0x0 linker stubs

.iplt           0x08005840        0x0
 .iplt          0x08005840        0x0 C:/ST/STM32CubeIDE_1.19.0/STM32CubeIDE/plugins/com.st.stm32cube.ide.mcu.externaltools.gnu-tools-for-stm32.13.3.rel1.win32_1.0.0.202411081344/tools/bin/../lib/gcc/arm-none-eabi/13.3.1/thumb/v7e-m+fp/hard/crtbegin.o

.rodata         0x08005840      0x18c
                0x08005840                        . = ALIGN (0x4)
 *(.rodata)
 *(.rodata*)
 .rodata.MSIRangeTable
                0x08005840       0x30 ./Core/Src/system_stm32l4xx.o
                0x08005840                MSIRangeTable
 .rodata.APBPrescTable
                0x08005870        0x8 ./Core/Src/system_stm32l4xx.o
                0x08005870                APBPrescTable
 .rodata.AHBPrescTable
                0x08005878       0x10 ./Core/Src/system_stm32l4xx.o
                0x08005878                AHBPrescTable
 .rodata.fir_coeffs
                0x08005888      0x100 ./USB_DEVICE/App/usbd_audio_if.o
                0x08005888                fir_coeffs
 .rodata.USBD_FS_ManufacturerStrDescriptor.str1.4
                0x08005988       0x44 ./USB_DEVICE/App/usbd_desc.o
                                 0x13 (size before relaxing)
 .rodata.USBD_FS_ProductStrDescriptor.str1.4
                0x080059cc        0xe ./USB_DEVICE/App/usbd_desc.o
 .rodata.USBD_FS_ConfigStrDescriptor.str1.4
                0x080059cc        0xd ./USB_DEVICE/App/usbd_desc.o
 .rodata.USBD_FS_InterfaceStrDescriptor.str1.4
                0x080059cc       0x10 ./USB_DEVICE/App/usbd_desc.o
                0x080059dc                        . = ALIGN (0x4)

.ARM.extab      0x080059cc        0x0
                0x080059cc                        . = ALIGN (0x4)
 *(.ARM.extab* .gnu.linkonce.armextab.*)
                0x080059cc                        . = ALIGN (0x4)

.ARM            0x080059cc        0x8
                0x080059cc                        . = ALIGN (0x4)
                0x080059cc                        __exidx_start = .
 *(.ARM.exidx*)
 .ARM.exidx     0x080059cc        0x8 C:/ST/STM32CubeIDE_1.19.0/STM32CubeIDE/plugins/com.st.stm32cube.ide.mcu.externaltools.gnu-tools-for-stm32.13.3.rel1.win32_1.0.0.202411081344/tools/bin/../lib/gcc/arm-none-eabi/13.3.1/../../../../arm-none-eabi/lib/thumb/v7e-m+fp/hard\libc_nano.a(libc_a-strlen.o)
                0x080059d4                        __exidx_end = .
                0x080059d4                        . = ALIGN (0x4)

.preinit_array  0x080059d4        0x0
                0x080059d4                        . = ALIGN (0x4)
                0x080059d4                        PROVIDE (__preinit_array_start = .)
 *(.preinit_array*)
                0x080059d4                        PROVIDE (__preinit_array_end = .)
                0x080059d4                        . = ALIGN (0x4)

.init_array     0x080059d4        0x4
                0x080059d4                        . = ALIGN (0x4)
                0x080059d4                        PROVIDE (__init_array_start = .)
 *(SORT_BY_NAME(.init_array.*))
 *(.init_array*)
 .init_array    0x080059d4        0x4 C:/ST/STM32CubeIDE_1.19.0/STM32CubeIDE/plugins/com.st.stm32cube.ide.mcu.externaltools.gnu-tools-for-stm32.13.3.rel1.win32_1.0.0.202411081344/tools/bin/../lib/gcc/arm-none-eabi/13.3.1/thumb/v7e-m+fp/hard/crtbegin.o
                0x080059d8                        PROVIDE (__init_array_end = .)
                0x080059d8                        . = ALIGN (0x4)

.fini_array     0x080059d8        0x4
                0x080059d8                        . = ALIGN (0x4)
                [!provide]                        PROVIDE (__fini_array_start = .)
 *(SORT_BY_NAME(.fini_array.*))
 *(.fini_array*)
 .fini_array    0x080059d8        0x4 C:/ST/STM32CubeIDE_1.19.0/STM32CubeIDE/plugins/com.st.stm32cube.ide.mcu.externaltools.gnu-tools-for-stm32.13.3.rel1.win32_1.0.0.202411081344/tools/bin/../lib/gcc/arm-none-eabi/13.3.1/thumb/v7e-m+fp/hard/crtbegin.o
                [!provide]                        PROVIDE (__fini_array_end = .)
                0x080059dc                        . = ALIGN (0x4)
                0x080059dc                        _sidata = LOADADDR (.data)

.rel.dyn        0x080059dc        0x0
 .rel.iplt      0x080059dc        0x0 C:/ST/STM32CubeIDE_1.19.0/STM32CubeIDE/plugins/com.st.stm32cube.ide.mcu.externaltools.gnu-tools-for-stm32.13.3.rel1.win32_1.0.0.202411081344/tools/bin/../lib/gcc/arm-none-eabi/13.3.1/thumb/v7e-m+fp/hard/crtbegin.o

.data           0x20000000      0x13c load address 0x080059dc
                0x20000000                        . = ALIGN (0x4)
                0x20000000                        _sdata = .
 *(.data)
 *(.data*)
 .data.SystemCoreClock
                0x20000000        0x4 ./Core/Src/system_stm32l4xx.o
                0x20000000                SystemCoreClock
 .data.uwTickFreq
                0x20000004        0x1 ./Drivers/STM32L4xx_HAL_Driver/Src/stm32l4xx_hal.o
                0x20000004                uwTickFreq
 *fill*         0x20000005        0x3 
 .data.uwTickPrio
                0x20000008        0x4 ./Drivers/STM32L4xx_HAL_Driver/Src/stm32l4xx_hal.o
                0x20000008                uwTickPrio
 .data.USBD_AUDIO_DeviceQualifierDesc
                0x2000000c        0xa ./Middlewares/ST/STM32_USB_Device_Library/Class/AUDIO/Src/usbd_audio.o
 *fill*         0x20000016        0x2 
 .data.USBD_AUDIO_CfgDesc
                0x20000018       0x76 ./Middlewares/ST/STM32_USB_Device_Library/Class/AUDIO/Src/usbd_audio.o
 *fill*         0x2000008e        0x2 
 .data.USBD_AUDIO
                0x20000090       0x38 ./Middlewares/ST/STM32_USB_Device_Library/Class/AUDIO/Src/usbd_audio.o
                0x20000090                USBD_AUDIO
 .data.ema_stored_x256
                0x200000c8        0x4 ./Middlewares/ST/STM32_USB_Device_Library/Class/AUDIO/Src/usbd_audio.o
 .data.feedback_data
                0x200000cc        0x3 ./Middlewares/ST/STM32_USB_Device_Library/Class/AUDIO/Src/usbd_audio.o
                0x200000cc                feedback_data
 *fill*         0x200000cf        0x1 
 .data.USBD_AUDIO_fops_FS
                0x200000d0       0x1c ./USB_DEVICE/App/usbd_audio_if.o
                0x200000d0                USBD_AUDIO_fops_FS
 .data.USBD_StringSerial
                0x200000ec       0x1a ./USB_DEVICE/App/usbd_desc.o
                0x200000ec                USBD_StringSerial
 *fill*         0x20000106        0x2 
 .data.USBD_LangIDDesc
                0x20000108        0x4 ./USB_DEVICE/App/usbd_desc.o
                0x20000108                USBD_LangIDDesc
 .data.USBD_FS_DeviceDesc
                0x2000010c       0x12 ./USB_DEVICE/App/usbd_desc.o
                0x2000010c                USBD_FS_DeviceDesc
 *fill*         0x2000011e        0x2 
 .data.FS_Desc  0x20000120       0x1c ./USB_DEVICE/App/usbd_desc.o
                0x20000120                FS_Desc
 *(.RamFunc)
 *(.RamFunc*)
                0x2000013c                        . = ALIGN (0x4)
                0x2000013c                        _edata = .

.igot.plt       0x2000013c        0x0 load address 0x08005b18
 .igot.plt      0x2000013c        0x0 C:/ST/STM32CubeIDE_1.19.0/STM32CubeIDE/plugins/com.st.stm32cube.ide.mcu.externaltools.gnu-tools-for-stm32.13.3.rel1.win32_1.0.0.202411081344/tools/bin/../lib/gcc/arm-none-eabi/13.3.1/thumb/v7e-m+fp/hard/crtbegin.o
                0x2000013c                        . = ALIGN (0x4)

.bss            0x20000140     0x7300 load address 0x08005b18
                0x20000140                        _sbss = .
                0x20000140                        __bss_start__ = _sbss
 *(.bss)
 .bss           0x20000140       0x1c C:/ST/STM32CubeIDE_1.19.0/STM32CubeIDE/plugins/com.st.stm32cube.ide.mcu.externaltools.gnu-tools-for-stm32.13.3.rel1.win32_1.0.0.202411081344/tools/bin/../lib/gcc/arm-none-eabi/13.3.1/thumb/v7e-m+fp/hard/crtbegin.o
 *(.bss*)
 .bss.read_pos  0x2000015c        0x4 ./Core/Src/main.o
                0x2000015c                read_pos
 .bss.write_pos
                0x20000160        0x4 ./Core/Src/main.o
                0x20000160                write_pos
 .bss.ringbuf   0x20000164     0x2000 ./Core/Src/main.o
                0x20000164                ringbuf
 .bss.audio_buf
                0x20002164      0x400 ./Core/Src/main.o
                0x20002164                audio_buf
 .bss.hdma_sai1_b
                0x20002564       0x48 ./Core/Src/main.o
                0x20002564                hdma_sai1_b
 *fill*         0x200025ac        0x4 
 .bss.hsai_BlockB1
                0x200025b0       0x84 ./Core/Src/main.o
                0x200025b0                hsai_BlockB1
 .bss.SAI1_client
                0x20002634        0x4 ./Core/Src/stm32l4xx_hal_msp.o
 .bss.uwTick    0x20002638        0x4 ./Drivers/STM32L4xx_HAL_Driver/Src/stm32l4xx_hal.o
                0x20002638                uwTick
 .bss.integral_error
                0x2000263c        0x4 ./Middlewares/ST/STM32_USB_Device_Library/Class/AUDIO/Src/usbd_audio.o
 .bss.usb_rx_temp_buffer
                0x20002640       0xc8 ./Middlewares/ST/STM32_USB_Device_Library/Class/AUDIO/Src/usbd_audio.o
                0x20002640                usb_rx_temp_buffer
 .bss.cfgidx.0  0x20002708        0x1 ./Middlewares/ST/STM32_USB_Device_Library/Core/Src/usbd_ctlreq.o
 *fill*         0x20002709        0x3 
 .bss.hUsbDeviceFS
                0x2000270c      0x2dc ./USB_DEVICE/App/usb_device.o
                0x2000270c                hUsbDeviceFS
 .bss.float_out_R
                0x200029e8      0x200 ./USB_DEVICE/App/usbd_audio_if.o
                0x200029e8                float_out_R
 .bss.float_out_L
                0x20002be8      0x200 ./USB_DEVICE/App/usbd_audio_if.o
                0x20002be8                float_out_L
 .bss.float_in_R
                0x20002de8      0x100 ./USB_DEVICE/App/usbd_audio_if.o
                0x20002de8                float_in_R
 .bss.float_in_L
                0x20002ee8      0x100 ./USB_DEVICE/App/usbd_audio_if.o
                0x20002ee8                float_in_L
 .bss.fir_state_R
                0x20002fe8      0x17c ./USB_DEVICE/App/usbd_audio_if.o
                0x20002fe8                fir_state_R
 .bss.fir_state_L
                0x20003164      0x17c ./USB_DEVICE/App/usbd_audio_if.o
                0x20003164                fir_state_L
 .bss.S_Right   0x200032e0        0xc ./USB_DEVICE/App/usbd_audio_if.o
                0x200032e0                S_Right
 .bss.S_Left    0x200032ec        0xc ./USB_DEVICE/App/usbd_audio_if.o
                0x200032ec                S_Left
 .bss.USBD_StrDesc
                0x200032f8      0x200 ./USB_DEVICE/App/usbd_desc.o
                0x200032f8                USBD_StrDesc
 .bss.mem.0     0x200034f8     0x3c50 ./USB_DEVICE/Target/usbd_conf.o
 .bss.hpcd_USB_FS
                0x20007148      0x2f8 ./USB_DEVICE/Target/usbd_conf.o
                0x20007148                hpcd_USB_FS
 *(COMMON)
                0x20007440                        . = ALIGN (0x4)
                0x20007440                        _ebss = .
                0x20007440                        __bss_end__ = _ebss

._user_heap_stack
                0x20007440     0x1000 load address 0x08005b18
                0x20007440                        . = ALIGN (0x8)
                [!provide]                        PROVIDE (end = .)
                0x20007440                        PROVIDE (_end = .)
                0x20007c40                        . = (. + _Min_Heap_Size)
 *fill*         0x20007440      0x800 
                0x20008440                        . = (. + _Min_Stack_Size)
 *fill*         0x20007c40      0x800 
                0x20008440                        . = ALIGN (0x8)

/DISCARD/
 libc.a(*)
 libm.a(*)
 libgcc.a(*)

.ARM.attributes
                0x00000000       0x30
 *(.ARM.attributes)
 .ARM.attributes
                0x00000000       0x22 C:/ST/STM32CubeIDE_1.19.0/STM32CubeIDE/plugins/com.st.stm32cube.ide.mcu.externaltools.gnu-tools-for-stm32.13.3.rel1.win32_1.0.0.202411081344/tools/bin/../lib/gcc/arm-none-eabi/13.3.1/thumb/v7e-m+fp/hard/crti.o
 .ARM.attributes
                0x00000022       0x34 C:/ST/STM32CubeIDE_1.19.0/STM32CubeIDE/plugins/com.st.stm32cube.ide.mcu.externaltools.gnu-tools-for-stm32.13.3.rel1.win32_1.0.0.202411081344/tools/bin/../lib/gcc/arm-none-eabi/13.3.1/thumb/v7e-m+fp/hard/crtbegin.o
 .ARM.attributes
                0x00000056       0x30 ./Core/Src/main.o
 .ARM.attributes
                0x00000086       0x30 ./Core/Src/stm32l4xx_hal_msp.o
 .ARM.attributes
                0x000000b6       0x30 ./Core/Src/stm32l4xx_it.o
 .ARM.attributes
                0x000000e6       0x30 ./Core/Src/system_stm32l4xx.o
 .ARM.attributes
                0x00000116       0x21 ./Core/Startup/startup_stm32l433rctx.o
 .ARM.attributes
                0x00000137       0x30 ./Drivers/STM32L4xx_HAL_Driver/Src/stm32l4xx_hal.o
 .ARM.attributes
                0x00000167       0x30 ./Drivers/STM32L4xx_HAL_Driver/Src/stm32l4xx_hal_cortex.o
 .ARM.attributes
                0x00000197       0x30 ./Drivers/STM32L4xx_HAL_Driver/Src/stm32l4xx_hal_dma.o
 .ARM.attributes
                0x000001c7       0x30 ./Drivers/STM32L4xx_HAL_Driver/Src/stm32l4xx_hal_gpio.o
 .ARM.attributes
                0x000001f7       0x30 ./Drivers/STM32L4xx_HAL_Driver/Src/stm32l4xx_hal_pcd.o
 .ARM.attributes
                0x00000227       0x30 ./Drivers/STM32L4xx_HAL_Driver/Src/stm32l4xx_hal_pcd_ex.o
 .ARM.attributes
                0x00000257       0x30 ./Drivers/STM32L4xx_HAL_Driver/Src/stm32l4xx_hal_pwr_ex.o
 .ARM.attributes
                0x00000287       0x30 ./Drivers/STM32L4xx_HAL_Driver/Src/stm32l4xx_hal_rcc.o
 .ARM.attributes
                0x000002b7       0x30 ./Drivers/STM32L4xx_HAL_Driver/Src/stm32l4xx_hal_rcc_ex.o
 .ARM.attributes
                0x000002e7       0x30 ./Drivers/STM32L4xx_HAL_Driver/Src/stm32l4xx_hal_sai.o
 .ARM.attributes
                0x00000317       0x30 ./Drivers/STM32L4xx_HAL_Driver/Src/stm32l4xx_ll_usb.o
 .ARM.attributes
                0x00000347       0x30 ./Middlewares/ST/STM32_USB_Device_Library/Class/AUDIO/Src/usbd_audio.o
 .ARM.attributes
                0x00000377       0x30 ./Middlewares/ST/STM32_USB_Device_Library/Core/Src/usbd_core.o
 .ARM.attributes
                0x000003a7       0x30 ./Middlewares/ST/STM32_USB_Device_Library/Core/Src/usbd_ctlreq.o
 .ARM.attributes
                0x000003d7       0x30 ./Middlewares/ST/STM32_USB_Device_Library/Core/Src/usbd_ioreq.o
 .ARM.attributes
                0x00000407       0x30 ./USB_DEVICE/App/usb_device.o
 .ARM.attributes
                0x00000437       0x30 ./USB_DEVICE/App/usbd_audio_if.o
 .ARM.attributes
                0x00000467       0x30 ./USB_DEVICE/App/usbd_desc.o
 .ARM.attributes
                0x00000497       0x30 ./USB_DEVICE/Target/usbd_conf.o
 .ARM.attributes
                0x000004c7       0x34 C:\Users\yosaha\STM32Cube\Repository\STM32Cube_FW_L4_V1.18.0\Drivers\CMSIS\DSP\Lib\GCC\libarm_cortexM4lf_math.a(arm_fir_interpolate_init_f32.o)
 .ARM.attributes
                0x000004fb       0x34 C:\Users\yosaha\STM32Cube\Repository\STM32Cube_FW_L4_V1.18.0\Drivers\CMSIS\DSP\Lib\GCC\libarm_cortexM4lf_math.a(arm_fir_interpolate_f32.o)
 .ARM.attributes
                0x0000052f       0x34 C:/ST/STM32CubeIDE_1.19.0/STM32CubeIDE/plugins/com.st.stm32cube.ide.mcu.externaltools.gnu-tools-for-stm32.13.3.rel1.win32_1.0.0.202411081344/tools/bin/../lib/gcc/arm-none-eabi/13.3.1/../../../../arm-none-eabi/lib/thumb/v7e-m+fp/hard\libc_nano.a(libc_a-memset.o)
 .ARM.attributes
                0x00000563       0x34 C:/ST/STM32CubeIDE_1.19.0/STM32CubeIDE/plugins/com.st.stm32cube.ide.mcu.externaltools.gnu-tools-for-stm32.13.3.rel1.win32_1.0.0.202411081344/tools/bin/../lib/gcc/arm-none-eabi/13.3.1/../../../../arm-none-eabi/lib/thumb/v7e-m+fp/hard\libc_nano.a(libc_a-init.o)
 .ARM.attributes
                0x00000597       0x17 C:/ST/STM32CubeIDE_1.19.0/STM32CubeIDE/plugins/com.st.stm32cube.ide.mcu.externaltools.gnu-tools-for-stm32.13.3.rel1.win32_1.0.0.202411081344/tools/bin/../lib/gcc/arm-none-eabi/13.3.1/../../../../arm-none-eabi/lib/thumb/v7e-m+fp/hard\libc_nano.a(libc_a-strlen.o)
 .ARM.attributes
                0x000005ae       0x22 C:/ST/STM32CubeIDE_1.19.0/STM32CubeIDE/plugins/com.st.stm32cube.ide.mcu.externaltools.gnu-tools-for-stm32.13.3.rel1.win32_1.0.0.202411081344/tools/bin/../lib/gcc/arm-none-eabi/13.3.1/thumb/v7e-m+fp/hard/crtn.o
OUTPUT(SHIRAYURI-DAC.elf elf32-littlearm)
LOAD linker stubs
LOAD C:/ST/STM32CubeIDE_1.19.0/STM32CubeIDE/plugins/com.st.stm32cube.ide.mcu.externaltools.gnu-tools-for-stm32.13.3.rel1.win32_1.0.0.202411081344/tools/bin/../lib/gcc/arm-none-eabi/13.3.1/../../../../arm-none-eabi/lib/thumb/v7e-m+fp/hard\libc.a
LOAD C:/ST/STM32CubeIDE_1.19.0/STM32CubeIDE/plugins/com.st.stm32cube.ide.mcu.externaltools.gnu-tools-for-stm32.13.3.rel1.win32_1.0.0.202411081344/tools/bin/../lib/gcc/arm-none-eabi/13.3.1/../../../../arm-none-eabi/lib/thumb/v7e-m+fp/hard\libm.a
LOAD C:/ST/STM32CubeIDE_1.19.0/STM32CubeIDE/plugins/com.st.stm32cube.ide.mcu.externaltools.gnu-tools-for-stm32.13.3.rel1.win32_1.0.0.202411081344/tools/bin/../lib/gcc/arm-none-eabi/13.3.1/thumb/v7e-m+fp/hard\libgcc.a

.comment        0x00000000       0xb8
 .comment       0x00000000       0xb8 ./Core/Src/main.o
                                 0x44 (size before relaxing)
 .comment       0x000000b8       0x44 ./Core/Src/stm32l4xx_hal_msp.o
 .comment       0x000000b8       0x44 ./Core/Src/stm32l4xx_it.o
 .comment       0x000000b8       0x44 ./Core/Src/system_stm32l4xx.o
 .comment       0x000000b8       0x44 ./Drivers/STM32L4xx_HAL_Driver/Src/stm32l4xx_hal.o
 .comment       0x000000b8       0x44 ./Drivers/STM32L4xx_HAL_Driver/Src/stm32l4xx_hal_cortex.o
 .comment       0x000000b8       0x44 ./Drivers/STM32L4xx_HAL_Driver/Src/stm32l4xx_hal_dma.o
 .comment       0x000000b8       0x44 ./Drivers/STM32L4xx_HAL_Driver/Src/stm32l4xx_hal_gpio.o
 .comment       0x000000b8       0x44 ./Drivers/STM32L4xx_HAL_Driver/Src/stm32l4xx_hal_pcd.o
 .comment       0x000000b8       0x44 ./Drivers/STM32L4xx_HAL_Driver/Src/stm32l4xx_hal_pcd_ex.o
 .comment       0x000000b8       0x44 ./Drivers/STM32L4xx_HAL_Driver/Src/stm32l4xx_hal_pwr_ex.o
 .comment       0x000000b8       0x44 ./Drivers/STM32L4xx_HAL_Driver/Src/stm32l4xx_hal_rcc.o
 .comment       0x000000b8       0x44 ./Drivers/STM32L4xx_HAL_Driver/Src/stm32l4xx_hal_rcc_ex.o
 .comment       0x000000b8       0x44 ./Drivers/STM32L4xx_HAL_Driver/Src/stm32l4xx_hal_sai.o
 .comment       0x000000b8       0x44 ./Drivers/STM32L4xx_HAL_Driver/Src/stm32l4xx_ll_usb.o
 .comment       0x000000b8       0x44 ./Middlewares/ST/STM32_USB_Device_Library/Class/AUDIO/Src/usbd_audio.o
 .comment       0x000000b8       0x44 ./Middlewares/ST/STM32_USB_Device_Library/Core/Src/usbd_core.o
 .comment       0x000000b8       0x44 ./Middlewares/ST/STM32_USB_Device_Library/Core/Src/usbd_ctlreq.o
 .comment       0x000000b8       0x44 ./Middlewares/ST/STM32_USB_Device_Library/Core/Src/usbd_ioreq.o
 .comment       0x000000b8       0x44 ./USB_DEVICE/App/usb_device.o
 .comment       0x000000b8       0x44 ./USB_DEVICE/App/usbd_audio_if.o
 .comment       0x000000b8       0x44 ./USB_DEVICE/App/usbd_desc.o
 .comment       0x000000b8       0x44 ./USB_DEVICE/Target/usbd_conf.o
 .comment       0x000000b8       0x76 C:\Users\yosaha\STM32Cube\Repository\STM32Cube_FW_L4_V1.18.0\Drivers\CMSIS\DSP\Lib\GCC\libarm_cortexM4lf_math.a(arm_fir_interpolate_init_f32.o)
 .comment       0x000000b8       0x76 C:\Users\yosaha\STM32Cube\Repository\STM32Cube_FW_L4_V1.18.0\Drivers\CMSIS\DSP\Lib\GCC\libarm_cortexM4lf_math.a(arm_fir_interpolate_f32.o)

.debug_info     0x00000000     0x1977
 .debug_info    0x00000000      0xc28 C:\Users\yosaha\STM32Cube\Repository\STM32Cube_FW_L4_V1.18.0\Drivers\CMSIS\DSP\Lib\GCC\libarm_cortexM4lf_math.a(arm_fir_interpolate_init_f32.o)
 .debug_info    0x00000c28      0xd4f C:\Users\yosaha\STM32Cube\Repository\STM32Cube_FW_L4_V1.18.0\Drivers\CMSIS\DSP\Lib\GCC\libarm_cortexM4lf_math.a(arm_fir_interpolate_f32.o)

.debug_abbrev   0x00000000      0x476
 .debug_abbrev  0x00000000      0x250 C:\Users\yosaha\STM32Cube\Repository\STM32Cube_FW_L4_V1.18.0\Drivers\CMSIS\DSP\Lib\GCC\libarm_cortexM4lf_math.a(arm_fir_interpolate_init_f32.o)
 .debug_abbrev  0x00000250      0x226 C:\Users\yosaha\STM32Cube\Repository\STM32Cube_FW_L4_V1.18.0\Drivers\CMSIS\DSP\Lib\GCC\libarm_cortexM4lf_math.a(arm_fir_interpolate_f32.o)

.debug_loc      0x00000000      0xe0c
 .debug_loc     0x00000000      0x189 C:\Users\yosaha\STM32Cube\Repository\STM32Cube_FW_L4_V1.18.0\Drivers\CMSIS\DSP\Lib\GCC\libarm_cortexM4lf_math.a(arm_fir_interpolate_init_f32.o)
 .debug_loc     0x00000189      0xc83 C:\Users\yosaha\STM32Cube\Repository\STM32Cube_FW_L4_V1.18.0\Drivers\CMSIS\DSP\Lib\GCC\libarm_cortexM4lf_math.a(arm_fir_interpolate_f32.o)

.debug_aranges  0x00000000       0x40
 .debug_aranges
                0x00000000       0x20 C:\Users\yosaha\STM32Cube\Repository\STM32Cube_FW_L4_V1.18.0\Drivers\CMSIS\DSP\Lib\GCC\libarm_cortexM4lf_math.a(arm_fir_interpolate_init_f32.o)
 .debug_aranges
                0x00000020       0x20 C:\Users\yosaha\STM32Cube\Repository\STM32Cube_FW_L4_V1.18.0\Drivers\CMSIS\DSP\Lib\GCC\libarm_cortexM4lf_math.a(arm_fir_interpolate_f32.o)

.debug_ranges   0x00000000       0x20
 .debug_ranges  0x00000000       0x10 C:\Users\yosaha\STM32Cube\Repository\STM32Cube_FW_L4_V1.18.0\Drivers\CMSIS\DSP\Lib\GCC\libarm_cortexM4lf_math.a(arm_fir_interpolate_init_f32.o)
 .debug_ranges  0x00000010       0x10 C:\Users\yosaha\STM32Cube\Repository\STM32Cube_FW_L4_V1.18.0\Drivers\CMSIS\DSP\Lib\GCC\libarm_cortexM4lf_math.a(arm_fir_interpolate_f32.o)

.debug_line     0x00000000      0x9b6
 .debug_line    0x00000000      0x2bb C:\Users\yosaha\STM32Cube\Repository\STM32Cube_FW_L4_V1.18.0\Drivers\CMSIS\DSP\Lib\GCC\libarm_cortexM4lf_math.a(arm_fir_interpolate_init_f32.o)
 .debug_line    0x000002bb      0x6fb C:\Users\yosaha\STM32Cube\Repository\STM32Cube_FW_L4_V1.18.0\Drivers\CMSIS\DSP\Lib\GCC\libarm_cortexM4lf_math.a(arm_fir_interpolate_f32.o)

.debug_str      0x00000000      0x7b6
 .debug_str     0x00000000      0x7b6 C:\Users\yosaha\STM32Cube\Repository\STM32Cube_FW_L4_V1.18.0\Drivers\CMSIS\DSP\Lib\GCC\libarm_cortexM4lf_math.a(arm_fir_interpolate_init_f32.o)
                                0x79d (size before relaxing)
 .debug_str     0x000007b6      0x721 C:\Users\yosaha\STM32Cube\Repository\STM32Cube_FW_L4_V1.18.0\Drivers\CMSIS\DSP\Lib\GCC\libarm_cortexM4lf_math.a(arm_fir_interpolate_f32.o)

.debug_frame    0x00000000       0xbc
 .debug_frame   0x00000000       0x30 C:\Users\yosaha\STM32Cube\Repository\STM32Cube_FW_L4_V1.18.0\Drivers\CMSIS\DSP\Lib\GCC\libarm_cortexM4lf_math.a(arm_fir_interpolate_init_f32.o)
 .debug_frame   0x00000030       0x40 C:\Users\yosaha\STM32Cube\Repository\STM32Cube_FW_L4_V1.18.0\Drivers\CMSIS\DSP\Lib\GCC\libarm_cortexM4lf_math.a(arm_fir_interpolate_f32.o)
 .debug_frame   0x00000070       0x20 C:/ST/STM32CubeIDE_1.19.0/STM32CubeIDE/plugins/com.st.stm32cube.ide.mcu.externaltools.gnu-tools-for-stm32.13.3.rel1.win32_1.0.0.202411081344/tools/bin/../lib/gcc/arm-none-eabi/13.3.1/../../../../arm-none-eabi/lib/thumb/v7e-m+fp/hard\libc_nano.a(libc_a-memset.o)
 .debug_frame   0x00000090       0x2c C:/ST/STM32CubeIDE_1.19.0/STM32CubeIDE/plugins/com.st.stm32cube.ide.mcu.externaltools.gnu-tools-for-stm32.13.3.rel1.win32_1.0.0.202411081344/tools/bin/../lib/gcc/arm-none-eabi/13.3.1/../../../../arm-none-eabi/lib/thumb/v7e-m+fp/hard\libc_nano.a(libc_a-init.o)
