../Middlewares/ST/STM32_USB_Device_Library/Class/AUDIO/Src/usbd_audio.c:611:17:USBD_AUDIO_GetCfgDesc	0	static
../Middlewares/ST/STM32_USB_Device_Library/Class/AUDIO/Src/usbd_audio.c:641:16:USBD_AUDIO_EP0_RxReady	8	static
../Middlewares/ST/STM32_USB_Device_Library/Class/AUDIO/Src/usbd_audio.c:671:16:USBD_AUDIO_EP0_TxReady	0	static
../Middlewares/ST/STM32_USB_Device_Library/Class/AUDIO/Src/usbd_audio.c:684:16:USBD_AUDIO_SOF	4	static
../Middlewares/ST/STM32_USB_Device_Library/Class/AUDIO/Src/usbd_audio.c:796:16:USBD_AUDIO_IsoINIncomplete	0	static
../Middlewares/ST/STM32_USB_Device_Library/Class/AUDIO/Src/usbd_audio.c:964:17:USBD_AUDIO_GetDeviceQualifierDesc	0	static
../Middlewares/ST/STM32_USB_Device_Library/Class/AUDIO/Src/usbd_audio.c:474:16:USBD_AUDIO_Setup	24	static
../Middlewares/ST/STM32_USB_Device_Library/Class/AUDIO/Src/usbd_audio.c:437:16:USBD_AUDIO_DeInit	16	static
../Middlewares/ST/STM32_USB_Device_Library/Class/AUDIO/Src/usbd_audio.c:370:16:USBD_AUDIO_Init	24	static
../Middlewares/ST/STM32_USB_Device_Library/Class/AUDIO/Src/usbd_audio.c:824:16:USBD_AUDIO_DataOut	16	static
../Middlewares/ST/STM32_USB_Device_Library/Class/AUDIO/Src/usbd_audio.c:625:16:USBD_AUDIO_DataIn	8	static
../Middlewares/ST/STM32_USB_Device_Library/Class/AUDIO/Src/usbd_audio.c:810:16:USBD_AUDIO_IsoOutIncomplete	0	static
../Middlewares/ST/STM32_USB_Device_Library/Class/AUDIO/Src/usbd_audio.c:727:6:USBD_AUDIO_Sync	16	static
../Middlewares/ST/STM32_USB_Device_Library/Class/AUDIO/Src/usbd_audio.c:977:9:USBD_AUDIO_RegisterInterface	0	static
